
  [39;41;1m FAIL [39;49;22m[39m Tests\Feature\ApiTest[39m
  [32;1mÔ£ô[39;22m[90m [39m[90mauth register[39m[90m                                                       [39m [90m0.37s[39m  
  [32;1mÔ£ô[39;22m[90m [39m[90mauth login[39m[90m                                                          [39m [90m0.08s[39m  
  [32;1mÔ£ô[39;22m[90m [39m[90mauth login invalid returns 422[39m[90m                                      [39m [90m0.07s[39m  
  [32;1mÔ£ô[39;22m[90m [39m[90mauth user[39m[90m                                                           [39m [90m0.07s[39m  
  [32;1mÔ£ô[39;22m[90m [39m[90mauth logout[39m[90m                                                         [39m [90m0.06s[39m  
  [32;1mÔ£ô[39;22m[90m [39m[90mauth requires authentication[39m[90m                                        [39m [90m0.07s[39m  
  [31;1mÔ¿»[39;22m[90m [39m[90mauthenticated user can list users[39m[90m                                   [39m [90m0.08s[39m  
  [32;1mÔ£ô[39;22m[90m [39m[90munauthenticated cannot list users[39m[90m                                   [39m [90m0.06s[39m  
  [31;1mÔ¿»[39;22m[90m [39m[90madmin can create user[39m[90m                                               [39m [90m0.08s[39m  
  [31;1mÔ¿»[39;22m[90m [39m[90madmin can update user[39m[90m                                               [39m [90m0.08s[39m  
  [31;1mÔ¿»[39;22m[90m [39m[90madmin can delete user[39m[90m                                               [39m [90m0.08s[39m  
  [32;1mÔ£ô[39;22m[90m [39m[90madmin can list roles[39m[90m                                                [39m [90m0.08s[39m  
  [32;1mÔ£ô[39;22m[90m [39m[90madmin can create role[39m[90m                                               [39m [90m0.08s[39m  
  [32;1mÔ£ô[39;22m[90m [39m[90madmin can list permissions[39m[90m                                          [39m [90m0.07s[39m  
  [31;1mÔ¿»[39;22m[90m [39m[90madmin can create service[39m[90m                                            [39m [90m0.08s[39m  
  [32;1mÔ£ô[39;22m[90m [39m[90mservice requires translated title[39m[90m                                   [39m [90m0.07s[39m  
  [31;1mÔ¿»[39;22m[90m [39m[90madmin can update service[39m[90m                                            [39m [90m0.08s[39m  
  [31;1mÔ¿»[39;22m[90m [39m[90madmin can delete service[39m[90m                                            [39m [90m0.08s[39m  
  [31;1mÔ¿»[39;22m[90m [39m[90mcan list services[39m[90m                                                   [39m [90m0.08s[39m  
  [31;1mÔ¿»[39;22m[90m [39m[90madmin can create project[39m[90m                                            [39m [90m0.10s[39m  
  [31;1mÔ¿»[39;22m[90m [39m[90madmin can update project[39m[90m                                            [39m [90m0.08s[39m  
  [31;1mÔ¿»[39;22m[90m [39m[90madmin can delete project[39m[90m                                            [39m [90m0.08s[39m  
  [31;1mÔ¿»[39;22m[90m [39m[90madmin can create testimonial[39m[90m                                        [39m [90m0.08s[39m  
  [31;1mÔ¿»[39;22m[90m [39m[90madmin can delete testimonial[39m[90m                                        [39m [90m0.08s[39m  
  [31;1mÔ¿»[39;22m[90m [39m[90madmin can create faq[39m[90m                                                [39m [90m0.08s[39m  
  [31;1mÔ¿»[39;22m[90m [39m[90madmin can delete faq[39m[90m                                                [39m [90m0.08s[39m  
  [31;1mÔ¿»[39;22m[90m [39m[90madmin can list settings[39m[90m                                             [39m [90m0.08s[39m  
  [31;1mÔ¿»[39;22m[90m [39m[90madmin can update setting[39m[90m                                            [39m [90m0.08s[39m  
  [31;1mÔ¿»[39;22m[90m [39m[90madmin can create email template[39m[90m                                     [39m [90m0.08s[39m  
  [32;1mÔ£ô[39;22m[90m [39m[90memail template render[39m[90m                                               [39m [90m0.08s[39m  
  [31;1mÔ¿»[39;22m[90m [39m[90madmin can delete email template[39m[90m                                     [39m [90m0.08s[39m  
  [32;1mÔ£ô[39;22m[90m [39m[90mauthenticated user can create contact message[39m[90m                       [39m [90m0.07s[39m  
  [32;1mÔ£ô[39;22m[90m [39m[90mcontact message requires valid email[39m[90m                                [39m [90m0.07s[39m  
  [32;1mÔ£ô[39;22m[90m [39m[90munauthenticated cannot create contact message[39m[90m                       [39m [90m0.07s[39m  
  [32;1mÔ£ô[39;22m[90m [39m[90madmin can list contact messages[39m[90m                                     [39m [90m0.07s[39m  
  [31;1mÔ¿»[39;22m[90m [39m[90mauthenticated user can list activity logs[39m[90m                           [39m [90m0.08s[39m  
  [32;1mÔ£ô[39;22m[90m [39m[90munauthenticated cannot list activity logs[39m[90m                           [39m [90m0.06s[39m  
  [31;1mÔ¿»[39;22m[90m [39m[90madmin can upload media[39m[90m                                              [39m [90m0.09s[39m  
  [31;1mÔ¿»[39;22m[90m [39m[90madmin can list media[39m[90m                                                [39m [90m0.08s[39m  
  [31;1mÔ¿»[39;22m[90m [39m[90madmin can update media metadata[39m[90m                                     [39m [90m0.08s[39m  
  [31;1mÔ¿»[39;22m[90m [39m[90madmin can delete media[39m[90m                                              [39m [90m0.08s[39m  
  [32;1mÔ£ô[39;22m[90m [39m[90mmedia requires file[39m[90m                                                 [39m [90m0.07s[39m  
  [32;1mÔ£ô[39;22m[90m [39m[90mlocalization metadata[39m[90m                                               [39m [90m0.06s[39m  
  [32;1mÔ£ô[39;22m[90m [39m[90mtranslations for valid locale[39m[90m                                       [39m [90m0.07s[39m  
  [32;1mÔ£ô[39;22m[90m [39m[90mtranslations for invalid locale[39m[90m                                     [39m [90m0.07s[39m  
  [32;1mÔ£ô[39;22m[90m [39m[90madmin can read admin translations[39m[90m                                   [39m [90m0.07s[39m  
  [32;1mÔ£ô[39;22m[90m [39m[90mnon admin cannot read admin translations[39m[90m                            [39m [90m0.07s[39m  
  [32;1mÔ£ô[39;22m[90m [39m[90mservice rejects empty title[39m[90m                                         [39m [90m0.07s[39m  
  [32;1mÔ£ô[39;22m[90m [39m[90mfaq rejects empty question[39m[90m                                          [39m [90m0.06s[39m  
  [31mÔöÇÔöÇÔöÇÔöÇÔöÇÔöÇÔöÇÔöÇÔöÇÔöÇÔöÇÔöÇÔöÇÔöÇÔöÇÔöÇÔöÇÔöÇÔöÇÔöÇÔöÇÔöÇÔöÇÔöÇÔöÇÔöÇÔöÇÔöÇÔöÇÔöÇÔöÇÔöÇÔöÇÔöÇÔöÇÔöÇÔöÇÔöÇÔöÇÔöÇÔöÇÔöÇÔöÇÔöÇÔöÇÔöÇÔöÇÔöÇÔöÇÔöÇÔöÇÔöÇÔöÇÔöÇÔöÇÔöÇÔöÇÔöÇÔöÇÔöÇÔöÇÔöÇÔöÇÔöÇÔöÇÔöÇÔöÇÔöÇÔöÇÔöÇÔöÇÔöÇÔöÇÔöÇÔöÇÔöÇ[39m  
  [41;1m FAILED [49;22m [1mTests\Feature\ApiTest[22m [90m>[39m authenticated user can list users            
[39;1m  Expected response status code [200] but received 500.
Failed asserting that 500 is identical to 200.

The following exception occurred during the last request:

Spatie\Permission\Exceptions\PermissionDoesNotExist: There is no permission named `users.view` for guard `sanctum`. in E:\Projects\NsBase\vendor\spatie\laravel-permission\src\Exceptions\PermissionDoesNotExist.php:11
Stack trace:
#0 E:\Projects\NsBase\vendor\spatie\laravel-permission\src\Models\Permission.php(103): Spatie\Permission\Exceptions\PermissionDoesNotExist::create('users.view', 'sanctum')
#1 E:\Projects\NsBase\vendor\spatie\laravel-permission\src\Traits\HasPermissions.php(185): Spatie\Permission\Models\Permission::findByName('users.view', 'sanctum')
#2 E:\Projects\NsBase\vendor\spatie\laravel-permission\src\Traits\HasPermissions.php(211): App\Models\User->filterPermission('users.view', NULL)
#3 E:\Projects\NsBase\app\Policies\UserPolicy.php(11): App\Models\User->hasPermissionTo('users.view')
#4 E:\Projects\NsBase\vendor\laravel\framework\src\Illuminate\Auth\Access\Gate.php(844): App\Policies\UserPolicy->viewAny(Object(App\Models\User))
#5 E:\Projects\NsBase\vendor\laravel\framework\src\Illuminate\Auth\Access\Gate.php(797): Illuminate\Auth\Access\Gate->callPolicyMethod(Object(App\Policies\UserPolicy), 'viewAny', Object(App\Models\User), Array)
#6 E:\Projects\NsBase\vendor\laravel\framework\src\Illuminate\Auth\Access\Gate.php(553): Illuminate\Auth\Access\Gate->Illuminate\Auth\Access\{closure}(Object(App\Models\User), 'App\\Models\\User')
#7 E:\Projects\NsBase\vendor\laravel\framework\src\Illuminate\Auth\Access\Gate.php(448): Illuminate\Auth\Access\Gate->callAuthCallback(Object(App\Models\User), 'viewAny', Array)
#8 E:\Projects\NsBase\vendor\laravel\framework\src\Illuminate\Auth\Access\Gate.php(411): Illuminate\Auth\Access\Gate->raw('viewAny', Array)
#9 E:\Projects\NsBase\vendor\laravel\framework\src\Illuminate\Auth\Access\Gate.php(398): Illuminate\Auth\Access\Gate->inspect('viewAny', 'App\\Models\\User')
#10 E:\Projects\NsBase\vendor\laravel\framework\src\Illuminate\Foundation\Auth\Access\AuthorizesRequests.php(25): Illuminate\Auth\Access\Gate->authorize('viewAny', 'App\\Models\\User')
#11 E:\Projects\NsBase\app\Http\Controllers\Api\UserController.php(19): App\Http\Controllers\Controller->authorize('viewAny', 'App\\Models\\User')
#12 E:\Projects\NsBase\vendor\laravel\framework\src\Illuminate\Routing\Controller.php(54): App\Http\Controllers\Api\UserController->index(Object(Illuminate\Http\Request))
#13 E:\Projects\NsBase\vendor\laravel\framework\src\Illuminate\Routing\ControllerDispatcher.php(43): Illuminate\Routing\Controller->callAction('index', Array)
#14 E:\Projects\NsBase\vendor\laravel\framework\src\Illuminate\Routing\Route.php(269): Illuminate\Routing\ControllerDispatcher->dispatch(Object(Illuminate\Routing\Route), Object(App\Http\Controllers\Api\UserController), 'index')
#15 E:\Projects\NsBase\vendor\laravel\framework\src\Illuminate\Routing\Route.php(215): Illuminate\Routing\Route->runController()
#16 E:\Projects\NsBase\vendor\laravel\framework\src\Illuminate\Routing\Router.php(822): Illuminate\Routing\Route->run()
#17 E:\Projects\NsBase\vendor\laravel\framework\src\Illuminate\Pipeline\Pipeline.php(180): Illuminate\Routing\Router->Illuminate\Routing\{closure}(Object(Illuminate\Http\Request))
#18 E:\Projects\NsBase\app\Http\Middleware\ForceJsonResponse.php(15): Illuminate\Pipeline\Pipeline->Illuminate\Pipeline\{closure}(Object(Illuminate\Http\Request))
#19 E:\Projects\NsBase\vendor\laravel\framework\src\Illuminate\Pipeline\Pipeline.php(219): App\Http\Middleware\ForceJsonResponse->handle(Object(Illuminate\Http\Request), Object(Closure))
#20 E:\Projects\NsBase\vendor\laravel\framework\src\Illuminate\Routing\Middleware\SubstituteBindings.php(52): Illuminate\Pipeline\Pipeline->Illuminate\Pipeline\{closure}(Object(Illuminate\Http\Request))
#21 E:\Projects\NsBase\vendor\laravel\framework\src\Illuminate\Pipeline\Pipeline.php(219): Illuminate\Routing\Middleware\SubstituteBindings->handle(Object(Illuminate\Http\Request), Object(Closure))
#22 E:\Projects\NsBase\vendor\laravel\framework\src\Illuminate\Auth\Middleware\Authenticate.php(63): Illuminate\Pipeline\Pipeline->Illuminate\Pipeline\{closure}(Object(Illuminate\Http\Request))
#23 E:\Projects\NsBase\vendor\laravel\framework\src\Illuminate\Pipeline\Pipeline.php(219): Illuminate\Auth\Middleware\Authenticate->handle(Object(Illuminate\Http\Request), Object(Closure), 'sanctum')
#24 E:\Projects\NsBase\vendor\laravel\framework\src\Illuminate\Pipeline\Pipeline.php(137): Illuminate\Pipeline\Pipeline->Illuminate\Pipeline\{closure}(Object(Illuminate\Http\Request))
#25 E:\Projects\NsBase\vendor\laravel\framework\src\Illuminate\Routing\Router.php(821): Illuminate\Pipeline\Pipeline->then(Object(Closure))
#26 E:\Projects\NsBase\vendor\laravel\framework\src\Illuminate\Routing\Router.php(800): Illuminate\Routing\Router->runRouteWithinStack(Object(Illuminate\Routing\Route), Object(Illuminate\Http\Request))
#27 E:\Projects\NsBase\vendor\laravel\framework\src\Illuminate\Routing\Router.php(764): Illuminate\Routing\Router->runRoute(Object(Illuminate\Http\Request), Object(Illuminate\Routing\Route))
#28 E:\Projects\NsBase\vendor\laravel\framework\src\Illuminate\Routing\Router.php(753): Illuminate\Routing\Router->dispatchToRoute(Object(Illuminate\Http\Request))
#29 E:\Projects\NsBase\vendor\laravel\framework\src\Illuminate\Foundation\Http\Kernel.php(200): Illuminate\Routing\Router->dispatch(Object(Illuminate\Http\Request))
#30 E:\Projects\NsBase\vendor\laravel\framework\src\Illuminate\Pipeline\Pipeline.php(180): Illuminate\Foundation\Http\Kernel->Illuminate\Foundation\Http\{closure}(Object(Illuminate\Http\Request))
#31 E:\Projects\NsBase\vendor\laravel\framework\src\Illuminate\Foundation\Http\Middleware\TransformsRequest.php(21): Illuminate\Pipeline\Pipeline->Illuminate\Pipeline\{closure}(Object(Illuminate\Http\Request))
#32 E:\Projects\NsBase\vendor\laravel\framework\src\Illuminate\Foundation\Http\Middleware\ConvertEmptyStringsToNull.php(31): Illuminate\Foundation\Http\Middleware\TransformsRequest->handle(Object(Illuminate\Http\Request), Object(Closure))
#33 E:\Projects\NsBase\vendor\laravel\framework\src\Illuminate\Pipeline\Pipeline.php(219): Illuminate\Foundation\Http\Middleware\ConvertEmptyStringsToNull->handle(Object(Illuminate\Http\Request), Object(Closure))
#34 E:\Projects\NsBase\vendor\laravel\framework\src\Illuminate\Foundation\Http\Middleware\TransformsRequest.php(21): Illuminate\Pipeline\Pipeline->Illuminate\Pipeline\{closure}(Object(Illuminate\Http\Request))
#35 E:\Projects\NsBase\vendor\laravel\framework\src\Illuminate\Foundation\Http\Middleware\TrimStrings.php(51): Illuminate\Foundation\Http\Middleware\TransformsRequest->handle(Object(Illuminate\Http\Request), Object(Closure))
#36 E:\Projects\NsBase\vendor\laravel\framework\src\Illuminate\Pipeline\Pipeline.php(219): Illuminate\Foundation\Http\Middleware\TrimStrings->handle(Object(Illuminate\Http\Request), Object(Closure))
#37 E:\Projects\NsBase\vendor\laravel\framework\src\Illuminate\Http\Middleware\ValidatePostSize.php(27): Illuminate\Pipeline\Pipeline->Illuminate\Pipeline\{closure}(Object(Illuminate\Http\Request))
#38 E:\Projects\NsBase\vendor\laravel\framework\src\Illuminate\Pipeline\Pipeline.php(219): Illuminate\Http\Middleware\ValidatePostSize->handle(Object(Illuminate\Http\Request), Object(Closure))
#39 E:\Projects\NsBase\vendor\laravel\framework\src\Illuminate\Foundation\Http\Middleware\PreventRequestsDuringMaintenance.php(109): Illuminate\Pipeline\Pipeline->Illuminate\Pipeline\{closure}(Object(Illuminate\Http\Request))
#40 E:\Projects\NsBase\vendor\laravel\framework\src\Illuminate\Pipeline\Pipeline.php(219): Illuminate\Foundation\Http\Middleware\PreventRequestsDuringMaintenance->handle(Object(Illuminate\Http\Request), Object(Closure))
#41 E:\Projects\NsBase\vendor\laravel\framework\src\Illuminate\Http\Middleware\HandleCors.php(74): Illuminate\Pipeline\Pipeline->Illuminate\Pipeline\{closure}(Object(Illuminate\Http\Request))
#42 E:\Projects\NsBase\vendor\laravel\framework\src\Illuminate\Pipeline\Pipeline.php(219): Illuminate\Http\Middleware\HandleCors->handle(Object(Illuminate\Http\Request), Object(Closure))
#43 E:\Projects\NsBase\vendor\laravel\framework\src\Illuminate\Http\Middleware\TrustProxies.php(58): Illuminate\Pipeline\Pipeline->Illuminate\Pipeline\{closure}(Object(Illuminate\Http\Request))
#44 E:\Projects\NsBase\vendor\laravel\framework\src\Illuminate\Pipeline\Pipeline.php(219): Illuminate\Http\Middleware\TrustProxies->handle(Object(Illuminate\Http\Request), Object(Closure))
#45 E:\Projects\NsBase\vendor\laravel\framework\src\Illuminate\Foundation\Http\Middleware\InvokeDeferredCallbacks.php(22): Illuminate\Pipeline\Pipeline->Illuminate\Pipeline\{closure}(Object(Illuminate\Http\Request))
#46 E:\Projects\NsBase\vendor\laravel\framework\src\Illuminate\Pipeline\Pipeline.php(219): Illuminate\Foundation\Http\Middleware\InvokeDeferredCallbacks->handle(Object(Illuminate\Http\Request), Object(Closure))
#47 E:\Projects\NsBase\vendor\laravel\framework\src\Illuminate\Http\Middleware\ValidatePathEncoding.php(28): Illuminate\Pipeline\Pipeline->Illuminate\Pipeline\{closure}(Object(Illuminate\Http\Request))
#48 E:\Projects\NsBase\vendor\laravel\framework\src\Illuminate\Pipeline\Pipeline.php(219): Illuminate\Http\Middleware\ValidatePathEncoding->handle(Object(Illuminate\Http\Request), Object(Closure))
#49 E:\Projects\NsBase\vendor\laravel\framework\src\Illuminate\Pipeline\Pipeline.php(137): Illuminate\Pipeline\Pipeline->Illuminate\Pipeline\{closure}(Object(Illuminate\Http\Request))
#50 E:\Projects\NsBase\vendor\laravel\framework\src\Illuminate\Foundation\Http\Kernel.php(175): Illuminate\Pipeline\Pipeline->then(Object(Closure))
#51 E:\Projects\NsBase\vendor\laravel\framework\src\Illuminate\Foundation\Http\Kernel.php(144): Illuminate\Foundation\Http\Kernel->sendRequestThroughRouter(Object(Illuminate\Http\Request))
#52 E:\Projects\NsBase\vendor\laravel\framework\src\Illuminate\Foundation\Testing\Concerns\MakesHttpRequests.php(607): Illuminate\Foundation\Http\Kernel->handle(Object(Illuminate\Http\Request))
#53 E:\Projects\NsBase\vendor\laravel\framework\src\Illuminate\Foundation\Testing\Concerns\MakesHttpRequests.php(573): Illuminate\Foundation\Testing\TestCase->call('GET', '/api/users', Array, Array, Array, Array, '[]')
#54 E:\Projects\NsBase\vendor\laravel\framework\src\Illuminate\Foundation\Testing\Concerns\MakesHttpRequests.php(381): Illuminate\Foundation\Testing\TestCase->json('GET', '/api/users', Array, Array, 0)
#55 E:\Projects\NsBase\tests\Feature\ApiTest.php(102): Illuminate\Foundation\Testing\TestCase->getJson('/api/users')
#56 E:\Projects\NsBase\vendor\phpunit\phpunit\src\Framework\TestCase.php(1314): Tests\Feature\ApiTest->test_authenticated_user_can_list_users()
#57 E:\Projects\NsBase\vendor\phpunit\phpunit\src\Framework\TestCase.php(1351): PHPUnit\Framework\TestCase->invokeTestMethod('test_authentica...', Array)
#58 E:\Projects\NsBase\vendor\phpunit\phpunit\src\Framework\TestCase.php(521): PHPUnit\Framework\TestCase->runTest()
#59 E:\Projects\NsBase\vendor\phpunit\phpunit\src\Framework\TestRunner\TestRunner.php(99): PHPUnit\Framework\TestCase->runBare()
#60 E:\Projects\NsBase\vendor\phpunit\phpunit\src\Framework\TestCase.php(361): PHPUnit\Framework\TestRunner->run(Object(Tests\Feature\ApiTest))
#61 E:\Projects\NsBase\vendor\phpunit\phpunit\src\Framework\TestSuite.php(374): PHPUnit\Framework\TestCase->run()
#62 E:\Projects\NsBase\vendor\phpunit\phpunit\src\TextUI\TestRunner.php(64): PHPUnit\Framework\TestSuite->run()
#63 E:\Projects\NsBase\vendor\phpunit\phpunit\src\TextUI\Application.php(229): PHPUnit\TextUI\TestRunner->run(Object(PHPUnit\TextUI\Configuration\Configuration), Object(PHPUnit\Runner\ResultCache\DefaultResultCache), Object(PHPUnit\Framework\TestSuite))
#64 E:\Projects\NsBase\vendor\phpunit\phpunit\phpunit(104): PHPUnit\TextUI\Application->run(Array)
#65 {main}

----------------------------------------------------------------------------------

There is no permission named `users.view` for guard `sanctum`.[39;22m

  at [32mtests\Feature\ApiTest.php[39m:[32m103[39m
     99Ôûò     public function test_authenticated_user_can_list_users()
    100Ôûò     {
    101Ôûò         $this->actingAs($this->admin, 'sanctum')
    102Ôûò             ->getJson('/api/users')
  Ô×£ 103Ôûò             ->assertOk();
    104Ôûò     }
    105Ôûò 
    106Ôûò     public function test_unauthenticated_cannot_list_users()
    107Ôûò     {

  [31mÔöÇÔöÇÔöÇÔöÇÔöÇÔöÇÔöÇÔöÇÔöÇÔöÇÔöÇÔöÇÔöÇÔöÇÔöÇÔöÇÔöÇÔöÇÔöÇÔöÇÔöÇÔöÇÔöÇÔöÇÔöÇÔöÇÔöÇÔöÇÔöÇÔöÇÔöÇÔöÇÔöÇÔöÇÔöÇÔöÇÔöÇÔöÇÔöÇÔöÇÔöÇÔöÇÔöÇÔöÇÔöÇÔöÇÔöÇÔöÇÔöÇÔöÇÔöÇÔöÇÔöÇÔöÇÔöÇÔöÇÔöÇÔöÇÔöÇÔöÇÔöÇÔöÇÔöÇÔöÇÔöÇÔöÇÔöÇÔöÇÔöÇÔöÇÔöÇÔöÇÔöÇÔöÇÔöÇÔöÇ[39m  
  [41;1m FAILED [49;22m [1mTests\Feature\ApiTest[22m [90m>[39m admin can create user                        
[39;1m  Expected response status code [201] but received 500.
Failed asserting that 500 is identical to 201.

The following exception occurred during the last request:

Spatie\Permission\Exceptions\PermissionDoesNotExist: There is no permission named `users.create` for guard `sanctum`. in E:\Projects\NsBase\vendor\spatie\laravel-permission\src\Exceptions\PermissionDoesNotExist.php:11
Stack trace:
#0 E:\Projects\NsBase\vendor\spatie\laravel-permission\src\Models\Permission.php(103): Spatie\Permission\Exceptions\PermissionDoesNotExist::create('users.create', 'sanctum')
#1 E:\Projects\NsBase\vendor\spatie\laravel-permission\src\Traits\HasPermissions.php(185): Spatie\Permission\Models\Permission::findByName('users.create', 'sanctum')
#2 E:\Projects\NsBase\vendor\spatie\laravel-permission\src\Traits\HasPermissions.php(211): App\Models\User->filterPermission('users.create', NULL)
#3 E:\Projects\NsBase\app\Policies\UserPolicy.php(21): App\Models\User->hasPermissionTo('users.create')
#4 E:\Projects\NsBase\vendor\laravel\framework\src\Illuminate\Auth\Access\Gate.php(844): App\Policies\UserPolicy->create(Object(App\Models\User))
#5 E:\Projects\NsBase\vendor\laravel\framework\src\Illuminate\Auth\Access\Gate.php(797): Illuminate\Auth\Access\Gate->callPolicyMethod(Object(App\Policies\UserPolicy), 'create', Object(App\Models\User), Array)
#6 E:\Projects\NsBase\vendor\laravel\framework\src\Illuminate\Auth\Access\Gate.php(553): Illuminate\Auth\Access\Gate->Illuminate\Auth\Access\{closure}(Object(App\Models\User), 'App\\Models\\User')
#7 E:\Projects\NsBase\vendor\laravel\framework\src\Illuminate\Auth\Access\Gate.php(448): Illuminate\Auth\Access\Gate->callAuthCallback(Object(App\Models\User), 'create', Array)
#8 E:\Projects\NsBase\vendor\laravel\framework\src\Illuminate\Auth\Access\Gate.php(411): Illuminate\Auth\Access\Gate->raw('create', Array)
#9 E:\Projects\NsBase\vendor\laravel\framework\src\Illuminate\Auth\Access\Gate.php(398): Illuminate\Auth\Access\Gate->inspect('create', 'App\\Models\\User')
#10 E:\Projects\NsBase\vendor\laravel\framework\src\Illuminate\Foundation\Auth\Access\AuthorizesRequests.php(25): Illuminate\Auth\Access\Gate->authorize('create', 'App\\Models\\User')
#11 E:\Projects\NsBase\app\Http\Controllers\Api\UserController.php(33): App\Http\Controllers\Controller->authorize('create', 'App\\Models\\User')
#12 E:\Projects\NsBase\vendor\laravel\framework\src\Illuminate\Routing\Controller.php(54): App\Http\Controllers\Api\UserController->store(Object(App\Http\Requests\Api\UserRequest))
#13 E:\Projects\NsBase\vendor\laravel\framework\src\Illuminate\Routing\ControllerDispatcher.php(43): Illuminate\Routing\Controller->callAction('store', Array)
#14 E:\Projects\NsBase\vendor\laravel\framework\src\Illuminate\Routing\Route.php(269): Illuminate\Routing\ControllerDispatcher->dispatch(Object(Illuminate\Routing\Route), Object(App\Http\Controllers\Api\UserController), 'store')
#15 E:\Projects\NsBase\vendor\laravel\framework\src\Illuminate\Routing\Route.php(215): Illuminate\Routing\Route->runController()
#16 E:\Projects\NsBase\vendor\laravel\framework\src\Illuminate\Routing\Router.php(822): Illuminate\Routing\Route->run()
#17 E:\Projects\NsBase\vendor\laravel\framework\src\Illuminate\Pipeline\Pipeline.php(180): Illuminate\Routing\Router->Illuminate\Routing\{closure}(Object(Illuminate\Http\Request))
#18 E:\Projects\NsBase\app\Http\Middleware\ForceJsonResponse.php(15): Illuminate\Pipeline\Pipeline->Illuminate\Pipeline\{closure}(Object(Illuminate\Http\Request))
#19 E:\Projects\NsBase\vendor\laravel\framework\src\Illuminate\Pipeline\Pipeline.php(219): App\Http\Middleware\ForceJsonResponse->handle(Object(Illuminate\Http\Request), Object(Closure))
#20 E:\Projects\NsBase\vendor\laravel\framework\src\Illuminate\Routing\Middleware\SubstituteBindings.php(52): Illuminate\Pipeline\Pipeline->Illuminate\Pipeline\{closure}(Object(Illuminate\Http\Request))
#21 E:\Projects\NsBase\vendor\laravel\framework\src\Illuminate\Pipeline\Pipeline.php(219): Illuminate\Routing\Middleware\SubstituteBindings->handle(Object(Illuminate\Http\Request), Object(Closure))
#22 E:\Projects\NsBase\vendor\laravel\framework\src\Illuminate\Auth\Middleware\Authenticate.php(63): Illuminate\Pipeline\Pipeline->Illuminate\Pipeline\{closure}(Object(Illuminate\Http\Request))
#23 E:\Projects\NsBase\vendor\laravel\framework\src\Illuminate\Pipeline\Pipeline.php(219): Illuminate\Auth\Middleware\Authenticate->handle(Object(Illuminate\Http\Request), Object(Closure), 'sanctum')
#24 E:\Projects\NsBase\vendor\laravel\framework\src\Illuminate\Pipeline\Pipeline.php(137): Illuminate\Pipeline\Pipeline->Illuminate\Pipeline\{closure}(Object(Illuminate\Http\Request))
#25 E:\Projects\NsBase\vendor\laravel\framework\src\Illuminate\Routing\Router.php(821): Illuminate\Pipeline\Pipeline->then(Object(Closure))
#26 E:\Projects\NsBase\vendor\laravel\framework\src\Illuminate\Routing\Router.php(800): Illuminate\Routing\Router->runRouteWithinStack(Object(Illuminate\Routing\Route), Object(Illuminate\Http\Request))
#27 E:\Projects\NsBase\vendor\laravel\framework\src\Illuminate\Routing\Router.php(764): Illuminate\Routing\Router->runRoute(Object(Illuminate\Http\Request), Object(Illuminate\Routing\Route))
#28 E:\Projects\NsBase\vendor\laravel\framework\src\Illuminate\Routing\Router.php(753): Illuminate\Routing\Router->dispatchToRoute(Object(Illuminate\Http\Request))
#29 E:\Projects\NsBase\vendor\laravel\framework\src\Illuminate\Foundation\Http\Kernel.php(200): Illuminate\Routing\Router->dispatch(Object(Illuminate\Http\Request))
#30 E:\Projects\NsBase\vendor\laravel\framework\src\Illuminate\Pipeline\Pipeline.php(180): Illuminate\Foundation\Http\Kernel->Illuminate\Foundation\Http\{closure}(Object(Illuminate\Http\Request))
#31 E:\Projects\NsBase\vendor\laravel\framework\src\Illuminate\Foundation\Http\Middleware\TransformsRequest.php(21): Illuminate\Pipeline\Pipeline->Illuminate\Pipeline\{closure}(Object(Illuminate\Http\Request))
#32 E:\Projects\NsBase\vendor\laravel\framework\src\Illuminate\Foundation\Http\Middleware\ConvertEmptyStringsToNull.php(31): Illuminate\Foundation\Http\Middleware\TransformsRequest->handle(Object(Illuminate\Http\Request), Object(Closure))
#33 E:\Projects\NsBase\vendor\laravel\framework\src\Illuminate\Pipeline\Pipeline.php(219): Illuminate\Foundation\Http\Middleware\ConvertEmptyStringsToNull->handle(Object(Illuminate\Http\Request), Object(Closure))
#34 E:\Projects\NsBase\vendor\laravel\framework\src\Illuminate\Foundation\Http\Middleware\TransformsRequest.php(21): Illuminate\Pipeline\Pipeline->Illuminate\Pipeline\{closure}(Object(Illuminate\Http\Request))
#35 E:\Projects\NsBase\vendor\laravel\framework\src\Illuminate\Foundation\Http\Middleware\TrimStrings.php(51): Illuminate\Foundation\Http\Middleware\TransformsRequest->handle(Object(Illuminate\Http\Request), Object(Closure))
#36 E:\Projects\NsBase\vendor\laravel\framework\src\Illuminate\Pipeline\Pipeline.php(219): Illuminate\Foundation\Http\Middleware\TrimStrings->handle(Object(Illuminate\Http\Request), Object(Closure))
#37 E:\Projects\NsBase\vendor\laravel\framework\src\Illuminate\Http\Middleware\ValidatePostSize.php(27): Illuminate\Pipeline\Pipeline->Illuminate\Pipeline\{closure}(Object(Illuminate\Http\Request))
#38 E:\Projects\NsBase\vendor\laravel\framework\src\Illuminate\Pipeline\Pipeline.php(219): Illuminate\Http\Middleware\ValidatePostSize->handle(Object(Illuminate\Http\Request), Object(Closure))
#39 E:\Projects\NsBase\vendor\laravel\framework\src\Illuminate\Foundation\Http\Middleware\PreventRequestsDuringMaintenance.php(109): Illuminate\Pipeline\Pipeline->Illuminate\Pipeline\{closure}(Object(Illuminate\Http\Request))
#40 E:\Projects\NsBase\vendor\laravel\framework\src\Illuminate\Pipeline\Pipeline.php(219): Illuminate\Foundation\Http\Middleware\PreventRequestsDuringMaintenance->handle(Object(Illuminate\Http\Request), Object(Closure))
#41 E:\Projects\NsBase\vendor\laravel\framework\src\Illuminate\Http\Middleware\HandleCors.php(74): Illuminate\Pipeline\Pipeline->Illuminate\Pipeline\{closure}(Object(Illuminate\Http\Request))
#42 E:\Projects\NsBase\vendor\laravel\framework\src\Illuminate\Pipeline\Pipeline.php(219): Illuminate\Http\Middleware\HandleCors->handle(Object(Illuminate\Http\Request), Object(Closure))
#43 E:\Projects\NsBase\vendor\laravel\framework\src\Illuminate\Http\Middleware\TrustProxies.php(58): Illuminate\Pipeline\Pipeline->Illuminate\Pipeline\{closure}(Object(Illuminate\Http\Request))
#44 E:\Projects\NsBase\vendor\laravel\framework\src\Illuminate\Pipeline\Pipeline.php(219): Illuminate\Http\Middleware\TrustProxies->handle(Object(Illuminate\Http\Request), Object(Closure))
#45 E:\Projects\NsBase\vendor\laravel\framework\src\Illuminate\Foundation\Http\Middleware\InvokeDeferredCallbacks.php(22): Illuminate\Pipeline\Pipeline->Illuminate\Pipeline\{closure}(Object(Illuminate\Http\Request))
#46 E:\Projects\NsBase\vendor\laravel\framework\src\Illuminate\Pipeline\Pipeline.php(219): Illuminate\Foundation\Http\Middleware\InvokeDeferredCallbacks->handle(Object(Illuminate\Http\Request), Object(Closure))
#47 E:\Projects\NsBase\vendor\laravel\framework\src\Illuminate\Http\Middleware\ValidatePathEncoding.php(28): Illuminate\Pipeline\Pipeline->Illuminate\Pipeline\{closure}(Object(Illuminate\Http\Request))
#48 E:\Projects\NsBase\vendor\laravel\framework\src\Illuminate\Pipeline\Pipeline.php(219): Illuminate\Http\Middleware\ValidatePathEncoding->handle(Object(Illuminate\Http\Request), Object(Closure))
#49 E:\Projects\NsBase\vendor\laravel\framework\src\Illuminate\Pipeline\Pipeline.php(137): Illuminate\Pipeline\Pipeline->Illuminate\Pipeline\{closure}(Object(Illuminate\Http\Request))
#50 E:\Projects\NsBase\vendor\laravel\framework\src\Illuminate\Foundation\Http\Kernel.php(175): Illuminate\Pipeline\Pipeline->then(Object(Closure))
#51 E:\Projects\NsBase\vendor\laravel\framework\src\Illuminate\Foundation\Http\Kernel.php(144): Illuminate\Foundation\Http\Kernel->sendRequestThroughRouter(Object(Illuminate\Http\Request))
#52 E:\Projects\NsBase\vendor\laravel\framework\src\Illuminate\Foundation\Testing\Concerns\MakesHttpRequests.php(607): Illuminate\Foundation\Http\Kernel->handle(Object(Illuminate\Http\Request))
#53 E:\Projects\NsBase\vendor\laravel\framework\src\Illuminate\Foundation\Testing\Concerns\MakesHttpRequests.php(573): Illuminate\Foundation\Testing\TestCase->call('POST', '/api/users', Array, Array, Array, Array, '{"name":"Create...')
#54 E:\Projects\NsBase\vendor\laravel\framework\src\Illuminate\Foundation\Testing\Concerns\MakesHttpRequests.php(411): Illuminate\Foundation\Testing\TestCase->json('POST', '/api/users', Array, Array, 0)
#55 E:\Projects\NsBase\tests\Feature\ApiTest.php(114): Illuminate\Foundation\Testing\TestCase->postJson('/api/users', Array)
#56 E:\Projects\NsBase\vendor\phpunit\phpunit\src\Framework\TestCase.php(1314): Tests\Feature\ApiTest->test_admin_can_create_user()
#57 E:\Projects\NsBase\vendor\phpunit\phpunit\src\Framework\TestCase.php(1351): PHPUnit\Framework\TestCase->invokeTestMethod('test_admin_can_...', Array)
#58 E:\Projects\NsBase\vendor\phpunit\phpunit\src\Framework\TestCase.php(521): PHPUnit\Framework\TestCase->runTest()
#59 E:\Projects\NsBase\vendor\phpunit\phpunit\src\Framework\TestRunner\TestRunner.php(99): PHPUnit\Framework\TestCase->runBare()
#60 E:\Projects\NsBase\vendor\phpunit\phpunit\src\Framework\TestCase.php(361): PHPUnit\Framework\TestRunner->run(Object(Tests\Feature\ApiTest))
#61 E:\Projects\NsBase\vendor\phpunit\phpunit\src\Framework\TestSuite.php(374): PHPUnit\Framework\TestCase->run()
#62 E:\Projects\NsBase\vendor\phpunit\phpunit\src\TextUI\TestRunner.php(64): PHPUnit\Framework\TestSuite->run()
#63 E:\Projects\NsBase\vendor\phpunit\phpunit\src\TextUI\Application.php(229): PHPUnit\TextUI\TestRunner->run(Object(PHPUnit\TextUI\Configuration\Configuration), Object(PHPUnit\Runner\ResultCache\DefaultResultCache), Object(PHPUnit\Framework\TestSuite))
#64 E:\Projects\NsBase\vendor\phpunit\phpunit\phpunit(104): PHPUnit\TextUI\Application->run(Array)
#65 {main}

----------------------------------------------------------------------------------

There is no permission named `users.create` for guard `sanctum`.[39;22m

  at [32mtests\Feature\ApiTest.php[39m:[32m119[39m
    115Ôûò                 'name' => 'Created User',
    116Ôûò                 'email' => 'created@test.com',
    117Ôûò                 'password' => 'password',
    118Ôûò                 'password_confirmation' => 'password',
  Ô×£ 119Ôûò             ])->assertCreated();
    120Ôûò     }
    121Ôûò 
    122Ôûò     public function test_admin_can_update_user()
    123Ôûò     {

  [31mÔöÇÔöÇÔöÇÔöÇÔöÇÔöÇÔöÇÔöÇÔöÇÔöÇÔöÇÔöÇÔöÇÔöÇÔöÇÔöÇÔöÇÔöÇÔöÇÔöÇÔöÇÔöÇÔöÇÔöÇÔöÇÔöÇÔöÇÔöÇÔöÇÔöÇÔöÇÔöÇÔöÇÔöÇÔöÇÔöÇÔöÇÔöÇÔöÇÔöÇÔöÇÔöÇÔöÇÔöÇÔöÇÔöÇÔöÇÔöÇÔöÇÔöÇÔöÇÔöÇÔöÇÔöÇÔöÇÔöÇÔöÇÔöÇÔöÇÔöÇÔöÇÔöÇÔöÇÔöÇÔöÇÔöÇÔöÇÔöÇÔöÇÔöÇÔöÇÔöÇÔöÇÔöÇÔöÇÔöÇ[39m  
  [41;1m FAILED [49;22m [1mTests\Feature\ApiTest[22m [90m>[39m admin can update user                        
[39;1m  Expected response status code [200] but received 500.
Failed asserting that 500 is identical to 200.

The following exception occurred during the last request:

Spatie\Permission\Exceptions\PermissionDoesNotExist: There is no permission named `users.edit` for guard `sanctum`. in E:\Projects\NsBase\vendor\spatie\laravel-permission\src\Exceptions\PermissionDoesNotExist.php:11
Stack trace:
#0 E:\Projects\NsBase\vendor\spatie\laravel-permission\src\Models\Permission.php(103): Spatie\Permission\Exceptions\PermissionDoesNotExist::create('users.edit', 'sanctum')
#1 E:\Projects\NsBase\vendor\spatie\laravel-permission\src\Traits\HasPermissions.php(185): Spatie\Permission\Models\Permission::findByName('users.edit', 'sanctum')
#2 E:\Projects\NsBase\vendor\spatie\laravel-permission\src\Traits\HasPermissions.php(211): App\Models\User->filterPermission('users.edit', NULL)
#3 E:\Projects\NsBase\app\Policies\UserPolicy.php(26): App\Models\User->hasPermissionTo('users.edit')
#4 E:\Projects\NsBase\vendor\laravel\framework\src\Illuminate\Auth\Access\Gate.php(844): App\Policies\UserPolicy->update(Object(App\Models\User), Object(App\Models\User))
#5 E:\Projects\NsBase\vendor\laravel\framework\src\Illuminate\Auth\Access\Gate.php(797): Illuminate\Auth\Access\Gate->callPolicyMethod(Object(App\Policies\UserPolicy), 'update', Object(App\Models\User), Array)
#6 E:\Projects\NsBase\vendor\laravel\framework\src\Illuminate\Auth\Access\Gate.php(553): Illuminate\Auth\Access\Gate->Illuminate\Auth\Access\{closure}(Object(App\Models\User), Object(App\Models\User))
#7 E:\Projects\NsBase\vendor\laravel\framework\src\Illuminate\Auth\Access\Gate.php(448): Illuminate\Auth\Access\Gate->callAuthCallback(Object(App\Models\User), 'update', Array)
#8 E:\Projects\NsBase\vendor\laravel\framework\src\Illuminate\Auth\Access\Gate.php(411): Illuminate\Auth\Access\Gate->raw('update', Array)
#9 E:\Projects\NsBase\vendor\laravel\framework\src\Illuminate\Auth\Access\Gate.php(398): Illuminate\Auth\Access\Gate->inspect('update', Object(App\Models\User))
#10 E:\Projects\NsBase\vendor\laravel\framework\src\Illuminate\Foundation\Auth\Access\AuthorizesRequests.php(25): Illuminate\Auth\Access\Gate->authorize('update', Object(App\Models\User))
#11 E:\Projects\NsBase\app\Http\Controllers\Api\UserController.php(59): App\Http\Controllers\Controller->authorize('update', Object(App\Models\User))
#12 E:\Projects\NsBase\vendor\laravel\framework\src\Illuminate\Routing\Controller.php(54): App\Http\Controllers\Api\UserController->update(Object(App\Http\Requests\Api\UserRequest), Object(App\Models\User))
#13 E:\Projects\NsBase\vendor\laravel\framework\src\Illuminate\Routing\ControllerDispatcher.php(43): Illuminate\Routing\Controller->callAction('update', Array)
#14 E:\Projects\NsBase\vendor\laravel\framework\src\Illuminate\Routing\Route.php(269): Illuminate\Routing\ControllerDispatcher->dispatch(Object(Illuminate\Routing\Route), Object(App\Http\Controllers\Api\UserController), 'update')
#15 E:\Projects\NsBase\vendor\laravel\framework\src\Illuminate\Routing\Route.php(215): Illuminate\Routing\Route->runController()
#16 E:\Projects\NsBase\vendor\laravel\framework\src\Illuminate\Routing\Router.php(822): Illuminate\Routing\Route->run()
#17 E:\Projects\NsBase\vendor\laravel\framework\src\Illuminate\Pipeline\Pipeline.php(180): Illuminate\Routing\Router->Illuminate\Routing\{closure}(Object(Illuminate\Http\Request))
#18 E:\Projects\NsBase\app\Http\Middleware\ForceJsonResponse.php(15): Illuminate\Pipeline\Pipeline->Illuminate\Pipeline\{closure}(Object(Illuminate\Http\Request))
#19 E:\Projects\NsBase\vendor\laravel\framework\src\Illuminate\Pipeline\Pipeline.php(219): App\Http\Middleware\ForceJsonResponse->handle(Object(Illuminate\Http\Request), Object(Closure))
#20 E:\Projects\NsBase\vendor\laravel\framework\src\Illuminate\Routing\Middleware\SubstituteBindings.php(52): Illuminate\Pipeline\Pipeline->Illuminate\Pipeline\{closure}(Object(Illuminate\Http\Request))
#21 E:\Projects\NsBase\vendor\laravel\framework\src\Illuminate\Pipeline\Pipeline.php(219): Illuminate\Routing\Middleware\SubstituteBindings->handle(Object(Illuminate\Http\Request), Object(Closure))
#22 E:\Projects\NsBase\vendor\laravel\framework\src\Illuminate\Auth\Middleware\Authenticate.php(63): Illuminate\Pipeline\Pipeline->Illuminate\Pipeline\{closure}(Object(Illuminate\Http\Request))
#23 E:\Projects\NsBase\vendor\laravel\framework\src\Illuminate\Pipeline\Pipeline.php(219): Illuminate\Auth\Middleware\Authenticate->handle(Object(Illuminate\Http\Request), Object(Closure), 'sanctum')
#24 E:\Projects\NsBase\vendor\laravel\framework\src\Illuminate\Pipeline\Pipeline.php(137): Illuminate\Pipeline\Pipeline->Illuminate\Pipeline\{closure}(Object(Illuminate\Http\Request))
#25 E:\Projects\NsBase\vendor\laravel\framework\src\Illuminate\Routing\Router.php(821): Illuminate\Pipeline\Pipeline->then(Object(Closure))
#26 E:\Projects\NsBase\vendor\laravel\framework\src\Illuminate\Routing\Router.php(800): Illuminate\Routing\Router->runRouteWithinStack(Object(Illuminate\Routing\Route), Object(Illuminate\Http\Request))
#27 E:\Projects\NsBase\vendor\laravel\framework\src\Illuminate\Routing\Router.php(764): Illuminate\Routing\Router->runRoute(Object(Illuminate\Http\Request), Object(Illuminate\Routing\Route))
#28 E:\Projects\NsBase\vendor\laravel\framework\src\Illuminate\Routing\Router.php(753): Illuminate\Routing\Router->dispatchToRoute(Object(Illuminate\Http\Request))
#29 E:\Projects\NsBase\vendor\laravel\framework\src\Illuminate\Foundation\Http\Kernel.php(200): Illuminate\Routing\Router->dispatch(Object(Illuminate\Http\Request))
#30 E:\Projects\NsBase\vendor\laravel\framework\src\Illuminate\Pipeline\Pipeline.php(180): Illuminate\Foundation\Http\Kernel->Illuminate\Foundation\Http\{closure}(Object(Illuminate\Http\Request))
#31 E:\Projects\NsBase\vendor\laravel\framework\src\Illuminate\Foundation\Http\Middleware\TransformsRequest.php(21): Illuminate\Pipeline\Pipeline->Illuminate\Pipeline\{closure}(Object(Illuminate\Http\Request))
#32 E:\Projects\NsBase\vendor\laravel\framework\src\Illuminate\Foundation\Http\Middleware\ConvertEmptyStringsToNull.php(31): Illuminate\Foundation\Http\Middleware\TransformsRequest->handle(Object(Illuminate\Http\Request), Object(Closure))
#33 E:\Projects\NsBase\vendor\laravel\framework\src\Illuminate\Pipeline\Pipeline.php(219): Illuminate\Foundation\Http\Middleware\ConvertEmptyStringsToNull->handle(Object(Illuminate\Http\Request), Object(Closure))
#34 E:\Projects\NsBase\vendor\laravel\framework\src\Illuminate\Foundation\Http\Middleware\TransformsRequest.php(21): Illuminate\Pipeline\Pipeline->Illuminate\Pipeline\{closure}(Object(Illuminate\Http\Request))
#35 E:\Projects\NsBase\vendor\laravel\framework\src\Illuminate\Foundation\Http\Middleware\TrimStrings.php(51): Illuminate\Foundation\Http\Middleware\TransformsRequest->handle(Object(Illuminate\Http\Request), Object(Closure))
#36 E:\Projects\NsBase\vendor\laravel\framework\src\Illuminate\Pipeline\Pipeline.php(219): Illuminate\Foundation\Http\Middleware\TrimStrings->handle(Object(Illuminate\Http\Request), Object(Closure))
#37 E:\Projects\NsBase\vendor\laravel\framework\src\Illuminate\Http\Middleware\ValidatePostSize.php(27): Illuminate\Pipeline\Pipeline->Illuminate\Pipeline\{closure}(Object(Illuminate\Http\Request))
#38 E:\Projects\NsBase\vendor\laravel\framework\src\Illuminate\Pipeline\Pipeline.php(219): Illuminate\Http\Middleware\ValidatePostSize->handle(Object(Illuminate\Http\Request), Object(Closure))
#39 E:\Projects\NsBase\vendor\laravel\framework\src\Illuminate\Foundation\Http\Middleware\PreventRequestsDuringMaintenance.php(109): Illuminate\Pipeline\Pipeline->Illuminate\Pipeline\{closure}(Object(Illuminate\Http\Request))
#40 E:\Projects\NsBase\vendor\laravel\framework\src\Illuminate\Pipeline\Pipeline.php(219): Illuminate\Foundation\Http\Middleware\PreventRequestsDuringMaintenance->handle(Object(Illuminate\Http\Request), Object(Closure))
#41 E:\Projects\NsBase\vendor\laravel\framework\src\Illuminate\Http\Middleware\HandleCors.php(74): Illuminate\Pipeline\Pipeline->Illuminate\Pipeline\{closure}(Object(Illuminate\Http\Request))
#42 E:\Projects\NsBase\vendor\laravel\framework\src\Illuminate\Pipeline\Pipeline.php(219): Illuminate\Http\Middleware\HandleCors->handle(Object(Illuminate\Http\Request), Object(Closure))
#43 E:\Projects\NsBase\vendor\laravel\framework\src\Illuminate\Http\Middleware\TrustProxies.php(58): Illuminate\Pipeline\Pipeline->Illuminate\Pipeline\{closure}(Object(Illuminate\Http\Request))
#44 E:\Projects\NsBase\vendor\laravel\framework\src\Illuminate\Pipeline\Pipeline.php(219): Illuminate\Http\Middleware\TrustProxies->handle(Object(Illuminate\Http\Request), Object(Closure))
#45 E:\Projects\NsBase\vendor\laravel\framework\src\Illuminate\Foundation\Http\Middleware\InvokeDeferredCallbacks.php(22): Illuminate\Pipeline\Pipeline->Illuminate\Pipeline\{closure}(Object(Illuminate\Http\Request))
#46 E:\Projects\NsBase\vendor\laravel\framework\src\Illuminate\Pipeline\Pipeline.php(219): Illuminate\Foundation\Http\Middleware\InvokeDeferredCallbacks->handle(Object(Illuminate\Http\Request), Object(Closure))
#47 E:\Projects\NsBase\vendor\laravel\framework\src\Illuminate\Http\Middleware\ValidatePathEncoding.php(28): Illuminate\Pipeline\Pipeline->Illuminate\Pipeline\{closure}(Object(Illuminate\Http\Request))
#48 E:\Projects\NsBase\vendor\laravel\framework\src\Illuminate\Pipeline\Pipeline.php(219): Illuminate\Http\Middleware\ValidatePathEncoding->handle(Object(Illuminate\Http\Request), Object(Closure))
#49 E:\Projects\NsBase\vendor\laravel\framework\src\Illuminate\Pipeline\Pipeline.php(137): Illuminate\Pipeline\Pipeline->Illuminate\Pipeline\{closure}(Object(Illuminate\Http\Request))
#50 E:\Projects\NsBase\vendor\laravel\framework\src\Illuminate\Foundation\Http\Kernel.php(175): Illuminate\Pipeline\Pipeline->then(Object(Closure))
#51 E:\Projects\NsBase\vendor\laravel\framework\src\Illuminate\Foundation\Http\Kernel.php(144): Illuminate\Foundation\Http\Kernel->sendRequestThroughRouter(Object(Illuminate\Http\Request))
#52 E:\Projects\NsBase\vendor\laravel\framework\src\Illuminate\Foundation\Testing\Concerns\MakesHttpRequests.php(607): Illuminate\Foundation\Http\Kernel->handle(Object(Illuminate\Http\Request))
#53 E:\Projects\NsBase\vendor\laravel\framework\src\Illuminate\Foundation\Testing\Concerns\MakesHttpRequests.php(573): Illuminate\Foundation\Testing\TestCase->call('PUT', '/api/users/3', Array, Array, Array, Array, '{"name":"Update...')
#54 E:\Projects\NsBase\vendor\laravel\framework\src\Illuminate\Foundation\Testing\Concerns\MakesHttpRequests.php(441): Illuminate\Foundation\Testing\TestCase->json('PUT', '/api/users/3', Array, Array, 0)
#55 E:\Projects\NsBase\tests\Feature\ApiTest.php(126): Illuminate\Foundation\Testing\TestCase->putJson('/api/users/3', Array)
#56 E:\Projects\NsBase\vendor\phpunit\phpunit\src\Framework\TestCase.php(1314): Tests\Feature\ApiTest->test_admin_can_update_user()
#57 E:\Projects\NsBase\vendor\phpunit\phpunit\src\Framework\TestCase.php(1351): PHPUnit\Framework\TestCase->invokeTestMethod('test_admin_can_...', Array)
#58 E:\Projects\NsBase\vendor\phpunit\phpunit\src\Framework\TestCase.php(521): PHPUnit\Framework\TestCase->runTest()
#59 E:\Projects\NsBase\vendor\phpunit\phpunit\src\Framework\TestRunner\TestRunner.php(99): PHPUnit\Framework\TestCase->runBare()
#60 E:\Projects\NsBase\vendor\phpunit\phpunit\src\Framework\TestCase.php(361): PHPUnit\Framework\TestRunner->run(Object(Tests\Feature\ApiTest))
#61 E:\Projects\NsBase\vendor\phpunit\phpunit\src\Framework\TestSuite.php(374): PHPUnit\Framework\TestCase->run()
#62 E:\Projects\NsBase\vendor\phpunit\phpunit\src\TextUI\TestRunner.php(64): PHPUnit\Framework\TestSuite->run()
#63 E:\Projects\NsBase\vendor\phpunit\phpunit\src\TextUI\Application.php(229): PHPUnit\TextUI\TestRunner->run(Object(PHPUnit\TextUI\Configuration\Configuration), Object(PHPUnit\Runner\ResultCache\DefaultResultCache), Object(PHPUnit\Framework\TestSuite))
#64 E:\Projects\NsBase\vendor\phpunit\phpunit\phpunit(104): PHPUnit\TextUI\Application->run(Array)
#65 {main}

----------------------------------------------------------------------------------

There is no permission named `users.edit` for guard `sanctum`.[39;22m

  at [32mtests\Feature\ApiTest.php[39m:[32m127[39m
    123Ôûò     {
    124Ôûò         $target = User::factory()->create();
    125Ôûò         $this->actingAs($this->admin, 'sanctum')
    126Ôûò             ->putJson("/api/users/{$target->id}", ['name' => 'Updated'])
  Ô×£ 127Ôûò             ->assertOk()
    128Ôûò             ->assertJsonPath('data.name', 'Updated');
    129Ôûò     }
    130Ôûò 
    131Ôûò     public function test_admin_can_delete_user()

  [31mÔöÇÔöÇÔöÇÔöÇÔöÇÔöÇÔöÇÔöÇÔöÇÔöÇÔöÇÔöÇÔöÇÔöÇÔöÇÔöÇÔöÇÔöÇÔöÇÔöÇÔöÇÔöÇÔöÇÔöÇÔöÇÔöÇÔöÇÔöÇÔöÇÔöÇÔöÇÔöÇÔöÇÔöÇÔöÇÔöÇÔöÇÔöÇÔöÇÔöÇÔöÇÔöÇÔöÇÔöÇÔöÇÔöÇÔöÇÔöÇÔöÇÔöÇÔöÇÔöÇÔöÇÔöÇÔöÇÔöÇÔöÇÔöÇÔöÇÔöÇÔöÇÔöÇÔöÇÔöÇÔöÇÔöÇÔöÇÔöÇÔöÇÔöÇÔöÇÔöÇÔöÇÔöÇÔöÇÔöÇ[39m  
  [41;1m FAILED [49;22m [1mTests\Feature\ApiTest[22m [90m>[39m admin can delete user                        
[39;1m  Expected response status code [200] but received 500.
Failed asserting that 500 is identical to 200.

The following exception occurred during the last request:

Spatie\Permission\Exceptions\PermissionDoesNotExist: There is no permission named `users.delete` for guard `sanctum`. in E:\Projects\NsBase\vendor\spatie\laravel-permission\src\Exceptions\PermissionDoesNotExist.php:11
Stack trace:
#0 E:\Projects\NsBase\vendor\spatie\laravel-permission\src\Models\Permission.php(103): Spatie\Permission\Exceptions\PermissionDoesNotExist::create('users.delete', 'sanctum')
#1 E:\Projects\NsBase\vendor\spatie\laravel-permission\src\Traits\HasPermissions.php(185): Spatie\Permission\Models\Permission::findByName('users.delete', 'sanctum')
#2 E:\Projects\NsBase\vendor\spatie\laravel-permission\src\Traits\HasPermissions.php(211): App\Models\User->filterPermission('users.delete', NULL)
#3 E:\Projects\NsBase\app\Policies\UserPolicy.php(31): App\Models\User->hasPermissionTo('users.delete')
#4 E:\Projects\NsBase\vendor\laravel\framework\src\Illuminate\Auth\Access\Gate.php(844): App\Policies\UserPolicy->delete(Object(App\Models\User), Object(App\Models\User))
#5 E:\Projects\NsBase\vendor\laravel\framework\src\Illuminate\Auth\Access\Gate.php(797): Illuminate\Auth\Access\Gate->callPolicyMethod(Object(App\Policies\UserPolicy), 'delete', Object(App\Models\User), Array)
#6 E:\Projects\NsBase\vendor\laravel\framework\src\Illuminate\Auth\Access\Gate.php(553): Illuminate\Auth\Access\Gate->Illuminate\Auth\Access\{closure}(Object(App\Models\User), Object(App\Models\User))
#7 E:\Projects\NsBase\vendor\laravel\framework\src\Illuminate\Auth\Access\Gate.php(448): Illuminate\Auth\Access\Gate->callAuthCallback(Object(App\Models\User), 'delete', Array)
#8 E:\Projects\NsBase\vendor\laravel\framework\src\Illuminate\Auth\Access\Gate.php(411): Illuminate\Auth\Access\Gate->raw('delete', Array)
#9 E:\Projects\NsBase\vendor\laravel\framework\src\Illuminate\Auth\Access\Gate.php(398): Illuminate\Auth\Access\Gate->inspect('delete', Object(App\Models\User))
#10 E:\Projects\NsBase\vendor\laravel\framework\src\Illuminate\Foundation\Auth\Access\AuthorizesRequests.php(25): Illuminate\Auth\Access\Gate->authorize('delete', Object(App\Models\User))
#11 E:\Projects\NsBase\app\Http\Controllers\Api\UserController.php(79): App\Http\Controllers\Controller->authorize('delete', Object(App\Models\User))
#12 E:\Projects\NsBase\vendor\laravel\framework\src\Illuminate\Routing\Controller.php(54): App\Http\Controllers\Api\UserController->destroy(Object(App\Models\User))
#13 E:\Projects\NsBase\vendor\laravel\framework\src\Illuminate\Routing\ControllerDispatcher.php(43): Illuminate\Routing\Controller->callAction('destroy', Array)
#14 E:\Projects\NsBase\vendor\laravel\framework\src\Illuminate\Routing\Route.php(269): Illuminate\Routing\ControllerDispatcher->dispatch(Object(Illuminate\Routing\Route), Object(App\Http\Controllers\Api\UserController), 'destroy')
#15 E:\Projects\NsBase\vendor\laravel\framework\src\Illuminate\Routing\Route.php(215): Illuminate\Routing\Route->runController()
#16 E:\Projects\NsBase\vendor\laravel\framework\src\Illuminate\Routing\Router.php(822): Illuminate\Routing\Route->run()
#17 E:\Projects\NsBase\vendor\laravel\framework\src\Illuminate\Pipeline\Pipeline.php(180): Illuminate\Routing\Router->Illuminate\Routing\{closure}(Object(Illuminate\Http\Request))
#18 E:\Projects\NsBase\app\Http\Middleware\ForceJsonResponse.php(15): Illuminate\Pipeline\Pipeline->Illuminate\Pipeline\{closure}(Object(Illuminate\Http\Request))
#19 E:\Projects\NsBase\vendor\laravel\framework\src\Illuminate\Pipeline\Pipeline.php(219): App\Http\Middleware\ForceJsonResponse->handle(Object(Illuminate\Http\Request), Object(Closure))
#20 E:\Projects\NsBase\vendor\laravel\framework\src\Illuminate\Routing\Middleware\SubstituteBindings.php(52): Illuminate\Pipeline\Pipeline->Illuminate\Pipeline\{closure}(Object(Illuminate\Http\Request))
#21 E:\Projects\NsBase\vendor\laravel\framework\src\Illuminate\Pipeline\Pipeline.php(219): Illuminate\Routing\Middleware\SubstituteBindings->handle(Object(Illuminate\Http\Request), Object(Closure))
#22 E:\Projects\NsBase\vendor\laravel\framework\src\Illuminate\Auth\Middleware\Authenticate.php(63): Illuminate\Pipeline\Pipeline->Illuminate\Pipeline\{closure}(Object(Illuminate\Http\Request))
#23 E:\Projects\NsBase\vendor\laravel\framework\src\Illuminate\Pipeline\Pipeline.php(219): Illuminate\Auth\Middleware\Authenticate->handle(Object(Illuminate\Http\Request), Object(Closure), 'sanctum')
#24 E:\Projects\NsBase\vendor\laravel\framework\src\Illuminate\Pipeline\Pipeline.php(137): Illuminate\Pipeline\Pipeline->Illuminate\Pipeline\{closure}(Object(Illuminate\Http\Request))
#25 E:\Projects\NsBase\vendor\laravel\framework\src\Illuminate\Routing\Router.php(821): Illuminate\Pipeline\Pipeline->then(Object(Closure))
#26 E:\Projects\NsBase\vendor\laravel\framework\src\Illuminate\Routing\Router.php(800): Illuminate\Routing\Router->runRouteWithinStack(Object(Illuminate\Routing\Route), Object(Illuminate\Http\Request))
#27 E:\Projects\NsBase\vendor\laravel\framework\src\Illuminate\Routing\Router.php(764): Illuminate\Routing\Router->runRoute(Object(Illuminate\Http\Request), Object(Illuminate\Routing\Route))
#28 E:\Projects\NsBase\vendor\laravel\framework\src\Illuminate\Routing\Router.php(753): Illuminate\Routing\Router->dispatchToRoute(Object(Illuminate\Http\Request))
#29 E:\Projects\NsBase\vendor\laravel\framework\src\Illuminate\Foundation\Http\Kernel.php(200): Illuminate\Routing\Router->dispatch(Object(Illuminate\Http\Request))
#30 E:\Projects\NsBase\vendor\laravel\framework\src\Illuminate\Pipeline\Pipeline.php(180): Illuminate\Foundation\Http\Kernel->Illuminate\Foundation\Http\{closure}(Object(Illuminate\Http\Request))
#31 E:\Projects\NsBase\vendor\laravel\framework\src\Illuminate\Foundation\Http\Middleware\TransformsRequest.php(21): Illuminate\Pipeline\Pipeline->Illuminate\Pipeline\{closure}(Object(Illuminate\Http\Request))
#32 E:\Projects\NsBase\vendor\laravel\framework\src\Illuminate\Foundation\Http\Middleware\ConvertEmptyStringsToNull.php(31): Illuminate\Foundation\Http\Middleware\TransformsRequest->handle(Object(Illuminate\Http\Request), Object(Closure))
#33 E:\Projects\NsBase\vendor\laravel\framework\src\Illuminate\Pipeline\Pipeline.php(219): Illuminate\Foundation\Http\Middleware\ConvertEmptyStringsToNull->handle(Object(Illuminate\Http\Request), Object(Closure))
#34 E:\Projects\NsBase\vendor\laravel\framework\src\Illuminate\Foundation\Http\Middleware\TransformsRequest.php(21): Illuminate\Pipeline\Pipeline->Illuminate\Pipeline\{closure}(Object(Illuminate\Http\Request))
#35 E:\Projects\NsBase\vendor\laravel\framework\src\Illuminate\Foundation\Http\Middleware\TrimStrings.php(51): Illuminate\Foundation\Http\Middleware\TransformsRequest->handle(Object(Illuminate\Http\Request), Object(Closure))
#36 E:\Projects\NsBase\vendor\laravel\framework\src\Illuminate\Pipeline\Pipeline.php(219): Illuminate\Foundation\Http\Middleware\TrimStrings->handle(Object(Illuminate\Http\Request), Object(Closure))
#37 E:\Projects\NsBase\vendor\laravel\framework\src\Illuminate\Http\Middleware\ValidatePostSize.php(27): Illuminate\Pipeline\Pipeline->Illuminate\Pipeline\{closure}(Object(Illuminate\Http\Request))
#38 E:\Projects\NsBase\vendor\laravel\framework\src\Illuminate\Pipeline\Pipeline.php(219): Illuminate\Http\Middleware\ValidatePostSize->handle(Object(Illuminate\Http\Request), Object(Closure))
#39 E:\Projects\NsBase\vendor\laravel\framework\src\Illuminate\Foundation\Http\Middleware\PreventRequestsDuringMaintenance.php(109): Illuminate\Pipeline\Pipeline->Illuminate\Pipeline\{closure}(Object(Illuminate\Http\Request))
#40 E:\Projects\NsBase\vendor\laravel\framework\src\Illuminate\Pipeline\Pipeline.php(219): Illuminate\Foundation\Http\Middleware\PreventRequestsDuringMaintenance->handle(Object(Illuminate\Http\Request), Object(Closure))
#41 E:\Projects\NsBase\vendor\laravel\framework\src\Illuminate\Http\Middleware\HandleCors.php(74): Illuminate\Pipeline\Pipeline->Illuminate\Pipeline\{closure}(Object(Illuminate\Http\Request))
#42 E:\Projects\NsBase\vendor\laravel\framework\src\Illuminate\Pipeline\Pipeline.php(219): Illuminate\Http\Middleware\HandleCors->handle(Object(Illuminate\Http\Request), Object(Closure))
#43 E:\Projects\NsBase\vendor\laravel\framework\src\Illuminate\Http\Middleware\TrustProxies.php(58): Illuminate\Pipeline\Pipeline->Illuminate\Pipeline\{closure}(Object(Illuminate\Http\Request))
#44 E:\Projects\NsBase\vendor\laravel\framework\src\Illuminate\Pipeline\Pipeline.php(219): Illuminate\Http\Middleware\TrustProxies->handle(Object(Illuminate\Http\Request), Object(Closure))
#45 E:\Projects\NsBase\vendor\laravel\framework\src\Illuminate\Foundation\Http\Middleware\InvokeDeferredCallbacks.php(22): Illuminate\Pipeline\Pipeline->Illuminate\Pipeline\{closure}(Object(Illuminate\Http\Request))
#46 E:\Projects\NsBase\vendor\laravel\framework\src\Illuminate\Pipeline\Pipeline.php(219): Illuminate\Foundation\Http\Middleware\InvokeDeferredCallbacks->handle(Object(Illuminate\Http\Request), Object(Closure))
#47 E:\Projects\NsBase\vendor\laravel\framework\src\Illuminate\Http\Middleware\ValidatePathEncoding.php(28): Illuminate\Pipeline\Pipeline->Illuminate\Pipeline\{closure}(Object(Illuminate\Http\Request))
#48 E:\Projects\NsBase\vendor\laravel\framework\src\Illuminate\Pipeline\Pipeline.php(219): Illuminate\Http\Middleware\ValidatePathEncoding->handle(Object(Illuminate\Http\Request), Object(Closure))
#49 E:\Projects\NsBase\vendor\laravel\framework\src\Illuminate\Pipeline\Pipeline.php(137): Illuminate\Pipeline\Pipeline->Illuminate\Pipeline\{closure}(Object(Illuminate\Http\Request))
#50 E:\Projects\NsBase\vendor\laravel\framework\src\Illuminate\Foundation\Http\Kernel.php(175): Illuminate\Pipeline\Pipeline->then(Object(Closure))
#51 E:\Projects\NsBase\vendor\laravel\framework\src\Illuminate\Foundation\Http\Kernel.php(144): Illuminate\Foundation\Http\Kernel->sendRequestThroughRouter(Object(Illuminate\Http\Request))
#52 E:\Projects\NsBase\vendor\laravel\framework\src\Illuminate\Foundation\Testing\Concerns\MakesHttpRequests.php(607): Illuminate\Foundation\Http\Kernel->handle(Object(Illuminate\Http\Request))
#53 E:\Projects\NsBase\vendor\laravel\framework\src\Illuminate\Foundation\Testing\Concerns\MakesHttpRequests.php(573): Illuminate\Foundation\Testing\TestCase->call('DELETE', '/api/users/3', Array, Array, Array, Array, '[]')
#54 E:\Projects\NsBase\vendor\laravel\framework\src\Illuminate\Foundation\Testing\Concerns\MakesHttpRequests.php(501): Illuminate\Foundation\Testing\TestCase->json('DELETE', '/api/users/3', Array, Array, 0)
#55 E:\Projects\NsBase\tests\Feature\ApiTest.php(135): Illuminate\Foundation\Testing\TestCase->deleteJson('/api/users/3')
#56 E:\Projects\NsBase\vendor\phpunit\phpunit\src\Framework\TestCase.php(1314): Tests\Feature\ApiTest->test_admin_can_delete_user()
#57 E:\Projects\NsBase\vendor\phpunit\phpunit\src\Framework\TestCase.php(1351): PHPUnit\Framework\TestCase->invokeTestMethod('test_admin_can_...', Array)
#58 E:\Projects\NsBase\vendor\phpunit\phpunit\src\Framework\TestCase.php(521): PHPUnit\Framework\TestCase->runTest()
#59 E:\Projects\NsBase\vendor\phpunit\phpunit\src\Framework\TestRunner\TestRunner.php(99): PHPUnit\Framework\TestCase->runBare()
#60 E:\Projects\NsBase\vendor\phpunit\phpunit\src\Framework\TestCase.php(361): PHPUnit\Framework\TestRunner->run(Object(Tests\Feature\ApiTest))
#61 E:\Projects\NsBase\vendor\phpunit\phpunit\src\Framework\TestSuite.php(374): PHPUnit\Framework\TestCase->run()
#62 E:\Projects\NsBase\vendor\phpunit\phpunit\src\TextUI\TestRunner.php(64): PHPUnit\Framework\TestSuite->run()
#63 E:\Projects\NsBase\vendor\phpunit\phpunit\src\TextUI\Application.php(229): PHPUnit\TextUI\TestRunner->run(Object(PHPUnit\TextUI\Configuration\Configuration), Object(PHPUnit\Runner\ResultCache\DefaultResultCache), Object(PHPUnit\Framework\TestSuite))
#64 E:\Projects\NsBase\vendor\phpunit\phpunit\phpunit(104): PHPUnit\TextUI\Application->run(Array)
#65 {main}

----------------------------------------------------------------------------------

There is no permission named `users.delete` for guard `sanctum`.[39;22m

  at [32mtests\Feature\ApiTest.php[39m:[32m136[39m
    132Ôûò     {
    133Ôûò         $target = User::factory()->create();
    134Ôûò         $this->actingAs($this->admin, 'sanctum')
    135Ôûò             ->deleteJson("/api/users/{$target->id}")
  Ô×£ 136Ôûò             ->assertOk();
    137Ôûò     }
    138Ôûò 
    139Ôûò     // ÔöÇÔöÇÔöÇ Roles & Permissions ÔöÇÔöÇÔöÇÔöÇÔöÇÔöÇÔöÇÔöÇÔöÇÔöÇÔöÇÔöÇÔöÇÔöÇÔöÇÔöÇÔöÇÔöÇÔöÇÔöÇÔöÇÔöÇÔöÇÔöÇÔöÇÔöÇÔöÇÔöÇÔöÇÔöÇÔöÇÔöÇÔöÇÔöÇÔöÇÔöÇ
    140Ôûò

  [31mÔöÇÔöÇÔöÇÔöÇÔöÇÔöÇÔöÇÔöÇÔöÇÔöÇÔöÇÔöÇÔöÇÔöÇÔöÇÔöÇÔöÇÔöÇÔöÇÔöÇÔöÇÔöÇÔöÇÔöÇÔöÇÔöÇÔöÇÔöÇÔöÇÔöÇÔöÇÔöÇÔöÇÔöÇÔöÇÔöÇÔöÇÔöÇÔöÇÔöÇÔöÇÔöÇÔöÇÔöÇÔöÇÔöÇÔöÇÔöÇÔöÇÔöÇÔöÇÔöÇÔöÇÔöÇÔöÇÔöÇÔöÇÔöÇÔöÇÔöÇÔöÇÔöÇÔöÇÔöÇÔöÇÔöÇÔöÇÔöÇÔöÇÔöÇÔöÇÔöÇÔöÇÔöÇÔöÇÔöÇ[39m  
  [41;1m FAILED [49;22m [1mTests\Feature\ApiTest[22m [90m>[39m admin can create service                     
[39;1m  Expected response status code [201] but received 500.
Failed asserting that 500 is identical to 201.

The following exception occurred during the last request:

Spatie\Permission\Exceptions\PermissionDoesNotExist: There is no permission named `services.create` for guard `sanctum`. in E:\Projects\NsBase\vendor\spatie\laravel-permission\src\Exceptions\PermissionDoesNotExist.php:11
Stack trace:
#0 E:\Projects\NsBase\vendor\spatie\laravel-permission\src\Models\Permission.php(103): Spatie\Permission\Exceptions\PermissionDoesNotExist::create('services.create', 'sanctum')
#1 E:\Projects\NsBase\vendor\spatie\laravel-permission\src\Traits\HasPermissions.php(185): Spatie\Permission\Models\Permission::findByName('services.create', 'sanctum')
#2 E:\Projects\NsBase\vendor\spatie\laravel-permission\src\Traits\HasPermissions.php(211): App\Models\User->filterPermission('services.create', NULL)
#3 E:\Projects\NsBase\app\Policies\ServicePolicy.php(22): App\Models\User->hasPermissionTo('services.create')
#4 E:\Projects\NsBase\vendor\laravel\framework\src\Illuminate\Auth\Access\Gate.php(844): App\Policies\ServicePolicy->create(Object(App\Models\User))
#5 E:\Projects\NsBase\vendor\laravel\framework\src\Illuminate\Auth\Access\Gate.php(797): Illuminate\Auth\Access\Gate->callPolicyMethod(Object(App\Policies\ServicePolicy), 'create', Object(App\Models\User), Array)
#6 E:\Projects\NsBase\vendor\laravel\framework\src\Illuminate\Auth\Access\Gate.php(553): Illuminate\Auth\Access\Gate->Illuminate\Auth\Access\{closure}(Object(App\Models\User), 'App\\Models\\Serv...')
#7 E:\Projects\NsBase\vendor\laravel\framework\src\Illuminate\Auth\Access\Gate.php(448): Illuminate\Auth\Access\Gate->callAuthCallback(Object(App\Models\User), 'create', Array)
#8 E:\Projects\NsBase\vendor\laravel\framework\src\Illuminate\Auth\Access\Gate.php(411): Illuminate\Auth\Access\Gate->raw('create', Array)
#9 E:\Projects\NsBase\vendor\laravel\framework\src\Illuminate\Auth\Access\Gate.php(398): Illuminate\Auth\Access\Gate->inspect('create', 'App\\Models\\Serv...')
#10 E:\Projects\NsBase\vendor\laravel\framework\src\Illuminate\Foundation\Auth\Access\AuthorizesRequests.php(25): Illuminate\Auth\Access\Gate->authorize('create', 'App\\Models\\Serv...')
#11 E:\Projects\NsBase\app\Http\Controllers\Api\ServiceController.php(33): App\Http\Controllers\Controller->authorize('create', 'App\\Models\\Serv...')
#12 E:\Projects\NsBase\vendor\laravel\framework\src\Illuminate\Routing\Controller.php(54): App\Http\Controllers\Api\ServiceController->store(Object(App\Http\Requests\Api\ServiceRequest))
#13 E:\Projects\NsBase\vendor\laravel\framework\src\Illuminate\Routing\ControllerDispatcher.php(43): Illuminate\Routing\Controller->callAction('store', Array)
#14 E:\Projects\NsBase\vendor\laravel\framework\src\Illuminate\Routing\Route.php(269): Illuminate\Routing\ControllerDispatcher->dispatch(Object(Illuminate\Routing\Route), Object(App\Http\Controllers\Api\ServiceController), 'store')
#15 E:\Projects\NsBase\vendor\laravel\framework\src\Illuminate\Routing\Route.php(215): Illuminate\Routing\Route->runController()
#16 E:\Projects\NsBase\vendor\laravel\framework\src\Illuminate\Routing\Router.php(822): Illuminate\Routing\Route->run()
#17 E:\Projects\NsBase\vendor\laravel\framework\src\Illuminate\Pipeline\Pipeline.php(180): Illuminate\Routing\Router->Illuminate\Routing\{closure}(Object(Illuminate\Http\Request))
#18 E:\Projects\NsBase\app\Http\Middleware\ForceJsonResponse.php(15): Illuminate\Pipeline\Pipeline->Illuminate\Pipeline\{closure}(Object(Illuminate\Http\Request))
#19 E:\Projects\NsBase\vendor\laravel\framework\src\Illuminate\Pipeline\Pipeline.php(219): App\Http\Middleware\ForceJsonResponse->handle(Object(Illuminate\Http\Request), Object(Closure))
#20 E:\Projects\NsBase\vendor\laravel\framework\src\Illuminate\Routing\Middleware\SubstituteBindings.php(52): Illuminate\Pipeline\Pipeline->Illuminate\Pipeline\{closure}(Object(Illuminate\Http\Request))
#21 E:\Projects\NsBase\vendor\laravel\framework\src\Illuminate\Pipeline\Pipeline.php(219): Illuminate\Routing\Middleware\SubstituteBindings->handle(Object(Illuminate\Http\Request), Object(Closure))
#22 E:\Projects\NsBase\vendor\laravel\framework\src\Illuminate\Auth\Middleware\Authenticate.php(63): Illuminate\Pipeline\Pipeline->Illuminate\Pipeline\{closure}(Object(Illuminate\Http\Request))
#23 E:\Projects\NsBase\vendor\laravel\framework\src\Illuminate\Pipeline\Pipeline.php(219): Illuminate\Auth\Middleware\Authenticate->handle(Object(Illuminate\Http\Request), Object(Closure), 'sanctum')
#24 E:\Projects\NsBase\vendor\laravel\framework\src\Illuminate\Pipeline\Pipeline.php(137): Illuminate\Pipeline\Pipeline->Illuminate\Pipeline\{closure}(Object(Illuminate\Http\Request))
#25 E:\Projects\NsBase\vendor\laravel\framework\src\Illuminate\Routing\Router.php(821): Illuminate\Pipeline\Pipeline->then(Object(Closure))
#26 E:\Projects\NsBase\vendor\laravel\framework\src\Illuminate\Routing\Router.php(800): Illuminate\Routing\Router->runRouteWithinStack(Object(Illuminate\Routing\Route), Object(Illuminate\Http\Request))
#27 E:\Projects\NsBase\vendor\laravel\framework\src\Illuminate\Routing\Router.php(764): Illuminate\Routing\Router->runRoute(Object(Illuminate\Http\Request), Object(Illuminate\Routing\Route))
#28 E:\Projects\NsBase\vendor\laravel\framework\src\Illuminate\Routing\Router.php(753): Illuminate\Routing\Router->dispatchToRoute(Object(Illuminate\Http\Request))
#29 E:\Projects\NsBase\vendor\laravel\framework\src\Illuminate\Foundation\Http\Kernel.php(200): Illuminate\Routing\Router->dispatch(Object(Illuminate\Http\Request))
#30 E:\Projects\NsBase\vendor\laravel\framework\src\Illuminate\Pipeline\Pipeline.php(180): Illuminate\Foundation\Http\Kernel->Illuminate\Foundation\Http\{closure}(Object(Illuminate\Http\Request))
#31 E:\Projects\NsBase\vendor\laravel\framework\src\Illuminate\Foundation\Http\Middleware\TransformsRequest.php(21): Illuminate\Pipeline\Pipeline->Illuminate\Pipeline\{closure}(Object(Illuminate\Http\Request))
#32 E:\Projects\NsBase\vendor\laravel\framework\src\Illuminate\Foundation\Http\Middleware\ConvertEmptyStringsToNull.php(31): Illuminate\Foundation\Http\Middleware\TransformsRequest->handle(Object(Illuminate\Http\Request), Object(Closure))
#33 E:\Projects\NsBase\vendor\laravel\framework\src\Illuminate\Pipeline\Pipeline.php(219): Illuminate\Foundation\Http\Middleware\ConvertEmptyStringsToNull->handle(Object(Illuminate\Http\Request), Object(Closure))
#34 E:\Projects\NsBase\vendor\laravel\framework\src\Illuminate\Foundation\Http\Middleware\TransformsRequest.php(21): Illuminate\Pipeline\Pipeline->Illuminate\Pipeline\{closure}(Object(Illuminate\Http\Request))
#35 E:\Projects\NsBase\vendor\laravel\framework\src\Illuminate\Foundation\Http\Middleware\TrimStrings.php(51): Illuminate\Foundation\Http\Middleware\TransformsRequest->handle(Object(Illuminate\Http\Request), Object(Closure))
#36 E:\Projects\NsBase\vendor\laravel\framework\src\Illuminate\Pipeline\Pipeline.php(219): Illuminate\Foundation\Http\Middleware\TrimStrings->handle(Object(Illuminate\Http\Request), Object(Closure))
#37 E:\Projects\NsBase\vendor\laravel\framework\src\Illuminate\Http\Middleware\ValidatePostSize.php(27): Illuminate\Pipeline\Pipeline->Illuminate\Pipeline\{closure}(Object(Illuminate\Http\Request))
#38 E:\Projects\NsBase\vendor\laravel\framework\src\Illuminate\Pipeline\Pipeline.php(219): Illuminate\Http\Middleware\ValidatePostSize->handle(Object(Illuminate\Http\Request), Object(Closure))
#39 E:\Projects\NsBase\vendor\laravel\framework\src\Illuminate\Foundation\Http\Middleware\PreventRequestsDuringMaintenance.php(109): Illuminate\Pipeline\Pipeline->Illuminate\Pipeline\{closure}(Object(Illuminate\Http\Request))
#40 E:\Projects\NsBase\vendor\laravel\framework\src\Illuminate\Pipeline\Pipeline.php(219): Illuminate\Foundation\Http\Middleware\PreventRequestsDuringMaintenance->handle(Object(Illuminate\Http\Request), Object(Closure))
#41 E:\Projects\NsBase\vendor\laravel\framework\src\Illuminate\Http\Middleware\HandleCors.php(74): Illuminate\Pipeline\Pipeline->Illuminate\Pipeline\{closure}(Object(Illuminate\Http\Request))
#42 E:\Projects\NsBase\vendor\laravel\framework\src\Illuminate\Pipeline\Pipeline.php(219): Illuminate\Http\Middleware\HandleCors->handle(Object(Illuminate\Http\Request), Object(Closure))
#43 E:\Projects\NsBase\vendor\laravel\framework\src\Illuminate\Http\Middleware\TrustProxies.php(58): Illuminate\Pipeline\Pipeline->Illuminate\Pipeline\{closure}(Object(Illuminate\Http\Request))
#44 E:\Projects\NsBase\vendor\laravel\framework\src\Illuminate\Pipeline\Pipeline.php(219): Illuminate\Http\Middleware\TrustProxies->handle(Object(Illuminate\Http\Request), Object(Closure))
#45 E:\Projects\NsBase\vendor\laravel\framework\src\Illuminate\Foundation\Http\Middleware\InvokeDeferredCallbacks.php(22): Illuminate\Pipeline\Pipeline->Illuminate\Pipeline\{closure}(Object(Illuminate\Http\Request))
#46 E:\Projects\NsBase\vendor\laravel\framework\src\Illuminate\Pipeline\Pipeline.php(219): Illuminate\Foundation\Http\Middleware\InvokeDeferredCallbacks->handle(Object(Illuminate\Http\Request), Object(Closure))
#47 E:\Projects\NsBase\vendor\laravel\framework\src\Illuminate\Http\Middleware\ValidatePathEncoding.php(28): Illuminate\Pipeline\Pipeline->Illuminate\Pipeline\{closure}(Object(Illuminate\Http\Request))
#48 E:\Projects\NsBase\vendor\laravel\framework\src\Illuminate\Pipeline\Pipeline.php(219): Illuminate\Http\Middleware\ValidatePathEncoding->handle(Object(Illuminate\Http\Request), Object(Closure))
#49 E:\Projects\NsBase\vendor\laravel\framework\src\Illuminate\Pipeline\Pipeline.php(137): Illuminate\Pipeline\Pipeline->Illuminate\Pipeline\{closure}(Object(Illuminate\Http\Request))
#50 E:\Projects\NsBase\vendor\laravel\framework\src\Illuminate\Foundation\Http\Kernel.php(175): Illuminate\Pipeline\Pipeline->then(Object(Closure))
#51 E:\Projects\NsBase\vendor\laravel\framework\src\Illuminate\Foundation\Http\Kernel.php(144): Illuminate\Foundation\Http\Kernel->sendRequestThroughRouter(Object(Illuminate\Http\Request))
#52 E:\Projects\NsBase\vendor\laravel\framework\src\Illuminate\Foundation\Testing\Concerns\MakesHttpRequests.php(607): Illuminate\Foundation\Http\Kernel->handle(Object(Illuminate\Http\Request))
#53 E:\Projects\NsBase\vendor\laravel\framework\src\Illuminate\Foundation\Testing\Concerns\MakesHttpRequests.php(573): Illuminate\Foundation\Testing\TestCase->call('POST', '/api/services', Array, Array, Array, Array, '{"title":{"fr":...')
#54 E:\Projects\NsBase\vendor\laravel\framework\src\Illuminate\Foundation\Testing\Concerns\MakesHttpRequests.php(411): Illuminate\Foundation\Testing\TestCase->json('POST', '/api/services', Array, Array, 0)
#55 E:\Projects\NsBase\tests\Feature\ApiTest.php(167): Illuminate\Foundation\Testing\TestCase->postJson('/api/services', Array)
#56 E:\Projects\NsBase\vendor\phpunit\phpunit\src\Framework\TestCase.php(1314): Tests\Feature\ApiTest->test_admin_can_create_service()
#57 E:\Projects\NsBase\vendor\phpunit\phpunit\src\Framework\TestCase.php(1351): PHPUnit\Framework\TestCase->invokeTestMethod('test_admin_can_...', Array)
#58 E:\Projects\NsBase\vendor\phpunit\phpunit\src\Framework\TestCase.php(521): PHPUnit\Framework\TestCase->runTest()
#59 E:\Projects\NsBase\vendor\phpunit\phpunit\src\Framework\TestRunner\TestRunner.php(99): PHPUnit\Framework\TestCase->runBare()
#60 E:\Projects\NsBase\vendor\phpunit\phpunit\src\Framework\TestCase.php(361): PHPUnit\Framework\TestRunner->run(Object(Tests\Feature\ApiTest))
#61 E:\Projects\NsBase\vendor\phpunit\phpunit\src\Framework\TestSuite.php(374): PHPUnit\Framework\TestCase->run()
#62 E:\Projects\NsBase\vendor\phpunit\phpunit\src\TextUI\TestRunner.php(64): PHPUnit\Framework\TestSuite->run()
#63 E:\Projects\NsBase\vendor\phpunit\phpunit\src\TextUI\Application.php(229): PHPUnit\TextUI\TestRunner->run(Object(PHPUnit\TextUI\Configuration\Configuration), Object(PHPUnit\Runner\ResultCache\DefaultResultCache), Object(PHPUnit\Framework\TestSuite))
#64 E:\Projects\NsBase\vendor\phpunit\phpunit\phpunit(104): PHPUnit\TextUI\Application->run(Array)
#65 {main}

----------------------------------------------------------------------------------

There is no permission named `services.create` for guard `sanctum`.[39;22m

  at [32mtests\Feature\ApiTest.php[39m:[32m173[39m
    169Ôûò                 'description' => ['fr' => 'Description FR'],
    170Ôûò                 'icon' => 'code',
    171Ôûò                 'order' => 1,
    172Ôûò                 'is_active' => true,
  Ô×£ 173Ôûò             ])->assertCreated();
    174Ôûò     }
    175Ôûò 
    176Ôûò     public function test_service_requires_translated_title()
    177Ôûò     {

  [31mÔöÇÔöÇÔöÇÔöÇÔöÇÔöÇÔöÇÔöÇÔöÇÔöÇÔöÇÔöÇÔöÇÔöÇÔöÇÔöÇÔöÇÔöÇÔöÇÔöÇÔöÇÔöÇÔöÇÔöÇÔöÇÔöÇÔöÇÔöÇÔöÇÔöÇÔöÇÔöÇÔöÇÔöÇÔöÇÔöÇÔöÇÔöÇÔöÇÔöÇÔöÇÔöÇÔöÇÔöÇÔöÇÔöÇÔöÇÔöÇÔöÇÔöÇÔöÇÔöÇÔöÇÔöÇÔöÇÔöÇÔöÇÔöÇÔöÇÔöÇÔöÇÔöÇÔöÇÔöÇÔöÇÔöÇÔöÇÔöÇÔöÇÔöÇÔöÇÔöÇÔöÇÔöÇÔöÇÔöÇ[39m  
  [41;1m FAILED [49;22m [1mTests\Feature\ApiTest[22m [90m>[39m admin can update service                     
[39;1m  Expected response status code [200] but received 500.
Failed asserting that 500 is identical to 200.

The following exception occurred during the last request:

Spatie\Permission\Exceptions\PermissionDoesNotExist: There is no permission named `services.edit` for guard `sanctum`. in E:\Projects\NsBase\vendor\spatie\laravel-permission\src\Exceptions\PermissionDoesNotExist.php:11
Stack trace:
#0 E:\Projects\NsBase\vendor\spatie\laravel-permission\src\Models\Permission.php(103): Spatie\Permission\Exceptions\PermissionDoesNotExist::create('services.edit', 'sanctum')
#1 E:\Projects\NsBase\vendor\spatie\laravel-permission\src\Traits\HasPermissions.php(185): Spatie\Permission\Models\Permission::findByName('services.edit', 'sanctum')
#2 E:\Projects\NsBase\vendor\spatie\laravel-permission\src\Traits\HasPermissions.php(211): App\Models\User->filterPermission('services.edit', NULL)
#3 E:\Projects\NsBase\app\Policies\ServicePolicy.php(27): App\Models\User->hasPermissionTo('services.edit')
#4 E:\Projects\NsBase\vendor\laravel\framework\src\Illuminate\Auth\Access\Gate.php(844): App\Policies\ServicePolicy->update(Object(App\Models\User), Object(App\Models\Service))
#5 E:\Projects\NsBase\vendor\laravel\framework\src\Illuminate\Auth\Access\Gate.php(797): Illuminate\Auth\Access\Gate->callPolicyMethod(Object(App\Policies\ServicePolicy), 'update', Object(App\Models\User), Array)
#6 E:\Projects\NsBase\vendor\laravel\framework\src\Illuminate\Auth\Access\Gate.php(553): Illuminate\Auth\Access\Gate->Illuminate\Auth\Access\{closure}(Object(App\Models\User), Object(App\Models\Service))
#7 E:\Projects\NsBase\vendor\laravel\framework\src\Illuminate\Auth\Access\Gate.php(448): Illuminate\Auth\Access\Gate->callAuthCallback(Object(App\Models\User), 'update', Array)
#8 E:\Projects\NsBase\vendor\laravel\framework\src\Illuminate\Auth\Access\Gate.php(411): Illuminate\Auth\Access\Gate->raw('update', Array)
#9 E:\Projects\NsBase\vendor\laravel\framework\src\Illuminate\Auth\Access\Gate.php(398): Illuminate\Auth\Access\Gate->inspect('update', Object(App\Models\Service))
#10 E:\Projects\NsBase\vendor\laravel\framework\src\Illuminate\Foundation\Auth\Access\AuthorizesRequests.php(25): Illuminate\Auth\Access\Gate->authorize('update', Object(App\Models\Service))
#11 E:\Projects\NsBase\app\Http\Controllers\Api\ServiceController.php(62): App\Http\Controllers\Controller->authorize('update', Object(App\Models\Service))
#12 E:\Projects\NsBase\vendor\laravel\framework\src\Illuminate\Routing\Controller.php(54): App\Http\Controllers\Api\ServiceController->update(Object(App\Http\Requests\Api\ServiceRequest), Object(App\Models\Service))
#13 E:\Projects\NsBase\vendor\laravel\framework\src\Illuminate\Routing\ControllerDispatcher.php(43): Illuminate\Routing\Controller->callAction('update', Array)
#14 E:\Projects\NsBase\vendor\laravel\framework\src\Illuminate\Routing\Route.php(269): Illuminate\Routing\ControllerDispatcher->dispatch(Object(Illuminate\Routing\Route), Object(App\Http\Controllers\Api\ServiceController), 'update')
#15 E:\Projects\NsBase\vendor\laravel\framework\src\Illuminate\Routing\Route.php(215): Illuminate\Routing\Route->runController()
#16 E:\Projects\NsBase\vendor\laravel\framework\src\Illuminate\Routing\Router.php(822): Illuminate\Routing\Route->run()
#17 E:\Projects\NsBase\vendor\laravel\framework\src\Illuminate\Pipeline\Pipeline.php(180): Illuminate\Routing\Router->Illuminate\Routing\{closure}(Object(Illuminate\Http\Request))
#18 E:\Projects\NsBase\app\Http\Middleware\ForceJsonResponse.php(15): Illuminate\Pipeline\Pipeline->Illuminate\Pipeline\{closure}(Object(Illuminate\Http\Request))
#19 E:\Projects\NsBase\vendor\laravel\framework\src\Illuminate\Pipeline\Pipeline.php(219): App\Http\Middleware\ForceJsonResponse->handle(Object(Illuminate\Http\Request), Object(Closure))
#20 E:\Projects\NsBase\vendor\laravel\framework\src\Illuminate\Routing\Middleware\SubstituteBindings.php(52): Illuminate\Pipeline\Pipeline->Illuminate\Pipeline\{closure}(Object(Illuminate\Http\Request))
#21 E:\Projects\NsBase\vendor\laravel\framework\src\Illuminate\Pipeline\Pipeline.php(219): Illuminate\Routing\Middleware\SubstituteBindings->handle(Object(Illuminate\Http\Request), Object(Closure))
#22 E:\Projects\NsBase\vendor\laravel\framework\src\Illuminate\Auth\Middleware\Authenticate.php(63): Illuminate\Pipeline\Pipeline->Illuminate\Pipeline\{closure}(Object(Illuminate\Http\Request))
#23 E:\Projects\NsBase\vendor\laravel\framework\src\Illuminate\Pipeline\Pipeline.php(219): Illuminate\Auth\Middleware\Authenticate->handle(Object(Illuminate\Http\Request), Object(Closure), 'sanctum')
#24 E:\Projects\NsBase\vendor\laravel\framework\src\Illuminate\Pipeline\Pipeline.php(137): Illuminate\Pipeline\Pipeline->Illuminate\Pipeline\{closure}(Object(Illuminate\Http\Request))
#25 E:\Projects\NsBase\vendor\laravel\framework\src\Illuminate\Routing\Router.php(821): Illuminate\Pipeline\Pipeline->then(Object(Closure))
#26 E:\Projects\NsBase\vendor\laravel\framework\src\Illuminate\Routing\Router.php(800): Illuminate\Routing\Router->runRouteWithinStack(Object(Illuminate\Routing\Route), Object(Illuminate\Http\Request))
#27 E:\Projects\NsBase\vendor\laravel\framework\src\Illuminate\Routing\Router.php(764): Illuminate\Routing\Router->runRoute(Object(Illuminate\Http\Request), Object(Illuminate\Routing\Route))
#28 E:\Projects\NsBase\vendor\laravel\framework\src\Illuminate\Routing\Router.php(753): Illuminate\Routing\Router->dispatchToRoute(Object(Illuminate\Http\Request))
#29 E:\Projects\NsBase\vendor\laravel\framework\src\Illuminate\Foundation\Http\Kernel.php(200): Illuminate\Routing\Router->dispatch(Object(Illuminate\Http\Request))
#30 E:\Projects\NsBase\vendor\laravel\framework\src\Illuminate\Pipeline\Pipeline.php(180): Illuminate\Foundation\Http\Kernel->Illuminate\Foundation\Http\{closure}(Object(Illuminate\Http\Request))
#31 E:\Projects\NsBase\vendor\laravel\framework\src\Illuminate\Foundation\Http\Middleware\TransformsRequest.php(21): Illuminate\Pipeline\Pipeline->Illuminate\Pipeline\{closure}(Object(Illuminate\Http\Request))
#32 E:\Projects\NsBase\vendor\laravel\framework\src\Illuminate\Foundation\Http\Middleware\ConvertEmptyStringsToNull.php(31): Illuminate\Foundation\Http\Middleware\TransformsRequest->handle(Object(Illuminate\Http\Request), Object(Closure))
#33 E:\Projects\NsBase\vendor\laravel\framework\src\Illuminate\Pipeline\Pipeline.php(219): Illuminate\Foundation\Http\Middleware\ConvertEmptyStringsToNull->handle(Object(Illuminate\Http\Request), Object(Closure))
#34 E:\Projects\NsBase\vendor\laravel\framework\src\Illuminate\Foundation\Http\Middleware\TransformsRequest.php(21): Illuminate\Pipeline\Pipeline->Illuminate\Pipeline\{closure}(Object(Illuminate\Http\Request))
#35 E:\Projects\NsBase\vendor\laravel\framework\src\Illuminate\Foundation\Http\Middleware\TrimStrings.php(51): Illuminate\Foundation\Http\Middleware\TransformsRequest->handle(Object(Illuminate\Http\Request), Object(Closure))
#36 E:\Projects\NsBase\vendor\laravel\framework\src\Illuminate\Pipeline\Pipeline.php(219): Illuminate\Foundation\Http\Middleware\TrimStrings->handle(Object(Illuminate\Http\Request), Object(Closure))
#37 E:\Projects\NsBase\vendor\laravel\framework\src\Illuminate\Http\Middleware\ValidatePostSize.php(27): Illuminate\Pipeline\Pipeline->Illuminate\Pipeline\{closure}(Object(Illuminate\Http\Request))
#38 E:\Projects\NsBase\vendor\laravel\framework\src\Illuminate\Pipeline\Pipeline.php(219): Illuminate\Http\Middleware\ValidatePostSize->handle(Object(Illuminate\Http\Request), Object(Closure))
#39 E:\Projects\NsBase\vendor\laravel\framework\src\Illuminate\Foundation\Http\Middleware\PreventRequestsDuringMaintenance.php(109): Illuminate\Pipeline\Pipeline->Illuminate\Pipeline\{closure}(Object(Illuminate\Http\Request))
#40 E:\Projects\NsBase\vendor\laravel\framework\src\Illuminate\Pipeline\Pipeline.php(219): Illuminate\Foundation\Http\Middleware\PreventRequestsDuringMaintenance->handle(Object(Illuminate\Http\Request), Object(Closure))
#41 E:\Projects\NsBase\vendor\laravel\framework\src\Illuminate\Http\Middleware\HandleCors.php(74): Illuminate\Pipeline\Pipeline->Illuminate\Pipeline\{closure}(Object(Illuminate\Http\Request))
#42 E:\Projects\NsBase\vendor\laravel\framework\src\Illuminate\Pipeline\Pipeline.php(219): Illuminate\Http\Middleware\HandleCors->handle(Object(Illuminate\Http\Request), Object(Closure))
#43 E:\Projects\NsBase\vendor\laravel\framework\src\Illuminate\Http\Middleware\TrustProxies.php(58): Illuminate\Pipeline\Pipeline->Illuminate\Pipeline\{closure}(Object(Illuminate\Http\Request))
#44 E:\Projects\NsBase\vendor\laravel\framework\src\Illuminate\Pipeline\Pipeline.php(219): Illuminate\Http\Middleware\TrustProxies->handle(Object(Illuminate\Http\Request), Object(Closure))
#45 E:\Projects\NsBase\vendor\laravel\framework\src\Illuminate\Foundation\Http\Middleware\InvokeDeferredCallbacks.php(22): Illuminate\Pipeline\Pipeline->Illuminate\Pipeline\{closure}(Object(Illuminate\Http\Request))
#46 E:\Projects\NsBase\vendor\laravel\framework\src\Illuminate\Pipeline\Pipeline.php(219): Illuminate\Foundation\Http\Middleware\InvokeDeferredCallbacks->handle(Object(Illuminate\Http\Request), Object(Closure))
#47 E:\Projects\NsBase\vendor\laravel\framework\src\Illuminate\Http\Middleware\ValidatePathEncoding.php(28): Illuminate\Pipeline\Pipeline->Illuminate\Pipeline\{closure}(Object(Illuminate\Http\Request))
#48 E:\Projects\NsBase\vendor\laravel\framework\src\Illuminate\Pipeline\Pipeline.php(219): Illuminate\Http\Middleware\ValidatePathEncoding->handle(Object(Illuminate\Http\Request), Object(Closure))
#49 E:\Projects\NsBase\vendor\laravel\framework\src\Illuminate\Pipeline\Pipeline.php(137): Illuminate\Pipeline\Pipeline->Illuminate\Pipeline\{closure}(Object(Illuminate\Http\Request))
#50 E:\Projects\NsBase\vendor\laravel\framework\src\Illuminate\Foundation\Http\Kernel.php(175): Illuminate\Pipeline\Pipeline->then(Object(Closure))
#51 E:\Projects\NsBase\vendor\laravel\framework\src\Illuminate\Foundation\Http\Kernel.php(144): Illuminate\Foundation\Http\Kernel->sendRequestThroughRouter(Object(Illuminate\Http\Request))
#52 E:\Projects\NsBase\vendor\laravel\framework\src\Illuminate\Foundation\Testing\Concerns\MakesHttpRequests.php(607): Illuminate\Foundation\Http\Kernel->handle(Object(Illuminate\Http\Request))
#53 E:\Projects\NsBase\vendor\laravel\framework\src\Illuminate\Foundation\Testing\Concerns\MakesHttpRequests.php(573): Illuminate\Foundation\Testing\TestCase->call('PUT', '/api/services/1', Array, Array, Array, Array, '{"title":{"fr":...')
#54 E:\Projects\NsBase\vendor\laravel\framework\src\Illuminate\Foundation\Testing\Concerns\MakesHttpRequests.php(441): Illuminate\Foundation\Testing\TestCase->json('PUT', '/api/services/1', Array, Array, 0)
#55 E:\Projects\NsBase\tests\Feature\ApiTest.php(193): Illuminate\Foundation\Testing\TestCase->putJson('/api/services/1', Array)
#56 E:\Projects\NsBase\vendor\phpunit\phpunit\src\Framework\TestCase.php(1314): Tests\Feature\ApiTest->test_admin_can_update_service()
#57 E:\Projects\NsBase\vendor\phpunit\phpunit\src\Framework\TestCase.php(1351): PHPUnit\Framework\TestCase->invokeTestMethod('test_admin_can_...', Array)
#58 E:\Projects\NsBase\vendor\phpunit\phpunit\src\Framework\TestCase.php(521): PHPUnit\Framework\TestCase->runTest()
#59 E:\Projects\NsBase\vendor\phpunit\phpunit\src\Framework\TestRunner\TestRunner.php(99): PHPUnit\Framework\TestCase->runBare()
#60 E:\Projects\NsBase\vendor\phpunit\phpunit\src\Framework\TestCase.php(361): PHPUnit\Framework\TestRunner->run(Object(Tests\Feature\ApiTest))
#61 E:\Projects\NsBase\vendor\phpunit\phpunit\src\Framework\TestSuite.php(374): PHPUnit\Framework\TestCase->run()
#62 E:\Projects\NsBase\vendor\phpunit\phpunit\src\TextUI\TestRunner.php(64): PHPUnit\Framework\TestSuite->run()
#63 E:\Projects\NsBase\vendor\phpunit\phpunit\src\TextUI\Application.php(229): PHPUnit\TextUI\TestRunner->run(Object(PHPUnit\TextUI\Configuration\Configuration), Object(PHPUnit\Runner\ResultCache\DefaultResultCache), Object(PHPUnit\Framework\TestSuite))
#64 E:\Projects\NsBase\vendor\phpunit\phpunit\phpunit(104): PHPUnit\TextUI\Application->run(Array)
#65 {main}

----------------------------------------------------------------------------------

There is no permission named `services.edit` for guard `sanctum`.[39;22m

  at [32mtests\Feature\ApiTest.php[39m:[32m195[39m
    191Ôûò 
    192Ôûò         $this->actingAs($this->admin, 'sanctum')
    193Ôûò             ->putJson("/api/services/{$service->id}", [
    194Ôûò                 'title' => ['fr' => 'Mis ├á jour'],
  Ô×£ 195Ôûò             ])->assertOk();
    196Ôûò     }
    197Ôûò 
    198Ôûò     public function test_admin_can_delete_service()
    199Ôûò     {

  [31mÔöÇÔöÇÔöÇÔöÇÔöÇÔöÇÔöÇÔöÇÔöÇÔöÇÔöÇÔöÇÔöÇÔöÇÔöÇÔöÇÔöÇÔöÇÔöÇÔöÇÔöÇÔöÇÔöÇÔöÇÔöÇÔöÇÔöÇÔöÇÔöÇÔöÇÔöÇÔöÇÔöÇÔöÇÔöÇÔöÇÔöÇÔöÇÔöÇÔöÇÔöÇÔöÇÔöÇÔöÇÔöÇÔöÇÔöÇÔöÇÔöÇÔöÇÔöÇÔöÇÔöÇÔöÇÔöÇÔöÇÔöÇÔöÇÔöÇÔöÇÔöÇÔöÇÔöÇÔöÇÔöÇÔöÇÔöÇÔöÇÔöÇÔöÇÔöÇÔöÇÔöÇÔöÇÔöÇÔöÇ[39m  
  [41;1m FAILED [49;22m [1mTests\Feature\ApiTest[22m [90m>[39m admin can delete service                     
[39;1m  Expected response status code [200] but received 500.
Failed asserting that 500 is identical to 200.

The following exception occurred during the last request:

Spatie\Permission\Exceptions\PermissionDoesNotExist: There is no permission named `services.delete` for guard `sanctum`. in E:\Projects\NsBase\vendor\spatie\laravel-permission\src\Exceptions\PermissionDoesNotExist.php:11
Stack trace:
#0 E:\Projects\NsBase\vendor\spatie\laravel-permission\src\Models\Permission.php(103): Spatie\Permission\Exceptions\PermissionDoesNotExist::create('services.delete', 'sanctum')
#1 E:\Projects\NsBase\vendor\spatie\laravel-permission\src\Traits\HasPermissions.php(185): Spatie\Permission\Models\Permission::findByName('services.delete', 'sanctum')
#2 E:\Projects\NsBase\vendor\spatie\laravel-permission\src\Traits\HasPermissions.php(211): App\Models\User->filterPermission('services.delete', NULL)
#3 E:\Projects\NsBase\app\Policies\ServicePolicy.php(32): App\Models\User->hasPermissionTo('services.delete')
#4 E:\Projects\NsBase\vendor\laravel\framework\src\Illuminate\Auth\Access\Gate.php(844): App\Policies\ServicePolicy->delete(Object(App\Models\User), Object(App\Models\Service))
#5 E:\Projects\NsBase\vendor\laravel\framework\src\Illuminate\Auth\Access\Gate.php(797): Illuminate\Auth\Access\Gate->callPolicyMethod(Object(App\Policies\ServicePolicy), 'delete', Object(App\Models\User), Array)
#6 E:\Projects\NsBase\vendor\laravel\framework\src\Illuminate\Auth\Access\Gate.php(553): Illuminate\Auth\Access\Gate->Illuminate\Auth\Access\{closure}(Object(App\Models\User), Object(App\Models\Service))
#7 E:\Projects\NsBase\vendor\laravel\framework\src\Illuminate\Auth\Access\Gate.php(448): Illuminate\Auth\Access\Gate->callAuthCallback(Object(App\Models\User), 'delete', Array)
#8 E:\Projects\NsBase\vendor\laravel\framework\src\Illuminate\Auth\Access\Gate.php(411): Illuminate\Auth\Access\Gate->raw('delete', Array)
#9 E:\Projects\NsBase\vendor\laravel\framework\src\Illuminate\Auth\Access\Gate.php(398): Illuminate\Auth\Access\Gate->inspect('delete', Object(App\Models\Service))
#10 E:\Projects\NsBase\vendor\laravel\framework\src\Illuminate\Foundation\Auth\Access\AuthorizesRequests.php(25): Illuminate\Auth\Access\Gate->authorize('delete', Object(App\Models\Service))
#11 E:\Projects\NsBase\app\Http\Controllers\Api\ServiceController.php(91): App\Http\Controllers\Controller->authorize('delete', Object(App\Models\Service))
#12 E:\Projects\NsBase\vendor\laravel\framework\src\Illuminate\Routing\Controller.php(54): App\Http\Controllers\Api\ServiceController->destroy(Object(App\Models\Service))
#13 E:\Projects\NsBase\vendor\laravel\framework\src\Illuminate\Routing\ControllerDispatcher.php(43): Illuminate\Routing\Controller->callAction('destroy', Array)
#14 E:\Projects\NsBase\vendor\laravel\framework\src\Illuminate\Routing\Route.php(269): Illuminate\Routing\ControllerDispatcher->dispatch(Object(Illuminate\Routing\Route), Object(App\Http\Controllers\Api\ServiceController), 'destroy')
#15 E:\Projects\NsBase\vendor\laravel\framework\src\Illuminate\Routing\Route.php(215): Illuminate\Routing\Route->runController()
#16 E:\Projects\NsBase\vendor\laravel\framework\src\Illuminate\Routing\Router.php(822): Illuminate\Routing\Route->run()
#17 E:\Projects\NsBase\vendor\laravel\framework\src\Illuminate\Pipeline\Pipeline.php(180): Illuminate\Routing\Router->Illuminate\Routing\{closure}(Object(Illuminate\Http\Request))
#18 E:\Projects\NsBase\app\Http\Middleware\ForceJsonResponse.php(15): Illuminate\Pipeline\Pipeline->Illuminate\Pipeline\{closure}(Object(Illuminate\Http\Request))
#19 E:\Projects\NsBase\vendor\laravel\framework\src\Illuminate\Pipeline\Pipeline.php(219): App\Http\Middleware\ForceJsonResponse->handle(Object(Illuminate\Http\Request), Object(Closure))
#20 E:\Projects\NsBase\vendor\laravel\framework\src\Illuminate\Routing\Middleware\SubstituteBindings.php(52): Illuminate\Pipeline\Pipeline->Illuminate\Pipeline\{closure}(Object(Illuminate\Http\Request))
#21 E:\Projects\NsBase\vendor\laravel\framework\src\Illuminate\Pipeline\Pipeline.php(219): Illuminate\Routing\Middleware\SubstituteBindings->handle(Object(Illuminate\Http\Request), Object(Closure))
#22 E:\Projects\NsBase\vendor\laravel\framework\src\Illuminate\Auth\Middleware\Authenticate.php(63): Illuminate\Pipeline\Pipeline->Illuminate\Pipeline\{closure}(Object(Illuminate\Http\Request))
#23 E:\Projects\NsBase\vendor\laravel\framework\src\Illuminate\Pipeline\Pipeline.php(219): Illuminate\Auth\Middleware\Authenticate->handle(Object(Illuminate\Http\Request), Object(Closure), 'sanctum')
#24 E:\Projects\NsBase\vendor\laravel\framework\src\Illuminate\Pipeline\Pipeline.php(137): Illuminate\Pipeline\Pipeline->Illuminate\Pipeline\{closure}(Object(Illuminate\Http\Request))
#25 E:\Projects\NsBase\vendor\laravel\framework\src\Illuminate\Routing\Router.php(821): Illuminate\Pipeline\Pipeline->then(Object(Closure))
#26 E:\Projects\NsBase\vendor\laravel\framework\src\Illuminate\Routing\Router.php(800): Illuminate\Routing\Router->runRouteWithinStack(Object(Illuminate\Routing\Route), Object(Illuminate\Http\Request))
#27 E:\Projects\NsBase\vendor\laravel\framework\src\Illuminate\Routing\Router.php(764): Illuminate\Routing\Router->runRoute(Object(Illuminate\Http\Request), Object(Illuminate\Routing\Route))
#28 E:\Projects\NsBase\vendor\laravel\framework\src\Illuminate\Routing\Router.php(753): Illuminate\Routing\Router->dispatchToRoute(Object(Illuminate\Http\Request))
#29 E:\Projects\NsBase\vendor\laravel\framework\src\Illuminate\Foundation\Http\Kernel.php(200): Illuminate\Routing\Router->dispatch(Object(Illuminate\Http\Request))
#30 E:\Projects\NsBase\vendor\laravel\framework\src\Illuminate\Pipeline\Pipeline.php(180): Illuminate\Foundation\Http\Kernel->Illuminate\Foundation\Http\{closure}(Object(Illuminate\Http\Request))
#31 E:\Projects\NsBase\vendor\laravel\framework\src\Illuminate\Foundation\Http\Middleware\TransformsRequest.php(21): Illuminate\Pipeline\Pipeline->Illuminate\Pipeline\{closure}(Object(Illuminate\Http\Request))
#32 E:\Projects\NsBase\vendor\laravel\framework\src\Illuminate\Foundation\Http\Middleware\ConvertEmptyStringsToNull.php(31): Illuminate\Foundation\Http\Middleware\TransformsRequest->handle(Object(Illuminate\Http\Request), Object(Closure))
#33 E:\Projects\NsBase\vendor\laravel\framework\src\Illuminate\Pipeline\Pipeline.php(219): Illuminate\Foundation\Http\Middleware\ConvertEmptyStringsToNull->handle(Object(Illuminate\Http\Request), Object(Closure))
#34 E:\Projects\NsBase\vendor\laravel\framework\src\Illuminate\Foundation\Http\Middleware\TransformsRequest.php(21): Illuminate\Pipeline\Pipeline->Illuminate\Pipeline\{closure}(Object(Illuminate\Http\Request))
#35 E:\Projects\NsBase\vendor\laravel\framework\src\Illuminate\Foundation\Http\Middleware\TrimStrings.php(51): Illuminate\Foundation\Http\Middleware\TransformsRequest->handle(Object(Illuminate\Http\Request), Object(Closure))
#36 E:\Projects\NsBase\vendor\laravel\framework\src\Illuminate\Pipeline\Pipeline.php(219): Illuminate\Foundation\Http\Middleware\TrimStrings->handle(Object(Illuminate\Http\Request), Object(Closure))
#37 E:\Projects\NsBase\vendor\laravel\framework\src\Illuminate\Http\Middleware\ValidatePostSize.php(27): Illuminate\Pipeline\Pipeline->Illuminate\Pipeline\{closure}(Object(Illuminate\Http\Request))
#38 E:\Projects\NsBase\vendor\laravel\framework\src\Illuminate\Pipeline\Pipeline.php(219): Illuminate\Http\Middleware\ValidatePostSize->handle(Object(Illuminate\Http\Request), Object(Closure))
#39 E:\Projects\NsBase\vendor\laravel\framework\src\Illuminate\Foundation\Http\Middleware\PreventRequestsDuringMaintenance.php(109): Illuminate\Pipeline\Pipeline->Illuminate\Pipeline\{closure}(Object(Illuminate\Http\Request))
#40 E:\Projects\NsBase\vendor\laravel\framework\src\Illuminate\Pipeline\Pipeline.php(219): Illuminate\Foundation\Http\Middleware\PreventRequestsDuringMaintenance->handle(Object(Illuminate\Http\Request), Object(Closure))
#41 E:\Projects\NsBase\vendor\laravel\framework\src\Illuminate\Http\Middleware\HandleCors.php(74): Illuminate\Pipeline\Pipeline->Illuminate\Pipeline\{closure}(Object(Illuminate\Http\Request))
#42 E:\Projects\NsBase\vendor\laravel\framework\src\Illuminate\Pipeline\Pipeline.php(219): Illuminate\Http\Middleware\HandleCors->handle(Object(Illuminate\Http\Request), Object(Closure))
#43 E:\Projects\NsBase\vendor\laravel\framework\src\Illuminate\Http\Middleware\TrustProxies.php(58): Illuminate\Pipeline\Pipeline->Illuminate\Pipeline\{closure}(Object(Illuminate\Http\Request))
#44 E:\Projects\NsBase\vendor\laravel\framework\src\Illuminate\Pipeline\Pipeline.php(219): Illuminate\Http\Middleware\TrustProxies->handle(Object(Illuminate\Http\Request), Object(Closure))
#45 E:\Projects\NsBase\vendor\laravel\framework\src\Illuminate\Foundation\Http\Middleware\InvokeDeferredCallbacks.php(22): Illuminate\Pipeline\Pipeline->Illuminate\Pipeline\{closure}(Object(Illuminate\Http\Request))
#46 E:\Projects\NsBase\vendor\laravel\framework\src\Illuminate\Pipeline\Pipeline.php(219): Illuminate\Foundation\Http\Middleware\InvokeDeferredCallbacks->handle(Object(Illuminate\Http\Request), Object(Closure))
#47 E:\Projects\NsBase\vendor\laravel\framework\src\Illuminate\Http\Middleware\ValidatePathEncoding.php(28): Illuminate\Pipeline\Pipeline->Illuminate\Pipeline\{closure}(Object(Illuminate\Http\Request))
#48 E:\Projects\NsBase\vendor\laravel\framework\src\Illuminate\Pipeline\Pipeline.php(219): Illuminate\Http\Middleware\ValidatePathEncoding->handle(Object(Illuminate\Http\Request), Object(Closure))
#49 E:\Projects\NsBase\vendor\laravel\framework\src\Illuminate\Pipeline\Pipeline.php(137): Illuminate\Pipeline\Pipeline->Illuminate\Pipeline\{closure}(Object(Illuminate\Http\Request))
#50 E:\Projects\NsBase\vendor\laravel\framework\src\Illuminate\Foundation\Http\Kernel.php(175): Illuminate\Pipeline\Pipeline->then(Object(Closure))
#51 E:\Projects\NsBase\vendor\laravel\framework\src\Illuminate\Foundation\Http\Kernel.php(144): Illuminate\Foundation\Http\Kernel->sendRequestThroughRouter(Object(Illuminate\Http\Request))
#52 E:\Projects\NsBase\vendor\laravel\framework\src\Illuminate\Foundation\Testing\Concerns\MakesHttpRequests.php(607): Illuminate\Foundation\Http\Kernel->handle(Object(Illuminate\Http\Request))
#53 E:\Projects\NsBase\vendor\laravel\framework\src\Illuminate\Foundation\Testing\Concerns\MakesHttpRequests.php(573): Illuminate\Foundation\Testing\TestCase->call('DELETE', '/api/services/1', Array, Array, Array, Array, '[]')
#54 E:\Projects\NsBase\vendor\laravel\framework\src\Illuminate\Foundation\Testing\Concerns\MakesHttpRequests.php(501): Illuminate\Foundation\Testing\TestCase->json('DELETE', '/api/services/1', Array, Array, 0)
#55 E:\Projects\NsBase\tests\Feature\ApiTest.php(207): Illuminate\Foundation\Testing\TestCase->deleteJson('/api/services/1')
#56 E:\Projects\NsBase\vendor\phpunit\phpunit\src\Framework\TestCase.php(1314): Tests\Feature\ApiTest->test_admin_can_delete_service()
#57 E:\Projects\NsBase\vendor\phpunit\phpunit\src\Framework\TestCase.php(1351): PHPUnit\Framework\TestCase->invokeTestMethod('test_admin_can_...', Array)
#58 E:\Projects\NsBase\vendor\phpunit\phpunit\src\Framework\TestCase.php(521): PHPUnit\Framework\TestCase->runTest()
#59 E:\Projects\NsBase\vendor\phpunit\phpunit\src\Framework\TestRunner\TestRunner.php(99): PHPUnit\Framework\TestCase->runBare()
#60 E:\Projects\NsBase\vendor\phpunit\phpunit\src\Framework\TestCase.php(361): PHPUnit\Framework\TestRunner->run(Object(Tests\Feature\ApiTest))
#61 E:\Projects\NsBase\vendor\phpunit\phpunit\src\Framework\TestSuite.php(374): PHPUnit\Framework\TestCase->run()
#62 E:\Projects\NsBase\vendor\phpunit\phpunit\src\TextUI\TestRunner.php(64): PHPUnit\Framework\TestSuite->run()
#63 E:\Projects\NsBase\vendor\phpunit\phpunit\src\TextUI\Application.php(229): PHPUnit\TextUI\TestRunner->run(Object(PHPUnit\TextUI\Configuration\Configuration), Object(PHPUnit\Runner\ResultCache\DefaultResultCache), Object(PHPUnit\Framework\TestSuite))
#64 E:\Projects\NsBase\vendor\phpunit\phpunit\phpunit(104): PHPUnit\TextUI\Application->run(Array)
#65 {main}

----------------------------------------------------------------------------------

There is no permission named `services.delete` for guard `sanctum`.[39;22m

  at [32mtests\Feature\ApiTest.php[39m:[32m208[39m
    204Ôûò         ]);
    205Ôûò 
    206Ôûò         $this->actingAs($this->admin, 'sanctum')
    207Ôûò             ->deleteJson("/api/services/{$service->id}")
  Ô×£ 208Ôûò             ->assertOk();
    209Ôûò     }
    210Ôûò 
    211Ôûò     public function test_can_list_services()
    212Ôûò     {

  [31mÔöÇÔöÇÔöÇÔöÇÔöÇÔöÇÔöÇÔöÇÔöÇÔöÇÔöÇÔöÇÔöÇÔöÇÔöÇÔöÇÔöÇÔöÇÔöÇÔöÇÔöÇÔöÇÔöÇÔöÇÔöÇÔöÇÔöÇÔöÇÔöÇÔöÇÔöÇÔöÇÔöÇÔöÇÔöÇÔöÇÔöÇÔöÇÔöÇÔöÇÔöÇÔöÇÔöÇÔöÇÔöÇÔöÇÔöÇÔöÇÔöÇÔöÇÔöÇÔöÇÔöÇÔöÇÔöÇÔöÇÔöÇÔöÇÔöÇÔöÇÔöÇÔöÇÔöÇÔöÇÔöÇÔöÇÔöÇÔöÇÔöÇÔöÇÔöÇÔöÇÔöÇÔöÇÔöÇÔöÇ[39m  
  [41;1m FAILED [49;22m [1mTests\Feature\ApiTest[22m [90m>[39m can list services                            
[39;1m  Expected response status code [200] but received 500.
Failed asserting that 500 is identical to 200.

The following exception occurred during the last request:

Spatie\Permission\Exceptions\PermissionDoesNotExist: There is no permission named `services.view` for guard `sanctum`. in E:\Projects\NsBase\vendor\spatie\laravel-permission\src\Exceptions\PermissionDoesNotExist.php:11
Stack trace:
#0 E:\Projects\NsBase\vendor\spatie\laravel-permission\src\Models\Permission.php(103): Spatie\Permission\Exceptions\PermissionDoesNotExist::create('services.view', 'sanctum')
#1 E:\Projects\NsBase\vendor\spatie\laravel-permission\src\Traits\HasPermissions.php(185): Spatie\Permission\Models\Permission::findByName('services.view', 'sanctum')
#2 E:\Projects\NsBase\vendor\spatie\laravel-permission\src\Traits\HasPermissions.php(211): App\Models\User->filterPermission('services.view', NULL)
#3 E:\Projects\NsBase\app\Policies\ServicePolicy.php(12): App\Models\User->hasPermissionTo('services.view')
#4 E:\Projects\NsBase\vendor\laravel\framework\src\Illuminate\Auth\Access\Gate.php(844): App\Policies\ServicePolicy->viewAny(Object(App\Models\User))
#5 E:\Projects\NsBase\vendor\laravel\framework\src\Illuminate\Auth\Access\Gate.php(797): Illuminate\Auth\Access\Gate->callPolicyMethod(Object(App\Policies\ServicePolicy), 'viewAny', Object(App\Models\User), Array)
#6 E:\Projects\NsBase\vendor\laravel\framework\src\Illuminate\Auth\Access\Gate.php(553): Illuminate\Auth\Access\Gate->Illuminate\Auth\Access\{closure}(Object(App\Models\User), 'App\\Models\\Serv...')
#7 E:\Projects\NsBase\vendor\laravel\framework\src\Illuminate\Auth\Access\Gate.php(448): Illuminate\Auth\Access\Gate->callAuthCallback(Object(App\Models\User), 'viewAny', Array)
#8 E:\Projects\NsBase\vendor\laravel\framework\src\Illuminate\Auth\Access\Gate.php(411): Illuminate\Auth\Access\Gate->raw('viewAny', Array)
#9 E:\Projects\NsBase\vendor\laravel\framework\src\Illuminate\Auth\Access\Gate.php(398): Illuminate\Auth\Access\Gate->inspect('viewAny', 'App\\Models\\Serv...')
#10 E:\Projects\NsBase\vendor\laravel\framework\src\Illuminate\Foundation\Auth\Access\AuthorizesRequests.php(25): Illuminate\Auth\Access\Gate->authorize('viewAny', 'App\\Models\\Serv...')
#11 E:\Projects\NsBase\app\Http\Controllers\Api\ServiceController.php(18): App\Http\Controllers\Controller->authorize('viewAny', 'App\\Models\\Serv...')
#12 E:\Projects\NsBase\vendor\laravel\framework\src\Illuminate\Routing\Controller.php(54): App\Http\Controllers\Api\ServiceController->index(Object(Illuminate\Http\Request))
#13 E:\Projects\NsBase\vendor\laravel\framework\src\Illuminate\Routing\ControllerDispatcher.php(43): Illuminate\Routing\Controller->callAction('index', Array)
#14 E:\Projects\NsBase\vendor\laravel\framework\src\Illuminate\Routing\Route.php(269): Illuminate\Routing\ControllerDispatcher->dispatch(Object(Illuminate\Routing\Route), Object(App\Http\Controllers\Api\ServiceController), 'index')
#15 E:\Projects\NsBase\vendor\laravel\framework\src\Illuminate\Routing\Route.php(215): Illuminate\Routing\Route->runController()
#16 E:\Projects\NsBase\vendor\laravel\framework\src\Illuminate\Routing\Router.php(822): Illuminate\Routing\Route->run()
#17 E:\Projects\NsBase\vendor\laravel\framework\src\Illuminate\Pipeline\Pipeline.php(180): Illuminate\Routing\Router->Illuminate\Routing\{closure}(Object(Illuminate\Http\Request))
#18 E:\Projects\NsBase\app\Http\Middleware\ForceJsonResponse.php(15): Illuminate\Pipeline\Pipeline->Illuminate\Pipeline\{closure}(Object(Illuminate\Http\Request))
#19 E:\Projects\NsBase\vendor\laravel\framework\src\Illuminate\Pipeline\Pipeline.php(219): App\Http\Middleware\ForceJsonResponse->handle(Object(Illuminate\Http\Request), Object(Closure))
#20 E:\Projects\NsBase\vendor\laravel\framework\src\Illuminate\Routing\Middleware\SubstituteBindings.php(52): Illuminate\Pipeline\Pipeline->Illuminate\Pipeline\{closure}(Object(Illuminate\Http\Request))
#21 E:\Projects\NsBase\vendor\laravel\framework\src\Illuminate\Pipeline\Pipeline.php(219): Illuminate\Routing\Middleware\SubstituteBindings->handle(Object(Illuminate\Http\Request), Object(Closure))
#22 E:\Projects\NsBase\vendor\laravel\framework\src\Illuminate\Auth\Middleware\Authenticate.php(63): Illuminate\Pipeline\Pipeline->Illuminate\Pipeline\{closure}(Object(Illuminate\Http\Request))
#23 E:\Projects\NsBase\vendor\laravel\framework\src\Illuminate\Pipeline\Pipeline.php(219): Illuminate\Auth\Middleware\Authenticate->handle(Object(Illuminate\Http\Request), Object(Closure), 'sanctum')
#24 E:\Projects\NsBase\vendor\laravel\framework\src\Illuminate\Pipeline\Pipeline.php(137): Illuminate\Pipeline\Pipeline->Illuminate\Pipeline\{closure}(Object(Illuminate\Http\Request))
#25 E:\Projects\NsBase\vendor\laravel\framework\src\Illuminate\Routing\Router.php(821): Illuminate\Pipeline\Pipeline->then(Object(Closure))
#26 E:\Projects\NsBase\vendor\laravel\framework\src\Illuminate\Routing\Router.php(800): Illuminate\Routing\Router->runRouteWithinStack(Object(Illuminate\Routing\Route), Object(Illuminate\Http\Request))
#27 E:\Projects\NsBase\vendor\laravel\framework\src\Illuminate\Routing\Router.php(764): Illuminate\Routing\Router->runRoute(Object(Illuminate\Http\Request), Object(Illuminate\Routing\Route))
#28 E:\Projects\NsBase\vendor\laravel\framework\src\Illuminate\Routing\Router.php(753): Illuminate\Routing\Router->dispatchToRoute(Object(Illuminate\Http\Request))
#29 E:\Projects\NsBase\vendor\laravel\framework\src\Illuminate\Foundation\Http\Kernel.php(200): Illuminate\Routing\Router->dispatch(Object(Illuminate\Http\Request))
#30 E:\Projects\NsBase\vendor\laravel\framework\src\Illuminate\Pipeline\Pipeline.php(180): Illuminate\Foundation\Http\Kernel->Illuminate\Foundation\Http\{closure}(Object(Illuminate\Http\Request))
#31 E:\Projects\NsBase\vendor\laravel\framework\src\Illuminate\Foundation\Http\Middleware\TransformsRequest.php(21): Illuminate\Pipeline\Pipeline->Illuminate\Pipeline\{closure}(Object(Illuminate\Http\Request))
#32 E:\Projects\NsBase\vendor\laravel\framework\src\Illuminate\Foundation\Http\Middleware\ConvertEmptyStringsToNull.php(31): Illuminate\Foundation\Http\Middleware\TransformsRequest->handle(Object(Illuminate\Http\Request), Object(Closure))
#33 E:\Projects\NsBase\vendor\laravel\framework\src\Illuminate\Pipeline\Pipeline.php(219): Illuminate\Foundation\Http\Middleware\ConvertEmptyStringsToNull->handle(Object(Illuminate\Http\Request), Object(Closure))
#34 E:\Projects\NsBase\vendor\laravel\framework\src\Illuminate\Foundation\Http\Middleware\TransformsRequest.php(21): Illuminate\Pipeline\Pipeline->Illuminate\Pipeline\{closure}(Object(Illuminate\Http\Request))
#35 E:\Projects\NsBase\vendor\laravel\framework\src\Illuminate\Foundation\Http\Middleware\TrimStrings.php(51): Illuminate\Foundation\Http\Middleware\TransformsRequest->handle(Object(Illuminate\Http\Request), Object(Closure))
#36 E:\Projects\NsBase\vendor\laravel\framework\src\Illuminate\Pipeline\Pipeline.php(219): Illuminate\Foundation\Http\Middleware\TrimStrings->handle(Object(Illuminate\Http\Request), Object(Closure))
#37 E:\Projects\NsBase\vendor\laravel\framework\src\Illuminate\Http\Middleware\ValidatePostSize.php(27): Illuminate\Pipeline\Pipeline->Illuminate\Pipeline\{closure}(Object(Illuminate\Http\Request))
#38 E:\Projects\NsBase\vendor\laravel\framework\src\Illuminate\Pipeline\Pipeline.php(219): Illuminate\Http\Middleware\ValidatePostSize->handle(Object(Illuminate\Http\Request), Object(Closure))
#39 E:\Projects\NsBase\vendor\laravel\framework\src\Illuminate\Foundation\Http\Middleware\PreventRequestsDuringMaintenance.php(109): Illuminate\Pipeline\Pipeline->Illuminate\Pipeline\{closure}(Object(Illuminate\Http\Request))
#40 E:\Projects\NsBase\vendor\laravel\framework\src\Illuminate\Pipeline\Pipeline.php(219): Illuminate\Foundation\Http\Middleware\PreventRequestsDuringMaintenance->handle(Object(Illuminate\Http\Request), Object(Closure))
#41 E:\Projects\NsBase\vendor\laravel\framework\src\Illuminate\Http\Middleware\HandleCors.php(74): Illuminate\Pipeline\Pipeline->Illuminate\Pipeline\{closure}(Object(Illuminate\Http\Request))
#42 E:\Projects\NsBase\vendor\laravel\framework\src\Illuminate\Pipeline\Pipeline.php(219): Illuminate\Http\Middleware\HandleCors->handle(Object(Illuminate\Http\Request), Object(Closure))
#43 E:\Projects\NsBase\vendor\laravel\framework\src\Illuminate\Http\Middleware\TrustProxies.php(58): Illuminate\Pipeline\Pipeline->Illuminate\Pipeline\{closure}(Object(Illuminate\Http\Request))
#44 E:\Projects\NsBase\vendor\laravel\framework\src\Illuminate\Pipeline\Pipeline.php(219): Illuminate\Http\Middleware\TrustProxies->handle(Object(Illuminate\Http\Request), Object(Closure))
#45 E:\Projects\NsBase\vendor\laravel\framework\src\Illuminate\Foundation\Http\Middleware\InvokeDeferredCallbacks.php(22): Illuminate\Pipeline\Pipeline->Illuminate\Pipeline\{closure}(Object(Illuminate\Http\Request))
#46 E:\Projects\NsBase\vendor\laravel\framework\src\Illuminate\Pipeline\Pipeline.php(219): Illuminate\Foundation\Http\Middleware\InvokeDeferredCallbacks->handle(Object(Illuminate\Http\Request), Object(Closure))
#47 E:\Projects\NsBase\vendor\laravel\framework\src\Illuminate\Http\Middleware\ValidatePathEncoding.php(28): Illuminate\Pipeline\Pipeline->Illuminate\Pipeline\{closure}(Object(Illuminate\Http\Request))
#48 E:\Projects\NsBase\vendor\laravel\framework\src\Illuminate\Pipeline\Pipeline.php(219): Illuminate\Http\Middleware\ValidatePathEncoding->handle(Object(Illuminate\Http\Request), Object(Closure))
#49 E:\Projects\NsBase\vendor\laravel\framework\src\Illuminate\Pipeline\Pipeline.php(137): Illuminate\Pipeline\Pipeline->Illuminate\Pipeline\{closure}(Object(Illuminate\Http\Request))
#50 E:\Projects\NsBase\vendor\laravel\framework\src\Illuminate\Foundation\Http\Kernel.php(175): Illuminate\Pipeline\Pipeline->then(Object(Closure))
#51 E:\Projects\NsBase\vendor\laravel\framework\src\Illuminate\Foundation\Http\Kernel.php(144): Illuminate\Foundation\Http\Kernel->sendRequestThroughRouter(Object(Illuminate\Http\Request))
#52 E:\Projects\NsBase\vendor\laravel\framework\src\Illuminate\Foundation\Testing\Concerns\MakesHttpRequests.php(607): Illuminate\Foundation\Http\Kernel->handle(Object(Illuminate\Http\Request))
#53 E:\Projects\NsBase\vendor\laravel\framework\src\Illuminate\Foundation\Testing\Concerns\MakesHttpRequests.php(573): Illuminate\Foundation\Testing\TestCase->call('GET', '/api/services', Array, Array, Array, Array, '[]')
#54 E:\Projects\NsBase\vendor\laravel\framework\src\Illuminate\Foundation\Testing\Concerns\MakesHttpRequests.php(381): Illuminate\Foundation\Testing\TestCase->json('GET', '/api/services', Array, Array, 0)
#55 E:\Projects\NsBase\tests\Feature\ApiTest.php(216): Illuminate\Foundation\Testing\TestCase->getJson('/api/services')
#56 E:\Projects\NsBase\vendor\phpunit\phpunit\src\Framework\TestCase.php(1314): Tests\Feature\ApiTest->test_can_list_services()
#57 E:\Projects\NsBase\vendor\phpunit\phpunit\src\Framework\TestCase.php(1351): PHPUnit\Framework\TestCase->invokeTestMethod('test_can_list_s...', Array)
#58 E:\Projects\NsBase\vendor\phpunit\phpunit\src\Framework\TestCase.php(521): PHPUnit\Framework\TestCase->runTest()
#59 E:\Projects\NsBase\vendor\phpunit\phpunit\src\Framework\TestRunner\TestRunner.php(99): PHPUnit\Framework\TestCase->runBare()
#60 E:\Projects\NsBase\vendor\phpunit\phpunit\src\Framework\TestCase.php(361): PHPUnit\Framework\TestRunner->run(Object(Tests\Feature\ApiTest))
#61 E:\Projects\NsBase\vendor\phpunit\phpunit\src\Framework\TestSuite.php(374): PHPUnit\Framework\TestCase->run()
#62 E:\Projects\NsBase\vendor\phpunit\phpunit\src\TextUI\TestRunner.php(64): PHPUnit\Framework\TestSuite->run()
#63 E:\Projects\NsBase\vendor\phpunit\phpunit\src\TextUI\Application.php(229): PHPUnit\TextUI\TestRunner->run(Object(PHPUnit\TextUI\Configuration\Configuration), Object(PHPUnit\Runner\ResultCache\DefaultResultCache), Object(PHPUnit\Framework\TestSuite))
#64 E:\Projects\NsBase\vendor\phpunit\phpunit\phpunit(104): PHPUnit\TextUI\Application->run(Array)
#65 {main}

----------------------------------------------------------------------------------

There is no permission named `services.view` for guard `sanctum`.[39;22m

  at [32mtests\Feature\ApiTest.php[39m:[32m217[39m
    213Ôûò         Service::create(['title' => ['fr' => 'S1'], 'description' => ['fr' => 'D1'], 'is_active' => true]);
    214Ôûò 
    215Ôûò         $this->actingAs($this->admin, 'sanctum')
    216Ôûò             ->getJson('/api/services')
  Ô×£ 217Ôûò             ->assertOk();
    218Ôûò     }
    219Ôûò 
    220Ôûò     // ÔöÇÔöÇÔöÇ Projects ÔöÇÔöÇÔöÇÔöÇÔöÇÔöÇÔöÇÔöÇÔöÇÔöÇÔöÇÔöÇÔöÇÔöÇÔöÇÔöÇÔöÇÔöÇÔöÇÔöÇÔöÇÔöÇÔöÇÔöÇÔöÇÔöÇÔöÇÔöÇÔöÇÔöÇÔöÇÔöÇÔöÇÔöÇÔöÇÔöÇÔöÇÔöÇÔöÇÔöÇÔöÇÔöÇÔöÇÔöÇÔöÇÔöÇÔöÇ
    221Ôûò

  [31mÔöÇÔöÇÔöÇÔöÇÔöÇÔöÇÔöÇÔöÇÔöÇÔöÇÔöÇÔöÇÔöÇÔöÇÔöÇÔöÇÔöÇÔöÇÔöÇÔöÇÔöÇÔöÇÔöÇÔöÇÔöÇÔöÇÔöÇÔöÇÔöÇÔöÇÔöÇÔöÇÔöÇÔöÇÔöÇÔöÇÔöÇÔöÇÔöÇÔöÇÔöÇÔöÇÔöÇÔöÇÔöÇÔöÇÔöÇÔöÇÔöÇÔöÇÔöÇÔöÇÔöÇÔöÇÔöÇÔöÇÔöÇÔöÇÔöÇÔöÇÔöÇÔöÇÔöÇÔöÇÔöÇÔöÇÔöÇÔöÇÔöÇÔöÇÔöÇÔöÇÔöÇÔöÇÔöÇÔöÇ[39m  
  [41;1m FAILED [49;22m [1mTests\Feature\ApiTest[22m [90m>[39m admin can create project                     
[39;1m  Expected response status code [201] but received 500.
Failed asserting that 500 is identical to 201.

The following exception occurred during the last request:

Spatie\Permission\Exceptions\PermissionDoesNotExist: There is no permission named `projects.create` for guard `sanctum`. in E:\Projects\NsBase\vendor\spatie\laravel-permission\src\Exceptions\PermissionDoesNotExist.php:11
Stack trace:
#0 E:\Projects\NsBase\vendor\spatie\laravel-permission\src\Models\Permission.php(103): Spatie\Permission\Exceptions\PermissionDoesNotExist::create('projects.create', 'sanctum')
#1 E:\Projects\NsBase\vendor\spatie\laravel-permission\src\Traits\HasPermissions.php(185): Spatie\Permission\Models\Permission::findByName('projects.create', 'sanctum')
#2 E:\Projects\NsBase\vendor\spatie\laravel-permission\src\Traits\HasPermissions.php(211): App\Models\User->filterPermission('projects.create', NULL)
#3 E:\Projects\NsBase\app\Policies\ProjectPolicy.php(22): App\Models\User->hasPermissionTo('projects.create')
#4 E:\Projects\NsBase\vendor\laravel\framework\src\Illuminate\Auth\Access\Gate.php(844): App\Policies\ProjectPolicy->create(Object(App\Models\User))
#5 E:\Projects\NsBase\vendor\laravel\framework\src\Illuminate\Auth\Access\Gate.php(797): Illuminate\Auth\Access\Gate->callPolicyMethod(Object(App\Policies\ProjectPolicy), 'create', Object(App\Models\User), Array)
#6 E:\Projects\NsBase\vendor\laravel\framework\src\Illuminate\Auth\Access\Gate.php(553): Illuminate\Auth\Access\Gate->Illuminate\Auth\Access\{closure}(Object(App\Models\User), 'App\\Models\\Proj...')
#7 E:\Projects\NsBase\vendor\laravel\framework\src\Illuminate\Auth\Access\Gate.php(448): Illuminate\Auth\Access\Gate->callAuthCallback(Object(App\Models\User), 'create', Array)
#8 E:\Projects\NsBase\vendor\laravel\framework\src\Illuminate\Auth\Access\Gate.php(411): Illuminate\Auth\Access\Gate->raw('create', Array)
#9 E:\Projects\NsBase\vendor\laravel\framework\src\Illuminate\Auth\Access\Gate.php(398): Illuminate\Auth\Access\Gate->inspect('create', 'App\\Models\\Proj...')
#10 E:\Projects\NsBase\vendor\laravel\framework\src\Illuminate\Foundation\Auth\Access\AuthorizesRequests.php(25): Illuminate\Auth\Access\Gate->authorize('create', 'App\\Models\\Proj...')
#11 E:\Projects\NsBase\app\Http\Controllers\Api\ProjectController.php(33): App\Http\Controllers\Controller->authorize('create', 'App\\Models\\Proj...')
#12 E:\Projects\NsBase\vendor\laravel\framework\src\Illuminate\Routing\Controller.php(54): App\Http\Controllers\Api\ProjectController->store(Object(App\Http\Requests\Api\ProjectRequest))
#13 E:\Projects\NsBase\vendor\laravel\framework\src\Illuminate\Routing\ControllerDispatcher.php(43): Illuminate\Routing\Controller->callAction('store', Array)
#14 E:\Projects\NsBase\vendor\laravel\framework\src\Illuminate\Routing\Route.php(269): Illuminate\Routing\ControllerDispatcher->dispatch(Object(Illuminate\Routing\Route), Object(App\Http\Controllers\Api\ProjectController), 'store')
#15 E:\Projects\NsBase\vendor\laravel\framework\src\Illuminate\Routing\Route.php(215): Illuminate\Routing\Route->runController()
#16 E:\Projects\NsBase\vendor\laravel\framework\src\Illuminate\Routing\Router.php(822): Illuminate\Routing\Route->run()
#17 E:\Projects\NsBase\vendor\laravel\framework\src\Illuminate\Pipeline\Pipeline.php(180): Illuminate\Routing\Router->Illuminate\Routing\{closure}(Object(Illuminate\Http\Request))
#18 E:\Projects\NsBase\app\Http\Middleware\ForceJsonResponse.php(15): Illuminate\Pipeline\Pipeline->Illuminate\Pipeline\{closure}(Object(Illuminate\Http\Request))
#19 E:\Projects\NsBase\vendor\laravel\framework\src\Illuminate\Pipeline\Pipeline.php(219): App\Http\Middleware\ForceJsonResponse->handle(Object(Illuminate\Http\Request), Object(Closure))
#20 E:\Projects\NsBase\vendor\laravel\framework\src\Illuminate\Routing\Middleware\SubstituteBindings.php(52): Illuminate\Pipeline\Pipeline->Illuminate\Pipeline\{closure}(Object(Illuminate\Http\Request))
#21 E:\Projects\NsBase\vendor\laravel\framework\src\Illuminate\Pipeline\Pipeline.php(219): Illuminate\Routing\Middleware\SubstituteBindings->handle(Object(Illuminate\Http\Request), Object(Closure))
#22 E:\Projects\NsBase\vendor\laravel\framework\src\Illuminate\Auth\Middleware\Authenticate.php(63): Illuminate\Pipeline\Pipeline->Illuminate\Pipeline\{closure}(Object(Illuminate\Http\Request))
#23 E:\Projects\NsBase\vendor\laravel\framework\src\Illuminate\Pipeline\Pipeline.php(219): Illuminate\Auth\Middleware\Authenticate->handle(Object(Illuminate\Http\Request), Object(Closure), 'sanctum')
#24 E:\Projects\NsBase\vendor\laravel\framework\src\Illuminate\Pipeline\Pipeline.php(137): Illuminate\Pipeline\Pipeline->Illuminate\Pipeline\{closure}(Object(Illuminate\Http\Request))
#25 E:\Projects\NsBase\vendor\laravel\framework\src\Illuminate\Routing\Router.php(821): Illuminate\Pipeline\Pipeline->then(Object(Closure))
#26 E:\Projects\NsBase\vendor\laravel\framework\src\Illuminate\Routing\Router.php(800): Illuminate\Routing\Router->runRouteWithinStack(Object(Illuminate\Routing\Route), Object(Illuminate\Http\Request))
#27 E:\Projects\NsBase\vendor\laravel\framework\src\Illuminate\Routing\Router.php(764): Illuminate\Routing\Router->runRoute(Object(Illuminate\Http\Request), Object(Illuminate\Routing\Route))
#28 E:\Projects\NsBase\vendor\laravel\framework\src\Illuminate\Routing\Router.php(753): Illuminate\Routing\Router->dispatchToRoute(Object(Illuminate\Http\Request))
#29 E:\Projects\NsBase\vendor\laravel\framework\src\Illuminate\Foundation\Http\Kernel.php(200): Illuminate\Routing\Router->dispatch(Object(Illuminate\Http\Request))
#30 E:\Projects\NsBase\vendor\laravel\framework\src\Illuminate\Pipeline\Pipeline.php(180): Illuminate\Foundation\Http\Kernel->Illuminate\Foundation\Http\{closure}(Object(Illuminate\Http\Request))
#31 E:\Projects\NsBase\vendor\laravel\framework\src\Illuminate\Foundation\Http\Middleware\TransformsRequest.php(21): Illuminate\Pipeline\Pipeline->Illuminate\Pipeline\{closure}(Object(Illuminate\Http\Request))
#32 E:\Projects\NsBase\vendor\laravel\framework\src\Illuminate\Foundation\Http\Middleware\ConvertEmptyStringsToNull.php(31): Illuminate\Foundation\Http\Middleware\TransformsRequest->handle(Object(Illuminate\Http\Request), Object(Closure))
#33 E:\Projects\NsBase\vendor\laravel\framework\src\Illuminate\Pipeline\Pipeline.php(219): Illuminate\Foundation\Http\Middleware\ConvertEmptyStringsToNull->handle(Object(Illuminate\Http\Request), Object(Closure))
#34 E:\Projects\NsBase\vendor\laravel\framework\src\Illuminate\Foundation\Http\Middleware\TransformsRequest.php(21): Illuminate\Pipeline\Pipeline->Illuminate\Pipeline\{closure}(Object(Illuminate\Http\Request))
#35 E:\Projects\NsBase\vendor\laravel\framework\src\Illuminate\Foundation\Http\Middleware\TrimStrings.php(51): Illuminate\Foundation\Http\Middleware\TransformsRequest->handle(Object(Illuminate\Http\Request), Object(Closure))
#36 E:\Projects\NsBase\vendor\laravel\framework\src\Illuminate\Pipeline\Pipeline.php(219): Illuminate\Foundation\Http\Middleware\TrimStrings->handle(Object(Illuminate\Http\Request), Object(Closure))
#37 E:\Projects\NsBase\vendor\laravel\framework\src\Illuminate\Http\Middleware\ValidatePostSize.php(27): Illuminate\Pipeline\Pipeline->Illuminate\Pipeline\{closure}(Object(Illuminate\Http\Request))
#38 E:\Projects\NsBase\vendor\laravel\framework\src\Illuminate\Pipeline\Pipeline.php(219): Illuminate\Http\Middleware\ValidatePostSize->handle(Object(Illuminate\Http\Request), Object(Closure))
#39 E:\Projects\NsBase\vendor\laravel\framework\src\Illuminate\Foundation\Http\Middleware\PreventRequestsDuringMaintenance.php(109): Illuminate\Pipeline\Pipeline->Illuminate\Pipeline\{closure}(Object(Illuminate\Http\Request))
#40 E:\Projects\NsBase\vendor\laravel\framework\src\Illuminate\Pipeline\Pipeline.php(219): Illuminate\Foundation\Http\Middleware\PreventRequestsDuringMaintenance->handle(Object(Illuminate\Http\Request), Object(Closure))
#41 E:\Projects\NsBase\vendor\laravel\framework\src\Illuminate\Http\Middleware\HandleCors.php(74): Illuminate\Pipeline\Pipeline->Illuminate\Pipeline\{closure}(Object(Illuminate\Http\Request))
#42 E:\Projects\NsBase\vendor\laravel\framework\src\Illuminate\Pipeline\Pipeline.php(219): Illuminate\Http\Middleware\HandleCors->handle(Object(Illuminate\Http\Request), Object(Closure))
#43 E:\Projects\NsBase\vendor\laravel\framework\src\Illuminate\Http\Middleware\TrustProxies.php(58): Illuminate\Pipeline\Pipeline->Illuminate\Pipeline\{closure}(Object(Illuminate\Http\Request))
#44 E:\Projects\NsBase\vendor\laravel\framework\src\Illuminate\Pipeline\Pipeline.php(219): Illuminate\Http\Middleware\TrustProxies->handle(Object(Illuminate\Http\Request), Object(Closure))
#45 E:\Projects\NsBase\vendor\laravel\framework\src\Illuminate\Foundation\Http\Middleware\InvokeDeferredCallbacks.php(22): Illuminate\Pipeline\Pipeline->Illuminate\Pipeline\{closure}(Object(Illuminate\Http\Request))
#46 E:\Projects\NsBase\vendor\laravel\framework\src\Illuminate\Pipeline\Pipeline.php(219): Illuminate\Foundation\Http\Middleware\InvokeDeferredCallbacks->handle(Object(Illuminate\Http\Request), Object(Closure))
#47 E:\Projects\NsBase\vendor\laravel\framework\src\Illuminate\Http\Middleware\ValidatePathEncoding.php(28): Illuminate\Pipeline\Pipeline->Illuminate\Pipeline\{closure}(Object(Illuminate\Http\Request))
#48 E:\Projects\NsBase\vendor\laravel\framework\src\Illuminate\Pipeline\Pipeline.php(219): Illuminate\Http\Middleware\ValidatePathEncoding->handle(Object(Illuminate\Http\Request), Object(Closure))
#49 E:\Projects\NsBase\vendor\laravel\framework\src\Illuminate\Pipeline\Pipeline.php(137): Illuminate\Pipeline\Pipeline->Illuminate\Pipeline\{closure}(Object(Illuminate\Http\Request))
#50 E:\Projects\NsBase\vendor\laravel\framework\src\Illuminate\Foundation\Http\Kernel.php(175): Illuminate\Pipeline\Pipeline->then(Object(Closure))
#51 E:\Projects\NsBase\vendor\laravel\framework\src\Illuminate\Foundation\Http\Kernel.php(144): Illuminate\Foundation\Http\Kernel->sendRequestThroughRouter(Object(Illuminate\Http\Request))
#52 E:\Projects\NsBase\vendor\laravel\framework\src\Illuminate\Foundation\Testing\Concerns\MakesHttpRequests.php(607): Illuminate\Foundation\Http\Kernel->handle(Object(Illuminate\Http\Request))
#53 E:\Projects\NsBase\vendor\laravel\framework\src\Illuminate\Foundation\Testing\Concerns\MakesHttpRequests.php(573): Illuminate\Foundation\Testing\TestCase->call('POST', '/api/projects', Array, Array, Array, Array, '{"title":{"fr":...')
#54 E:\Projects\NsBase\vendor\laravel\framework\src\Illuminate\Foundation\Testing\Concerns\MakesHttpRequests.php(411): Illuminate\Foundation\Testing\TestCase->json('POST', '/api/projects', Array, Array, 0)
#55 E:\Projects\NsBase\tests\Feature\ApiTest.php(225): Illuminate\Foundation\Testing\TestCase->postJson('/api/projects', Array)
#56 E:\Projects\NsBase\vendor\phpunit\phpunit\src\Framework\TestCase.php(1314): Tests\Feature\ApiTest->test_admin_can_create_project()
#57 E:\Projects\NsBase\vendor\phpunit\phpunit\src\Framework\TestCase.php(1351): PHPUnit\Framework\TestCase->invokeTestMethod('test_admin_can_...', Array)
#58 E:\Projects\NsBase\vendor\phpunit\phpunit\src\Framework\TestCase.php(521): PHPUnit\Framework\TestCase->runTest()
#59 E:\Projects\NsBase\vendor\phpunit\phpunit\src\Framework\TestRunner\TestRunner.php(99): PHPUnit\Framework\TestCase->runBare()
#60 E:\Projects\NsBase\vendor\phpunit\phpunit\src\Framework\TestCase.php(361): PHPUnit\Framework\TestRunner->run(Object(Tests\Feature\ApiTest))
#61 E:\Projects\NsBase\vendor\phpunit\phpunit\src\Framework\TestSuite.php(374): PHPUnit\Framework\TestCase->run()
#62 E:\Projects\NsBase\vendor\phpunit\phpunit\src\TextUI\TestRunner.php(64): PHPUnit\Framework\TestSuite->run()
#63 E:\Projects\NsBase\vendor\phpunit\phpunit\src\TextUI\Application.php(229): PHPUnit\TextUI\TestRunner->run(Object(PHPUnit\TextUI\Configuration\Configuration), Object(PHPUnit\Runner\ResultCache\DefaultResultCache), Object(PHPUnit\Framework\TestSuite))
#64 E:\Projects\NsBase\vendor\phpunit\phpunit\phpunit(104): PHPUnit\TextUI\Application->run(Array)
#65 {main}

----------------------------------------------------------------------------------

There is no permission named `projects.create` for guard `sanctum`.[39;22m

  at [32mtests\Feature\ApiTest.php[39m:[32m231[39m
    227Ôûò                 'description' => ['fr' => 'Description'],
    228Ôûò                 'client' => ['fr' => 'Client'],
    229Ôûò                 'technologies' => ['Laravel', 'Vue'],
    230Ôûò                 'is_active' => true,
  Ô×£ 231Ôûò             ])->assertCreated();
    232Ôûò     }
    233Ôûò 
    234Ôûò     public function test_admin_can_update_project()
    235Ôûò     {

  [31mÔöÇÔöÇÔöÇÔöÇÔöÇÔöÇÔöÇÔöÇÔöÇÔöÇÔöÇÔöÇÔöÇÔöÇÔöÇÔöÇÔöÇÔöÇÔöÇÔöÇÔöÇÔöÇÔöÇÔöÇÔöÇÔöÇÔöÇÔöÇÔöÇÔöÇÔöÇÔöÇÔöÇÔöÇÔöÇÔöÇÔöÇÔöÇÔöÇÔöÇÔöÇÔöÇÔöÇÔöÇÔöÇÔöÇÔöÇÔöÇÔöÇÔöÇÔöÇÔöÇÔöÇÔöÇÔöÇÔöÇÔöÇÔöÇÔöÇÔöÇÔöÇÔöÇÔöÇÔöÇÔöÇÔöÇÔöÇÔöÇÔöÇÔöÇÔöÇÔöÇÔöÇÔöÇÔöÇÔöÇ[39m  
  [41;1m FAILED [49;22m [1mTests\Feature\ApiTest[22m [90m>[39m admin can update project                     
[39;1m  Expected response status code [200] but received 500.
Failed asserting that 500 is identical to 200.

The following exception occurred during the last request:

Spatie\Permission\Exceptions\PermissionDoesNotExist: There is no permission named `projects.edit` for guard `sanctum`. in E:\Projects\NsBase\vendor\spatie\laravel-permission\src\Exceptions\PermissionDoesNotExist.php:11
Stack trace:
#0 E:\Projects\NsBase\vendor\spatie\laravel-permission\src\Models\Permission.php(103): Spatie\Permission\Exceptions\PermissionDoesNotExist::create('projects.edit', 'sanctum')
#1 E:\Projects\NsBase\vendor\spatie\laravel-permission\src\Traits\HasPermissions.php(185): Spatie\Permission\Models\Permission::findByName('projects.edit', 'sanctum')
#2 E:\Projects\NsBase\vendor\spatie\laravel-permission\src\Traits\HasPermissions.php(211): App\Models\User->filterPermission('projects.edit', NULL)
#3 E:\Projects\NsBase\app\Policies\ProjectPolicy.php(27): App\Models\User->hasPermissionTo('projects.edit')
#4 E:\Projects\NsBase\vendor\laravel\framework\src\Illuminate\Auth\Access\Gate.php(844): App\Policies\ProjectPolicy->update(Object(App\Models\User), Object(App\Models\Project))
#5 E:\Projects\NsBase\vendor\laravel\framework\src\Illuminate\Auth\Access\Gate.php(797): Illuminate\Auth\Access\Gate->callPolicyMethod(Object(App\Policies\ProjectPolicy), 'update', Object(App\Models\User), Array)
#6 E:\Projects\NsBase\vendor\laravel\framework\src\Illuminate\Auth\Access\Gate.php(553): Illuminate\Auth\Access\Gate->Illuminate\Auth\Access\{closure}(Object(App\Models\User), Object(App\Models\Project))
#7 E:\Projects\NsBase\vendor\laravel\framework\src\Illuminate\Auth\Access\Gate.php(448): Illuminate\Auth\Access\Gate->callAuthCallback(Object(App\Models\User), 'update', Array)
#8 E:\Projects\NsBase\vendor\laravel\framework\src\Illuminate\Auth\Access\Gate.php(411): Illuminate\Auth\Access\Gate->raw('update', Array)
#9 E:\Projects\NsBase\vendor\laravel\framework\src\Illuminate\Auth\Access\Gate.php(398): Illuminate\Auth\Access\Gate->inspect('update', Object(App\Models\Project))
#10 E:\Projects\NsBase\vendor\laravel\framework\src\Illuminate\Foundation\Auth\Access\AuthorizesRequests.php(25): Illuminate\Auth\Access\Gate->authorize('update', Object(App\Models\Project))
#11 E:\Projects\NsBase\app\Http\Controllers\Api\ProjectController.php(62): App\Http\Controllers\Controller->authorize('update', Object(App\Models\Project))
#12 E:\Projects\NsBase\vendor\laravel\framework\src\Illuminate\Routing\Controller.php(54): App\Http\Controllers\Api\ProjectController->update(Object(App\Http\Requests\Api\ProjectRequest), Object(App\Models\Project))
#13 E:\Projects\NsBase\vendor\laravel\framework\src\Illuminate\Routing\ControllerDispatcher.php(43): Illuminate\Routing\Controller->callAction('update', Array)
#14 E:\Projects\NsBase\vendor\laravel\framework\src\Illuminate\Routing\Route.php(269): Illuminate\Routing\ControllerDispatcher->dispatch(Object(Illuminate\Routing\Route), Object(App\Http\Controllers\Api\ProjectController), 'update')
#15 E:\Projects\NsBase\vendor\laravel\framework\src\Illuminate\Routing\Route.php(215): Illuminate\Routing\Route->runController()
#16 E:\Projects\NsBase\vendor\laravel\framework\src\Illuminate\Routing\Router.php(822): Illuminate\Routing\Route->run()
#17 E:\Projects\NsBase\vendor\laravel\framework\src\Illuminate\Pipeline\Pipeline.php(180): Illuminate\Routing\Router->Illuminate\Routing\{closure}(Object(Illuminate\Http\Request))
#18 E:\Projects\NsBase\app\Http\Middleware\ForceJsonResponse.php(15): Illuminate\Pipeline\Pipeline->Illuminate\Pipeline\{closure}(Object(Illuminate\Http\Request))
#19 E:\Projects\NsBase\vendor\laravel\framework\src\Illuminate\Pipeline\Pipeline.php(219): App\Http\Middleware\ForceJsonResponse->handle(Object(Illuminate\Http\Request), Object(Closure))
#20 E:\Projects\NsBase\vendor\laravel\framework\src\Illuminate\Routing\Middleware\SubstituteBindings.php(52): Illuminate\Pipeline\Pipeline->Illuminate\Pipeline\{closure}(Object(Illuminate\Http\Request))
#21 E:\Projects\NsBase\vendor\laravel\framework\src\Illuminate\Pipeline\Pipeline.php(219): Illuminate\Routing\Middleware\SubstituteBindings->handle(Object(Illuminate\Http\Request), Object(Closure))
#22 E:\Projects\NsBase\vendor\laravel\framework\src\Illuminate\Auth\Middleware\Authenticate.php(63): Illuminate\Pipeline\Pipeline->Illuminate\Pipeline\{closure}(Object(Illuminate\Http\Request))
#23 E:\Projects\NsBase\vendor\laravel\framework\src\Illuminate\Pipeline\Pipeline.php(219): Illuminate\Auth\Middleware\Authenticate->handle(Object(Illuminate\Http\Request), Object(Closure), 'sanctum')
#24 E:\Projects\NsBase\vendor\laravel\framework\src\Illuminate\Pipeline\Pipeline.php(137): Illuminate\Pipeline\Pipeline->Illuminate\Pipeline\{closure}(Object(Illuminate\Http\Request))
#25 E:\Projects\NsBase\vendor\laravel\framework\src\Illuminate\Routing\Router.php(821): Illuminate\Pipeline\Pipeline->then(Object(Closure))
#26 E:\Projects\NsBase\vendor\laravel\framework\src\Illuminate\Routing\Router.php(800): Illuminate\Routing\Router->runRouteWithinStack(Object(Illuminate\Routing\Route), Object(Illuminate\Http\Request))
#27 E:\Projects\NsBase\vendor\laravel\framework\src\Illuminate\Routing\Router.php(764): Illuminate\Routing\Router->runRoute(Object(Illuminate\Http\Request), Object(Illuminate\Routing\Route))
#28 E:\Projects\NsBase\vendor\laravel\framework\src\Illuminate\Routing\Router.php(753): Illuminate\Routing\Router->dispatchToRoute(Object(Illuminate\Http\Request))
#29 E:\Projects\NsBase\vendor\laravel\framework\src\Illuminate\Foundation\Http\Kernel.php(200): Illuminate\Routing\Router->dispatch(Object(Illuminate\Http\Request))
#30 E:\Projects\NsBase\vendor\laravel\framework\src\Illuminate\Pipeline\Pipeline.php(180): Illuminate\Foundation\Http\Kernel->Illuminate\Foundation\Http\{closure}(Object(Illuminate\Http\Request))
#31 E:\Projects\NsBase\vendor\laravel\framework\src\Illuminate\Foundation\Http\Middleware\TransformsRequest.php(21): Illuminate\Pipeline\Pipeline->Illuminate\Pipeline\{closure}(Object(Illuminate\Http\Request))
#32 E:\Projects\NsBase\vendor\laravel\framework\src\Illuminate\Foundation\Http\Middleware\ConvertEmptyStringsToNull.php(31): Illuminate\Foundation\Http\Middleware\TransformsRequest->handle(Object(Illuminate\Http\Request), Object(Closure))
#33 E:\Projects\NsBase\vendor\laravel\framework\src\Illuminate\Pipeline\Pipeline.php(219): Illuminate\Foundation\Http\Middleware\ConvertEmptyStringsToNull->handle(Object(Illuminate\Http\Request), Object(Closure))
#34 E:\Projects\NsBase\vendor\laravel\framework\src\Illuminate\Foundation\Http\Middleware\TransformsRequest.php(21): Illuminate\Pipeline\Pipeline->Illuminate\Pipeline\{closure}(Object(Illuminate\Http\Request))
#35 E:\Projects\NsBase\vendor\laravel\framework\src\Illuminate\Foundation\Http\Middleware\TrimStrings.php(51): Illuminate\Foundation\Http\Middleware\TransformsRequest->handle(Object(Illuminate\Http\Request), Object(Closure))
#36 E:\Projects\NsBase\vendor\laravel\framework\src\Illuminate\Pipeline\Pipeline.php(219): Illuminate\Foundation\Http\Middleware\TrimStrings->handle(Object(Illuminate\Http\Request), Object(Closure))
#37 E:\Projects\NsBase\vendor\laravel\framework\src\Illuminate\Http\Middleware\ValidatePostSize.php(27): Illuminate\Pipeline\Pipeline->Illuminate\Pipeline\{closure}(Object(Illuminate\Http\Request))
#38 E:\Projects\NsBase\vendor\laravel\framework\src\Illuminate\Pipeline\Pipeline.php(219): Illuminate\Http\Middleware\ValidatePostSize->handle(Object(Illuminate\Http\Request), Object(Closure))
#39 E:\Projects\NsBase\vendor\laravel\framework\src\Illuminate\Foundation\Http\Middleware\PreventRequestsDuringMaintenance.php(109): Illuminate\Pipeline\Pipeline->Illuminate\Pipeline\{closure}(Object(Illuminate\Http\Request))
#40 E:\Projects\NsBase\vendor\laravel\framework\src\Illuminate\Pipeline\Pipeline.php(219): Illuminate\Foundation\Http\Middleware\PreventRequestsDuringMaintenance->handle(Object(Illuminate\Http\Request), Object(Closure))
#41 E:\Projects\NsBase\vendor\laravel\framework\src\Illuminate\Http\Middleware\HandleCors.php(74): Illuminate\Pipeline\Pipeline->Illuminate\Pipeline\{closure}(Object(Illuminate\Http\Request))
#42 E:\Projects\NsBase\vendor\laravel\framework\src\Illuminate\Pipeline\Pipeline.php(219): Illuminate\Http\Middleware\HandleCors->handle(Object(Illuminate\Http\Request), Object(Closure))
#43 E:\Projects\NsBase\vendor\laravel\framework\src\Illuminate\Http\Middleware\TrustProxies.php(58): Illuminate\Pipeline\Pipeline->Illuminate\Pipeline\{closure}(Object(Illuminate\Http\Request))
#44 E:\Projects\NsBase\vendor\laravel\framework\src\Illuminate\Pipeline\Pipeline.php(219): Illuminate\Http\Middleware\TrustProxies->handle(Object(Illuminate\Http\Request), Object(Closure))
#45 E:\Projects\NsBase\vendor\laravel\framework\src\Illuminate\Foundation\Http\Middleware\InvokeDeferredCallbacks.php(22): Illuminate\Pipeline\Pipeline->Illuminate\Pipeline\{closure}(Object(Illuminate\Http\Request))
#46 E:\Projects\NsBase\vendor\laravel\framework\src\Illuminate\Pipeline\Pipeline.php(219): Illuminate\Foundation\Http\Middleware\InvokeDeferredCallbacks->handle(Object(Illuminate\Http\Request), Object(Closure))
#47 E:\Projects\NsBase\vendor\laravel\framework\src\Illuminate\Http\Middleware\ValidatePathEncoding.php(28): Illuminate\Pipeline\Pipeline->Illuminate\Pipeline\{closure}(Object(Illuminate\Http\Request))
#48 E:\Projects\NsBase\vendor\laravel\framework\src\Illuminate\Pipeline\Pipeline.php(219): Illuminate\Http\Middleware\ValidatePathEncoding->handle(Object(Illuminate\Http\Request), Object(Closure))
#49 E:\Projects\NsBase\vendor\laravel\framework\src\Illuminate\Pipeline\Pipeline.php(137): Illuminate\Pipeline\Pipeline->Illuminate\Pipeline\{closure}(Object(Illuminate\Http\Request))
#50 E:\Projects\NsBase\vendor\laravel\framework\src\Illuminate\Foundation\Http\Kernel.php(175): Illuminate\Pipeline\Pipeline->then(Object(Closure))
#51 E:\Projects\NsBase\vendor\laravel\framework\src\Illuminate\Foundation\Http\Kernel.php(144): Illuminate\Foundation\Http\Kernel->sendRequestThroughRouter(Object(Illuminate\Http\Request))
#52 E:\Projects\NsBase\vendor\laravel\framework\src\Illuminate\Foundation\Testing\Concerns\MakesHttpRequests.php(607): Illuminate\Foundation\Http\Kernel->handle(Object(Illuminate\Http\Request))
#53 E:\Projects\NsBase\vendor\laravel\framework\src\Illuminate\Foundation\Testing\Concerns\MakesHttpRequests.php(573): Illuminate\Foundation\Testing\TestCase->call('PUT', '/api/projects/1', Array, Array, Array, Array, '{"title":{"fr":...')
#54 E:\Projects\NsBase\vendor\laravel\framework\src\Illuminate\Foundation\Testing\Concerns\MakesHttpRequests.php(441): Illuminate\Foundation\Testing\TestCase->json('PUT', '/api/projects/1', Array, Array, 0)
#55 E:\Projects\NsBase\tests\Feature\ApiTest.php(243): Illuminate\Foundation\Testing\TestCase->putJson('/api/projects/1', Array)
#56 E:\Projects\NsBase\vendor\phpunit\phpunit\src\Framework\TestCase.php(1314): Tests\Feature\ApiTest->test_admin_can_update_project()
#57 E:\Projects\NsBase\vendor\phpunit\phpunit\src\Framework\TestCase.php(1351): PHPUnit\Framework\TestCase->invokeTestMethod('test_admin_can_...', Array)
#58 E:\Projects\NsBase\vendor\phpunit\phpunit\src\Framework\TestCase.php(521): PHPUnit\Framework\TestCase->runTest()
#59 E:\Projects\NsBase\vendor\phpunit\phpunit\src\Framework\TestRunner\TestRunner.php(99): PHPUnit\Framework\TestCase->runBare()
#60 E:\Projects\NsBase\vendor\phpunit\phpunit\src\Framework\TestCase.php(361): PHPUnit\Framework\TestRunner->run(Object(Tests\Feature\ApiTest))
#61 E:\Projects\NsBase\vendor\phpunit\phpunit\src\Framework\TestSuite.php(374): PHPUnit\Framework\TestCase->run()
#62 E:\Projects\NsBase\vendor\phpunit\phpunit\src\TextUI\TestRunner.php(64): PHPUnit\Framework\TestSuite->run()
#63 E:\Projects\NsBase\vendor\phpunit\phpunit\src\TextUI\Application.php(229): PHPUnit\TextUI\TestRunner->run(Object(PHPUnit\TextUI\Configuration\Configuration), Object(PHPUnit\Runner\ResultCache\DefaultResultCache), Object(PHPUnit\Framework\TestSuite))
#64 E:\Projects\NsBase\vendor\phpunit\phpunit\phpunit(104): PHPUnit\TextUI\Application->run(Array)
#65 {main}

----------------------------------------------------------------------------------

There is no permission named `projects.edit` for guard `sanctum`.[39;22m

  at [32mtests\Feature\ApiTest.php[39m:[32m245[39m
    241Ôûò 
    242Ôûò         $this->actingAs($this->admin, 'sanctum')
    243Ôûò             ->putJson("/api/projects/{$project->id}", [
    244Ôûò                 'title' => ['fr' => 'Mis ├á jour'],
  Ô×£ 245Ôûò             ])->assertOk();
    246Ôûò     }
    247Ôûò 
    248Ôûò     public function test_admin_can_delete_project()
    249Ôûò     {

  [31mÔöÇÔöÇÔöÇÔöÇÔöÇÔöÇÔöÇÔöÇÔöÇÔöÇÔöÇÔöÇÔöÇÔöÇÔöÇÔöÇÔöÇÔöÇÔöÇÔöÇÔöÇÔöÇÔöÇÔöÇÔöÇÔöÇÔöÇÔöÇÔöÇÔöÇÔöÇÔöÇÔöÇÔöÇÔöÇÔöÇÔöÇÔöÇÔöÇÔöÇÔöÇÔöÇÔöÇÔöÇÔöÇÔöÇÔöÇÔöÇÔöÇÔöÇÔöÇÔöÇÔöÇÔöÇÔöÇÔöÇÔöÇÔöÇÔöÇÔöÇÔöÇÔöÇÔöÇÔöÇÔöÇÔöÇÔöÇÔöÇÔöÇÔöÇÔöÇÔöÇÔöÇÔöÇÔöÇÔöÇ[39m  
  [41;1m FAILED [49;22m [1mTests\Feature\ApiTest[22m [90m>[39m admin can delete project                     
[39;1m  Expected response status code [200] but received 500.
Failed asserting that 500 is identical to 200.

The following exception occurred during the last request:

Spatie\Permission\Exceptions\PermissionDoesNotExist: There is no permission named `projects.delete` for guard `sanctum`. in E:\Projects\NsBase\vendor\spatie\laravel-permission\src\Exceptions\PermissionDoesNotExist.php:11
Stack trace:
#0 E:\Projects\NsBase\vendor\spatie\laravel-permission\src\Models\Permission.php(103): Spatie\Permission\Exceptions\PermissionDoesNotExist::create('projects.delete', 'sanctum')
#1 E:\Projects\NsBase\vendor\spatie\laravel-permission\src\Traits\HasPermissions.php(185): Spatie\Permission\Models\Permission::findByName('projects.delete', 'sanctum')
#2 E:\Projects\NsBase\vendor\spatie\laravel-permission\src\Traits\HasPermissions.php(211): App\Models\User->filterPermission('projects.delete', NULL)
#3 E:\Projects\NsBase\app\Policies\ProjectPolicy.php(32): App\Models\User->hasPermissionTo('projects.delete')
#4 E:\Projects\NsBase\vendor\laravel\framework\src\Illuminate\Auth\Access\Gate.php(844): App\Policies\ProjectPolicy->delete(Object(App\Models\User), Object(App\Models\Project))
#5 E:\Projects\NsBase\vendor\laravel\framework\src\Illuminate\Auth\Access\Gate.php(797): Illuminate\Auth\Access\Gate->callPolicyMethod(Object(App\Policies\ProjectPolicy), 'delete', Object(App\Models\User), Array)
#6 E:\Projects\NsBase\vendor\laravel\framework\src\Illuminate\Auth\Access\Gate.php(553): Illuminate\Auth\Access\Gate->Illuminate\Auth\Access\{closure}(Object(App\Models\User), Object(App\Models\Project))
#7 E:\Projects\NsBase\vendor\laravel\framework\src\Illuminate\Auth\Access\Gate.php(448): Illuminate\Auth\Access\Gate->callAuthCallback(Object(App\Models\User), 'delete', Array)
#8 E:\Projects\NsBase\vendor\laravel\framework\src\Illuminate\Auth\Access\Gate.php(411): Illuminate\Auth\Access\Gate->raw('delete', Array)
#9 E:\Projects\NsBase\vendor\laravel\framework\src\Illuminate\Auth\Access\Gate.php(398): Illuminate\Auth\Access\Gate->inspect('delete', Object(App\Models\Project))
#10 E:\Projects\NsBase\vendor\laravel\framework\src\Illuminate\Foundation\Auth\Access\AuthorizesRequests.php(25): Illuminate\Auth\Access\Gate->authorize('delete', Object(App\Models\Project))
#11 E:\Projects\NsBase\app\Http\Controllers\Api\ProjectController.php(91): App\Http\Controllers\Controller->authorize('delete', Object(App\Models\Project))
#12 E:\Projects\NsBase\vendor\laravel\framework\src\Illuminate\Routing\Controller.php(54): App\Http\Controllers\Api\ProjectController->destroy(Object(App\Models\Project))
#13 E:\Projects\NsBase\vendor\laravel\framework\src\Illuminate\Routing\ControllerDispatcher.php(43): Illuminate\Routing\Controller->callAction('destroy', Array)
#14 E:\Projects\NsBase\vendor\laravel\framework\src\Illuminate\Routing\Route.php(269): Illuminate\Routing\ControllerDispatcher->dispatch(Object(Illuminate\Routing\Route), Object(App\Http\Controllers\Api\ProjectController), 'destroy')
#15 E:\Projects\NsBase\vendor\laravel\framework\src\Illuminate\Routing\Route.php(215): Illuminate\Routing\Route->runController()
#16 E:\Projects\NsBase\vendor\laravel\framework\src\Illuminate\Routing\Router.php(822): Illuminate\Routing\Route->run()
#17 E:\Projects\NsBase\vendor\laravel\framework\src\Illuminate\Pipeline\Pipeline.php(180): Illuminate\Routing\Router->Illuminate\Routing\{closure}(Object(Illuminate\Http\Request))
#18 E:\Projects\NsBase\app\Http\Middleware\ForceJsonResponse.php(15): Illuminate\Pipeline\Pipeline->Illuminate\Pipeline\{closure}(Object(Illuminate\Http\Request))
#19 E:\Projects\NsBase\vendor\laravel\framework\src\Illuminate\Pipeline\Pipeline.php(219): App\Http\Middleware\ForceJsonResponse->handle(Object(Illuminate\Http\Request), Object(Closure))
#20 E:\Projects\NsBase\vendor\laravel\framework\src\Illuminate\Routing\Middleware\SubstituteBindings.php(52): Illuminate\Pipeline\Pipeline->Illuminate\Pipeline\{closure}(Object(Illuminate\Http\Request))
#21 E:\Projects\NsBase\vendor\laravel\framework\src\Illuminate\Pipeline\Pipeline.php(219): Illuminate\Routing\Middleware\SubstituteBindings->handle(Object(Illuminate\Http\Request), Object(Closure))
#22 E:\Projects\NsBase\vendor\laravel\framework\src\Illuminate\Auth\Middleware\Authenticate.php(63): Illuminate\Pipeline\Pipeline->Illuminate\Pipeline\{closure}(Object(Illuminate\Http\Request))
#23 E:\Projects\NsBase\vendor\laravel\framework\src\Illuminate\Pipeline\Pipeline.php(219): Illuminate\Auth\Middleware\Authenticate->handle(Object(Illuminate\Http\Request), Object(Closure), 'sanctum')
#24 E:\Projects\NsBase\vendor\laravel\framework\src\Illuminate\Pipeline\Pipeline.php(137): Illuminate\Pipeline\Pipeline->Illuminate\Pipeline\{closure}(Object(Illuminate\Http\Request))
#25 E:\Projects\NsBase\vendor\laravel\framework\src\Illuminate\Routing\Router.php(821): Illuminate\Pipeline\Pipeline->then(Object(Closure))
#26 E:\Projects\NsBase\vendor\laravel\framework\src\Illuminate\Routing\Router.php(800): Illuminate\Routing\Router->runRouteWithinStack(Object(Illuminate\Routing\Route), Object(Illuminate\Http\Request))
#27 E:\Projects\NsBase\vendor\laravel\framework\src\Illuminate\Routing\Router.php(764): Illuminate\Routing\Router->runRoute(Object(Illuminate\Http\Request), Object(Illuminate\Routing\Route))
#28 E:\Projects\NsBase\vendor\laravel\framework\src\Illuminate\Routing\Router.php(753): Illuminate\Routing\Router->dispatchToRoute(Object(Illuminate\Http\Request))
#29 E:\Projects\NsBase\vendor\laravel\framework\src\Illuminate\Foundation\Http\Kernel.php(200): Illuminate\Routing\Router->dispatch(Object(Illuminate\Http\Request))
#30 E:\Projects\NsBase\vendor\laravel\framework\src\Illuminate\Pipeline\Pipeline.php(180): Illuminate\Foundation\Http\Kernel->Illuminate\Foundation\Http\{closure}(Object(Illuminate\Http\Request))
#31 E:\Projects\NsBase\vendor\laravel\framework\src\Illuminate\Foundation\Http\Middleware\TransformsRequest.php(21): Illuminate\Pipeline\Pipeline->Illuminate\Pipeline\{closure}(Object(Illuminate\Http\Request))
#32 E:\Projects\NsBase\vendor\laravel\framework\src\Illuminate\Foundation\Http\Middleware\ConvertEmptyStringsToNull.php(31): Illuminate\Foundation\Http\Middleware\TransformsRequest->handle(Object(Illuminate\Http\Request), Object(Closure))
#33 E:\Projects\NsBase\vendor\laravel\framework\src\Illuminate\Pipeline\Pipeline.php(219): Illuminate\Foundation\Http\Middleware\ConvertEmptyStringsToNull->handle(Object(Illuminate\Http\Request), Object(Closure))
#34 E:\Projects\NsBase\vendor\laravel\framework\src\Illuminate\Foundation\Http\Middleware\TransformsRequest.php(21): Illuminate\Pipeline\Pipeline->Illuminate\Pipeline\{closure}(Object(Illuminate\Http\Request))
#35 E:\Projects\NsBase\vendor\laravel\framework\src\Illuminate\Foundation\Http\Middleware\TrimStrings.php(51): Illuminate\Foundation\Http\Middleware\TransformsRequest->handle(Object(Illuminate\Http\Request), Object(Closure))
#36 E:\Projects\NsBase\vendor\laravel\framework\src\Illuminate\Pipeline\Pipeline.php(219): Illuminate\Foundation\Http\Middleware\TrimStrings->handle(Object(Illuminate\Http\Request), Object(Closure))
#37 E:\Projects\NsBase\vendor\laravel\framework\src\Illuminate\Http\Middleware\ValidatePostSize.php(27): Illuminate\Pipeline\Pipeline->Illuminate\Pipeline\{closure}(Object(Illuminate\Http\Request))
#38 E:\Projects\NsBase\vendor\laravel\framework\src\Illuminate\Pipeline\Pipeline.php(219): Illuminate\Http\Middleware\ValidatePostSize->handle(Object(Illuminate\Http\Request), Object(Closure))
#39 E:\Projects\NsBase\vendor\laravel\framework\src\Illuminate\Foundation\Http\Middleware\PreventRequestsDuringMaintenance.php(109): Illuminate\Pipeline\Pipeline->Illuminate\Pipeline\{closure}(Object(Illuminate\Http\Request))
#40 E:\Projects\NsBase\vendor\laravel\framework\src\Illuminate\Pipeline\Pipeline.php(219): Illuminate\Foundation\Http\Middleware\PreventRequestsDuringMaintenance->handle(Object(Illuminate\Http\Request), Object(Closure))
#41 E:\Projects\NsBase\vendor\laravel\framework\src\Illuminate\Http\Middleware\HandleCors.php(74): Illuminate\Pipeline\Pipeline->Illuminate\Pipeline\{closure}(Object(Illuminate\Http\Request))
#42 E:\Projects\NsBase\vendor\laravel\framework\src\Illuminate\Pipeline\Pipeline.php(219): Illuminate\Http\Middleware\HandleCors->handle(Object(Illuminate\Http\Request), Object(Closure))
#43 E:\Projects\NsBase\vendor\laravel\framework\src\Illuminate\Http\Middleware\TrustProxies.php(58): Illuminate\Pipeline\Pipeline->Illuminate\Pipeline\{closure}(Object(Illuminate\Http\Request))
#44 E:\Projects\NsBase\vendor\laravel\framework\src\Illuminate\Pipeline\Pipeline.php(219): Illuminate\Http\Middleware\TrustProxies->handle(Object(Illuminate\Http\Request), Object(Closure))
#45 E:\Projects\NsBase\vendor\laravel\framework\src\Illuminate\Foundation\Http\Middleware\InvokeDeferredCallbacks.php(22): Illuminate\Pipeline\Pipeline->Illuminate\Pipeline\{closure}(Object(Illuminate\Http\Request))
#46 E:\Projects\NsBase\vendor\laravel\framework\src\Illuminate\Pipeline\Pipeline.php(219): Illuminate\Foundation\Http\Middleware\InvokeDeferredCallbacks->handle(Object(Illuminate\Http\Request), Object(Closure))
#47 E:\Projects\NsBase\vendor\laravel\framework\src\Illuminate\Http\Middleware\ValidatePathEncoding.php(28): Illuminate\Pipeline\Pipeline->Illuminate\Pipeline\{closure}(Object(Illuminate\Http\Request))
#48 E:\Projects\NsBase\vendor\laravel\framework\src\Illuminate\Pipeline\Pipeline.php(219): Illuminate\Http\Middleware\ValidatePathEncoding->handle(Object(Illuminate\Http\Request), Object(Closure))
#49 E:\Projects\NsBase\vendor\laravel\framework\src\Illuminate\Pipeline\Pipeline.php(137): Illuminate\Pipeline\Pipeline->Illuminate\Pipeline\{closure}(Object(Illuminate\Http\Request))
#50 E:\Projects\NsBase\vendor\laravel\framework\src\Illuminate\Foundation\Http\Kernel.php(175): Illuminate\Pipeline\Pipeline->then(Object(Closure))
#51 E:\Projects\NsBase\vendor\laravel\framework\src\Illuminate\Foundation\Http\Kernel.php(144): Illuminate\Foundation\Http\Kernel->sendRequestThroughRouter(Object(Illuminate\Http\Request))
#52 E:\Projects\NsBase\vendor\laravel\framework\src\Illuminate\Foundation\Testing\Concerns\MakesHttpRequests.php(607): Illuminate\Foundation\Http\Kernel->handle(Object(Illuminate\Http\Request))
#53 E:\Projects\NsBase\vendor\laravel\framework\src\Illuminate\Foundation\Testing\Concerns\MakesHttpRequests.php(573): Illuminate\Foundation\Testing\TestCase->call('DELETE', '/api/projects/1', Array, Array, Array, Array, '[]')
#54 E:\Projects\NsBase\vendor\laravel\framework\src\Illuminate\Foundation\Testing\Concerns\MakesHttpRequests.php(501): Illuminate\Foundation\Testing\TestCase->json('DELETE', '/api/projects/1', Array, Array, 0)
#55 E:\Projects\NsBase\tests\Feature\ApiTest.php(253): Illuminate\Foundation\Testing\TestCase->deleteJson('/api/projects/1')
#56 E:\Projects\NsBase\vendor\phpunit\phpunit\src\Framework\TestCase.php(1314): Tests\Feature\ApiTest->test_admin_can_delete_project()
#57 E:\Projects\NsBase\vendor\phpunit\phpunit\src\Framework\TestCase.php(1351): PHPUnit\Framework\TestCase->invokeTestMethod('test_admin_can_...', Array)
#58 E:\Projects\NsBase\vendor\phpunit\phpunit\src\Framework\TestCase.php(521): PHPUnit\Framework\TestCase->runTest()
#59 E:\Projects\NsBase\vendor\phpunit\phpunit\src\Framework\TestRunner\TestRunner.php(99): PHPUnit\Framework\TestCase->runBare()
#60 E:\Projects\NsBase\vendor\phpunit\phpunit\src\Framework\TestCase.php(361): PHPUnit\Framework\TestRunner->run(Object(Tests\Feature\ApiTest))
#61 E:\Projects\NsBase\vendor\phpunit\phpunit\src\Framework\TestSuite.php(374): PHPUnit\Framework\TestCase->run()
#62 E:\Projects\NsBase\vendor\phpunit\phpunit\src\TextUI\TestRunner.php(64): PHPUnit\Framework\TestSuite->run()
#63 E:\Projects\NsBase\vendor\phpunit\phpunit\src\TextUI\Application.php(229): PHPUnit\TextUI\TestRunner->run(Object(PHPUnit\TextUI\Configuration\Configuration), Object(PHPUnit\Runner\ResultCache\DefaultResultCache), Object(PHPUnit\Framework\TestSuite))
#64 E:\Projects\NsBase\vendor\phpunit\phpunit\phpunit(104): PHPUnit\TextUI\Application->run(Array)
#65 {main}

----------------------------------------------------------------------------------

There is no permission named `projects.delete` for guard `sanctum`.[39;22m

  at [32mtests\Feature\ApiTest.php[39m:[32m254[39m
    250Ôûò         $project = Project::create(['title' => ['fr' => 'P'], 'description' => ['fr' => 'D'], 'is_active' => true]);
    251Ôûò 
    252Ôûò         $this->actingAs($this->admin, 'sanctum')
    253Ôûò             ->deleteJson("/api/projects/{$project->id}")
  Ô×£ 254Ôûò             ->assertOk();
    255Ôûò     }
    256Ôûò 
    257Ôûò     // ÔöÇÔöÇÔöÇ Testimonials ÔöÇÔöÇÔöÇÔöÇÔöÇÔöÇÔöÇÔöÇÔöÇÔöÇÔöÇÔöÇÔöÇÔöÇÔöÇÔöÇÔöÇÔöÇÔöÇÔöÇÔöÇÔöÇÔöÇÔöÇÔöÇÔöÇÔöÇÔöÇÔöÇÔöÇÔöÇÔöÇÔöÇÔöÇÔöÇÔöÇÔöÇÔöÇÔöÇÔöÇÔöÇÔöÇÔöÇ
    258Ôûò

  [31mÔöÇÔöÇÔöÇÔöÇÔöÇÔöÇÔöÇÔöÇÔöÇÔöÇÔöÇÔöÇÔöÇÔöÇÔöÇÔöÇÔöÇÔöÇÔöÇÔöÇÔöÇÔöÇÔöÇÔöÇÔöÇÔöÇÔöÇÔöÇÔöÇÔöÇÔöÇÔöÇÔöÇÔöÇÔöÇÔöÇÔöÇÔöÇÔöÇÔöÇÔöÇÔöÇÔöÇÔöÇÔöÇÔöÇÔöÇÔöÇÔöÇÔöÇÔöÇÔöÇÔöÇÔöÇÔöÇÔöÇÔöÇÔöÇÔöÇÔöÇÔöÇÔöÇÔöÇÔöÇÔöÇÔöÇÔöÇÔöÇÔöÇÔöÇÔöÇÔöÇÔöÇÔöÇÔöÇÔöÇ[39m  
  [41;1m FAILED [49;22m [1mTests\Feature\ApiTest[22m [90m>[39m admin can create testimonial                 
[39;1m  Expected response status code [201] but received 500.
Failed asserting that 500 is identical to 201.

The following exception occurred during the last request:

Spatie\Permission\Exceptions\PermissionDoesNotExist: There is no permission named `testimonials.create` for guard `sanctum`. in E:\Projects\NsBase\vendor\spatie\laravel-permission\src\Exceptions\PermissionDoesNotExist.php:11
Stack trace:
#0 E:\Projects\NsBase\vendor\spatie\laravel-permission\src\Models\Permission.php(103): Spatie\Permission\Exceptions\PermissionDoesNotExist::create('testimonials.cr...', 'sanctum')
#1 E:\Projects\NsBase\vendor\spatie\laravel-permission\src\Traits\HasPermissions.php(185): Spatie\Permission\Models\Permission::findByName('testimonials.cr...', 'sanctum')
#2 E:\Projects\NsBase\vendor\spatie\laravel-permission\src\Traits\HasPermissions.php(211): App\Models\User->filterPermission('testimonials.cr...', NULL)
#3 E:\Projects\NsBase\app\Policies\TestimonialPolicy.php(22): App\Models\User->hasPermissionTo('testimonials.cr...')
#4 E:\Projects\NsBase\vendor\laravel\framework\src\Illuminate\Auth\Access\Gate.php(844): App\Policies\TestimonialPolicy->create(Object(App\Models\User))
#5 E:\Projects\NsBase\vendor\laravel\framework\src\Illuminate\Auth\Access\Gate.php(797): Illuminate\Auth\Access\Gate->callPolicyMethod(Object(App\Policies\TestimonialPolicy), 'create', Object(App\Models\User), Array)
#6 E:\Projects\NsBase\vendor\laravel\framework\src\Illuminate\Auth\Access\Gate.php(553): Illuminate\Auth\Access\Gate->Illuminate\Auth\Access\{closure}(Object(App\Models\User), 'App\\Models\\Test...')
#7 E:\Projects\NsBase\vendor\laravel\framework\src\Illuminate\Auth\Access\Gate.php(448): Illuminate\Auth\Access\Gate->callAuthCallback(Object(App\Models\User), 'create', Array)
#8 E:\Projects\NsBase\vendor\laravel\framework\src\Illuminate\Auth\Access\Gate.php(411): Illuminate\Auth\Access\Gate->raw('create', Array)
#9 E:\Projects\NsBase\vendor\laravel\framework\src\Illuminate\Auth\Access\Gate.php(398): Illuminate\Auth\Access\Gate->inspect('create', 'App\\Models\\Test...')
#10 E:\Projects\NsBase\vendor\laravel\framework\src\Illuminate\Foundation\Auth\Access\AuthorizesRequests.php(25): Illuminate\Auth\Access\Gate->authorize('create', 'App\\Models\\Test...')
#11 E:\Projects\NsBase\app\Http\Controllers\Api\TestimonialController.php(32): App\Http\Controllers\Controller->authorize('create', 'App\\Models\\Test...')
#12 E:\Projects\NsBase\vendor\laravel\framework\src\Illuminate\Routing\Controller.php(54): App\Http\Controllers\Api\TestimonialController->store(Object(App\Http\Requests\Api\TestimonialRequest))
#13 E:\Projects\NsBase\vendor\laravel\framework\src\Illuminate\Routing\ControllerDispatcher.php(43): Illuminate\Routing\Controller->callAction('store', Array)
#14 E:\Projects\NsBase\vendor\laravel\framework\src\Illuminate\Routing\Route.php(269): Illuminate\Routing\ControllerDispatcher->dispatch(Object(Illuminate\Routing\Route), Object(App\Http\Controllers\Api\TestimonialController), 'store')
#15 E:\Projects\NsBase\vendor\laravel\framework\src\Illuminate\Routing\Route.php(215): Illuminate\Routing\Route->runController()
#16 E:\Projects\NsBase\vendor\laravel\framework\src\Illuminate\Routing\Router.php(822): Illuminate\Routing\Route->run()
#17 E:\Projects\NsBase\vendor\laravel\framework\src\Illuminate\Pipeline\Pipeline.php(180): Illuminate\Routing\Router->Illuminate\Routing\{closure}(Object(Illuminate\Http\Request))
#18 E:\Projects\NsBase\app\Http\Middleware\ForceJsonResponse.php(15): Illuminate\Pipeline\Pipeline->Illuminate\Pipeline\{closure}(Object(Illuminate\Http\Request))
#19 E:\Projects\NsBase\vendor\laravel\framework\src\Illuminate\Pipeline\Pipeline.php(219): App\Http\Middleware\ForceJsonResponse->handle(Object(Illuminate\Http\Request), Object(Closure))
#20 E:\Projects\NsBase\vendor\laravel\framework\src\Illuminate\Routing\Middleware\SubstituteBindings.php(52): Illuminate\Pipeline\Pipeline->Illuminate\Pipeline\{closure}(Object(Illuminate\Http\Request))
#21 E:\Projects\NsBase\vendor\laravel\framework\src\Illuminate\Pipeline\Pipeline.php(219): Illuminate\Routing\Middleware\SubstituteBindings->handle(Object(Illuminate\Http\Request), Object(Closure))
#22 E:\Projects\NsBase\vendor\laravel\framework\src\Illuminate\Auth\Middleware\Authenticate.php(63): Illuminate\Pipeline\Pipeline->Illuminate\Pipeline\{closure}(Object(Illuminate\Http\Request))
#23 E:\Projects\NsBase\vendor\laravel\framework\src\Illuminate\Pipeline\Pipeline.php(219): Illuminate\Auth\Middleware\Authenticate->handle(Object(Illuminate\Http\Request), Object(Closure), 'sanctum')
#24 E:\Projects\NsBase\vendor\laravel\framework\src\Illuminate\Pipeline\Pipeline.php(137): Illuminate\Pipeline\Pipeline->Illuminate\Pipeline\{closure}(Object(Illuminate\Http\Request))
#25 E:\Projects\NsBase\vendor\laravel\framework\src\Illuminate\Routing\Router.php(821): Illuminate\Pipeline\Pipeline->then(Object(Closure))
#26 E:\Projects\NsBase\vendor\laravel\framework\src\Illuminate\Routing\Router.php(800): Illuminate\Routing\Router->runRouteWithinStack(Object(Illuminate\Routing\Route), Object(Illuminate\Http\Request))
#27 E:\Projects\NsBase\vendor\laravel\framework\src\Illuminate\Routing\Router.php(764): Illuminate\Routing\Router->runRoute(Object(Illuminate\Http\Request), Object(Illuminate\Routing\Route))
#28 E:\Projects\NsBase\vendor\laravel\framework\src\Illuminate\Routing\Router.php(753): Illuminate\Routing\Router->dispatchToRoute(Object(Illuminate\Http\Request))
#29 E:\Projects\NsBase\vendor\laravel\framework\src\Illuminate\Foundation\Http\Kernel.php(200): Illuminate\Routing\Router->dispatch(Object(Illuminate\Http\Request))
#30 E:\Projects\NsBase\vendor\laravel\framework\src\Illuminate\Pipeline\Pipeline.php(180): Illuminate\Foundation\Http\Kernel->Illuminate\Foundation\Http\{closure}(Object(Illuminate\Http\Request))
#31 E:\Projects\NsBase\vendor\laravel\framework\src\Illuminate\Foundation\Http\Middleware\TransformsRequest.php(21): Illuminate\Pipeline\Pipeline->Illuminate\Pipeline\{closure}(Object(Illuminate\Http\Request))
#32 E:\Projects\NsBase\vendor\laravel\framework\src\Illuminate\Foundation\Http\Middleware\ConvertEmptyStringsToNull.php(31): Illuminate\Foundation\Http\Middleware\TransformsRequest->handle(Object(Illuminate\Http\Request), Object(Closure))
#33 E:\Projects\NsBase\vendor\laravel\framework\src\Illuminate\Pipeline\Pipeline.php(219): Illuminate\Foundation\Http\Middleware\ConvertEmptyStringsToNull->handle(Object(Illuminate\Http\Request), Object(Closure))
#34 E:\Projects\NsBase\vendor\laravel\framework\src\Illuminate\Foundation\Http\Middleware\TransformsRequest.php(21): Illuminate\Pipeline\Pipeline->Illuminate\Pipeline\{closure}(Object(Illuminate\Http\Request))
#35 E:\Projects\NsBase\vendor\laravel\framework\src\Illuminate\Foundation\Http\Middleware\TrimStrings.php(51): Illuminate\Foundation\Http\Middleware\TransformsRequest->handle(Object(Illuminate\Http\Request), Object(Closure))
#36 E:\Projects\NsBase\vendor\laravel\framework\src\Illuminate\Pipeline\Pipeline.php(219): Illuminate\Foundation\Http\Middleware\TrimStrings->handle(Object(Illuminate\Http\Request), Object(Closure))
#37 E:\Projects\NsBase\vendor\laravel\framework\src\Illuminate\Http\Middleware\ValidatePostSize.php(27): Illuminate\Pipeline\Pipeline->Illuminate\Pipeline\{closure}(Object(Illuminate\Http\Request))
#38 E:\Projects\NsBase\vendor\laravel\framework\src\Illuminate\Pipeline\Pipeline.php(219): Illuminate\Http\Middleware\ValidatePostSize->handle(Object(Illuminate\Http\Request), Object(Closure))
#39 E:\Projects\NsBase\vendor\laravel\framework\src\Illuminate\Foundation\Http\Middleware\PreventRequestsDuringMaintenance.php(109): Illuminate\Pipeline\Pipeline->Illuminate\Pipeline\{closure}(Object(Illuminate\Http\Request))
#40 E:\Projects\NsBase\vendor\laravel\framework\src\Illuminate\Pipeline\Pipeline.php(219): Illuminate\Foundation\Http\Middleware\PreventRequestsDuringMaintenance->handle(Object(Illuminate\Http\Request), Object(Closure))
#41 E:\Projects\NsBase\vendor\laravel\framework\src\Illuminate\Http\Middleware\HandleCors.php(74): Illuminate\Pipeline\Pipeline->Illuminate\Pipeline\{closure}(Object(Illuminate\Http\Request))
#42 E:\Projects\NsBase\vendor\laravel\framework\src\Illuminate\Pipeline\Pipeline.php(219): Illuminate\Http\Middleware\HandleCors->handle(Object(Illuminate\Http\Request), Object(Closure))
#43 E:\Projects\NsBase\vendor\laravel\framework\src\Illuminate\Http\Middleware\TrustProxies.php(58): Illuminate\Pipeline\Pipeline->Illuminate\Pipeline\{closure}(Object(Illuminate\Http\Request))
#44 E:\Projects\NsBase\vendor\laravel\framework\src\Illuminate\Pipeline\Pipeline.php(219): Illuminate\Http\Middleware\TrustProxies->handle(Object(Illuminate\Http\Request), Object(Closure))
#45 E:\Projects\NsBase\vendor\laravel\framework\src\Illuminate\Foundation\Http\Middleware\InvokeDeferredCallbacks.php(22): Illuminate\Pipeline\Pipeline->Illuminate\Pipeline\{closure}(Object(Illuminate\Http\Request))
#46 E:\Projects\NsBase\vendor\laravel\framework\src\Illuminate\Pipeline\Pipeline.php(219): Illuminate\Foundation\Http\Middleware\InvokeDeferredCallbacks->handle(Object(Illuminate\Http\Request), Object(Closure))
#47 E:\Projects\NsBase\vendor\laravel\framework\src\Illuminate\Http\Middleware\ValidatePathEncoding.php(28): Illuminate\Pipeline\Pipeline->Illuminate\Pipeline\{closure}(Object(Illuminate\Http\Request))
#48 E:\Projects\NsBase\vendor\laravel\framework\src\Illuminate\Pipeline\Pipeline.php(219): Illuminate\Http\Middleware\ValidatePathEncoding->handle(Object(Illuminate\Http\Request), Object(Closure))
#49 E:\Projects\NsBase\vendor\laravel\framework\src\Illuminate\Pipeline\Pipeline.php(137): Illuminate\Pipeline\Pipeline->Illuminate\Pipeline\{closure}(Object(Illuminate\Http\Request))
#50 E:\Projects\NsBase\vendor\laravel\framework\src\Illuminate\Foundation\Http\Kernel.php(175): Illuminate\Pipeline\Pipeline->then(Object(Closure))
#51 E:\Projects\NsBase\vendor\laravel\framework\src\Illuminate\Foundation\Http\Kernel.php(144): Illuminate\Foundation\Http\Kernel->sendRequestThroughRouter(Object(Illuminate\Http\Request))
#52 E:\Projects\NsBase\vendor\laravel\framework\src\Illuminate\Foundation\Testing\Concerns\MakesHttpRequests.php(607): Illuminate\Foundation\Http\Kernel->handle(Object(Illuminate\Http\Request))
#53 E:\Projects\NsBase\vendor\laravel\framework\src\Illuminate\Foundation\Testing\Concerns\MakesHttpRequests.php(573): Illuminate\Foundation\Testing\TestCase->call('POST', '/api/testimonia...', Array, Array, Array, Array, '{"name":{"fr":"...')
#54 E:\Projects\NsBase\vendor\laravel\framework\src\Illuminate\Foundation\Testing\Concerns\MakesHttpRequests.php(411): Illuminate\Foundation\Testing\TestCase->json('POST', '/api/testimonia...', Array, Array, 0)
#55 E:\Projects\NsBase\tests\Feature\ApiTest.php(262): Illuminate\Foundation\Testing\TestCase->postJson('/api/testimonia...', Array)
#56 E:\Projects\NsBase\vendor\phpunit\phpunit\src\Framework\TestCase.php(1314): Tests\Feature\ApiTest->test_admin_can_create_testimonial()
#57 E:\Projects\NsBase\vendor\phpunit\phpunit\src\Framework\TestCase.php(1351): PHPUnit\Framework\TestCase->invokeTestMethod('test_admin_can_...', Array)
#58 E:\Projects\NsBase\vendor\phpunit\phpunit\src\Framework\TestCase.php(521): PHPUnit\Framework\TestCase->runTest()
#59 E:\Projects\NsBase\vendor\phpunit\phpunit\src\Framework\TestRunner\TestRunner.php(99): PHPUnit\Framework\TestCase->runBare()
#60 E:\Projects\NsBase\vendor\phpunit\phpunit\src\Framework\TestCase.php(361): PHPUnit\Framework\TestRunner->run(Object(Tests\Feature\ApiTest))
#61 E:\Projects\NsBase\vendor\phpunit\phpunit\src\Framework\TestSuite.php(374): PHPUnit\Framework\TestCase->run()
#62 E:\Projects\NsBase\vendor\phpunit\phpunit\src\TextUI\TestRunner.php(64): PHPUnit\Framework\TestSuite->run()
#63 E:\Projects\NsBase\vendor\phpunit\phpunit\src\TextUI\Application.php(229): PHPUnit\TextUI\TestRunner->run(Object(PHPUnit\TextUI\Configuration\Configuration), Object(PHPUnit\Runner\ResultCache\DefaultResultCache), Object(PHPUnit\Framework\TestSuite))
#64 E:\Projects\NsBase\vendor\phpunit\phpunit\phpunit(104): PHPUnit\TextUI\Application->run(Array)
#65 {main}

----------------------------------------------------------------------------------

There is no permission named `testimonials.create` for guard `sanctum`.[39;22m

  at [32mtests\Feature\ApiTest.php[39m:[32m267[39m
    263Ôûò                 'name' => ['fr' => 'Jean Dupont'],
    264Ôûò                 'content' => ['fr' => 'Excellent service'],
    265Ôûò                 'rating' => 5,
    266Ôûò                 'is_active' => true,
  Ô×£ 267Ôûò             ])->assertCreated();
    268Ôûò     }
    269Ôûò 
    270Ôûò     public function test_admin_can_delete_testimonial()
    271Ôûò     {

  [31mÔöÇÔöÇÔöÇÔöÇÔöÇÔöÇÔöÇÔöÇÔöÇÔöÇÔöÇÔöÇÔöÇÔöÇÔöÇÔöÇÔöÇÔöÇÔöÇÔöÇÔöÇÔöÇÔöÇÔöÇÔöÇÔöÇÔöÇÔöÇÔöÇÔöÇÔöÇÔöÇÔöÇÔöÇÔöÇÔöÇÔöÇÔöÇÔöÇÔöÇÔöÇÔöÇÔöÇÔöÇÔöÇÔöÇÔöÇÔöÇÔöÇÔöÇÔöÇÔöÇÔöÇÔöÇÔöÇÔöÇÔöÇÔöÇÔöÇÔöÇÔöÇÔöÇÔöÇÔöÇÔöÇÔöÇÔöÇÔöÇÔöÇÔöÇÔöÇÔöÇÔöÇÔöÇÔöÇÔöÇ[39m  
  [41;1m FAILED [49;22m [1mTests\Feature\ApiTest[22m [90m>[39m admin can delete testimonial                 
[39;1m  Expected response status code [200] but received 500.
Failed asserting that 500 is identical to 200.

The following exception occurred during the last request:

Spatie\Permission\Exceptions\PermissionDoesNotExist: There is no permission named `testimonials.delete` for guard `sanctum`. in E:\Projects\NsBase\vendor\spatie\laravel-permission\src\Exceptions\PermissionDoesNotExist.php:11
Stack trace:
#0 E:\Projects\NsBase\vendor\spatie\laravel-permission\src\Models\Permission.php(103): Spatie\Permission\Exceptions\PermissionDoesNotExist::create('testimonials.de...', 'sanctum')
#1 E:\Projects\NsBase\vendor\spatie\laravel-permission\src\Traits\HasPermissions.php(185): Spatie\Permission\Models\Permission::findByName('testimonials.de...', 'sanctum')
#2 E:\Projects\NsBase\vendor\spatie\laravel-permission\src\Traits\HasPermissions.php(211): App\Models\User->filterPermission('testimonials.de...', NULL)
#3 E:\Projects\NsBase\app\Policies\TestimonialPolicy.php(32): App\Models\User->hasPermissionTo('testimonials.de...')
#4 E:\Projects\NsBase\vendor\laravel\framework\src\Illuminate\Auth\Access\Gate.php(844): App\Policies\TestimonialPolicy->delete(Object(App\Models\User), Object(App\Models\Testimonial))
#5 E:\Projects\NsBase\vendor\laravel\framework\src\Illuminate\Auth\Access\Gate.php(797): Illuminate\Auth\Access\Gate->callPolicyMethod(Object(App\Policies\TestimonialPolicy), 'delete', Object(App\Models\User), Array)
#6 E:\Projects\NsBase\vendor\laravel\framework\src\Illuminate\Auth\Access\Gate.php(553): Illuminate\Auth\Access\Gate->Illuminate\Auth\Access\{closure}(Object(App\Models\User), Object(App\Models\Testimonial))
#7 E:\Projects\NsBase\vendor\laravel\framework\src\Illuminate\Auth\Access\Gate.php(448): Illuminate\Auth\Access\Gate->callAuthCallback(Object(App\Models\User), 'delete', Array)
#8 E:\Projects\NsBase\vendor\laravel\framework\src\Illuminate\Auth\Access\Gate.php(411): Illuminate\Auth\Access\Gate->raw('delete', Array)
#9 E:\Projects\NsBase\vendor\laravel\framework\src\Illuminate\Auth\Access\Gate.php(398): Illuminate\Auth\Access\Gate->inspect('delete', Object(App\Models\Testimonial))
#10 E:\Projects\NsBase\vendor\laravel\framework\src\Illuminate\Foundation\Auth\Access\AuthorizesRequests.php(25): Illuminate\Auth\Access\Gate->authorize('delete', Object(App\Models\Testimonial))
#11 E:\Projects\NsBase\app\Http\Controllers\Api\TestimonialController.php(90): App\Http\Controllers\Controller->authorize('delete', Object(App\Models\Testimonial))
#12 E:\Projects\NsBase\vendor\laravel\framework\src\Illuminate\Routing\Controller.php(54): App\Http\Controllers\Api\TestimonialController->destroy(Object(App\Models\Testimonial))
#13 E:\Projects\NsBase\vendor\laravel\framework\src\Illuminate\Routing\ControllerDispatcher.php(43): Illuminate\Routing\Controller->callAction('destroy', Array)
#14 E:\Projects\NsBase\vendor\laravel\framework\src\Illuminate\Routing\Route.php(269): Illuminate\Routing\ControllerDispatcher->dispatch(Object(Illuminate\Routing\Route), Object(App\Http\Controllers\Api\TestimonialController), 'destroy')
#15 E:\Projects\NsBase\vendor\laravel\framework\src\Illuminate\Routing\Route.php(215): Illuminate\Routing\Route->runController()
#16 E:\Projects\NsBase\vendor\laravel\framework\src\Illuminate\Routing\Router.php(822): Illuminate\Routing\Route->run()
#17 E:\Projects\NsBase\vendor\laravel\framework\src\Illuminate\Pipeline\Pipeline.php(180): Illuminate\Routing\Router->Illuminate\Routing\{closure}(Object(Illuminate\Http\Request))
#18 E:\Projects\NsBase\app\Http\Middleware\ForceJsonResponse.php(15): Illuminate\Pipeline\Pipeline->Illuminate\Pipeline\{closure}(Object(Illuminate\Http\Request))
#19 E:\Projects\NsBase\vendor\laravel\framework\src\Illuminate\Pipeline\Pipeline.php(219): App\Http\Middleware\ForceJsonResponse->handle(Object(Illuminate\Http\Request), Object(Closure))
#20 E:\Projects\NsBase\vendor\laravel\framework\src\Illuminate\Routing\Middleware\SubstituteBindings.php(52): Illuminate\Pipeline\Pipeline->Illuminate\Pipeline\{closure}(Object(Illuminate\Http\Request))
#21 E:\Projects\NsBase\vendor\laravel\framework\src\Illuminate\Pipeline\Pipeline.php(219): Illuminate\Routing\Middleware\SubstituteBindings->handle(Object(Illuminate\Http\Request), Object(Closure))
#22 E:\Projects\NsBase\vendor\laravel\framework\src\Illuminate\Auth\Middleware\Authenticate.php(63): Illuminate\Pipeline\Pipeline->Illuminate\Pipeline\{closure}(Object(Illuminate\Http\Request))
#23 E:\Projects\NsBase\vendor\laravel\framework\src\Illuminate\Pipeline\Pipeline.php(219): Illuminate\Auth\Middleware\Authenticate->handle(Object(Illuminate\Http\Request), Object(Closure), 'sanctum')
#24 E:\Projects\NsBase\vendor\laravel\framework\src\Illuminate\Pipeline\Pipeline.php(137): Illuminate\Pipeline\Pipeline->Illuminate\Pipeline\{closure}(Object(Illuminate\Http\Request))
#25 E:\Projects\NsBase\vendor\laravel\framework\src\Illuminate\Routing\Router.php(821): Illuminate\Pipeline\Pipeline->then(Object(Closure))
#26 E:\Projects\NsBase\vendor\laravel\framework\src\Illuminate\Routing\Router.php(800): Illuminate\Routing\Router->runRouteWithinStack(Object(Illuminate\Routing\Route), Object(Illuminate\Http\Request))
#27 E:\Projects\NsBase\vendor\laravel\framework\src\Illuminate\Routing\Router.php(764): Illuminate\Routing\Router->runRoute(Object(Illuminate\Http\Request), Object(Illuminate\Routing\Route))
#28 E:\Projects\NsBase\vendor\laravel\framework\src\Illuminate\Routing\Router.php(753): Illuminate\Routing\Router->dispatchToRoute(Object(Illuminate\Http\Request))
#29 E:\Projects\NsBase\vendor\laravel\framework\src\Illuminate\Foundation\Http\Kernel.php(200): Illuminate\Routing\Router->dispatch(Object(Illuminate\Http\Request))
#30 E:\Projects\NsBase\vendor\laravel\framework\src\Illuminate\Pipeline\Pipeline.php(180): Illuminate\Foundation\Http\Kernel->Illuminate\Foundation\Http\{closure}(Object(Illuminate\Http\Request))
#31 E:\Projects\NsBase\vendor\laravel\framework\src\Illuminate\Foundation\Http\Middleware\TransformsRequest.php(21): Illuminate\Pipeline\Pipeline->Illuminate\Pipeline\{closure}(Object(Illuminate\Http\Request))
#32 E:\Projects\NsBase\vendor\laravel\framework\src\Illuminate\Foundation\Http\Middleware\ConvertEmptyStringsToNull.php(31): Illuminate\Foundation\Http\Middleware\TransformsRequest->handle(Object(Illuminate\Http\Request), Object(Closure))
#33 E:\Projects\NsBase\vendor\laravel\framework\src\Illuminate\Pipeline\Pipeline.php(219): Illuminate\Foundation\Http\Middleware\ConvertEmptyStringsToNull->handle(Object(Illuminate\Http\Request), Object(Closure))
#34 E:\Projects\NsBase\vendor\laravel\framework\src\Illuminate\Foundation\Http\Middleware\TransformsRequest.php(21): Illuminate\Pipeline\Pipeline->Illuminate\Pipeline\{closure}(Object(Illuminate\Http\Request))
#35 E:\Projects\NsBase\vendor\laravel\framework\src\Illuminate\Foundation\Http\Middleware\TrimStrings.php(51): Illuminate\Foundation\Http\Middleware\TransformsRequest->handle(Object(Illuminate\Http\Request), Object(Closure))
#36 E:\Projects\NsBase\vendor\laravel\framework\src\Illuminate\Pipeline\Pipeline.php(219): Illuminate\Foundation\Http\Middleware\TrimStrings->handle(Object(Illuminate\Http\Request), Object(Closure))
#37 E:\Projects\NsBase\vendor\laravel\framework\src\Illuminate\Http\Middleware\ValidatePostSize.php(27): Illuminate\Pipeline\Pipeline->Illuminate\Pipeline\{closure}(Object(Illuminate\Http\Request))
#38 E:\Projects\NsBase\vendor\laravel\framework\src\Illuminate\Pipeline\Pipeline.php(219): Illuminate\Http\Middleware\ValidatePostSize->handle(Object(Illuminate\Http\Request), Object(Closure))
#39 E:\Projects\NsBase\vendor\laravel\framework\src\Illuminate\Foundation\Http\Middleware\PreventRequestsDuringMaintenance.php(109): Illuminate\Pipeline\Pipeline->Illuminate\Pipeline\{closure}(Object(Illuminate\Http\Request))
#40 E:\Projects\NsBase\vendor\laravel\framework\src\Illuminate\Pipeline\Pipeline.php(219): Illuminate\Foundation\Http\Middleware\PreventRequestsDuringMaintenance->handle(Object(Illuminate\Http\Request), Object(Closure))
#41 E:\Projects\NsBase\vendor\laravel\framework\src\Illuminate\Http\Middleware\HandleCors.php(74): Illuminate\Pipeline\Pipeline->Illuminate\Pipeline\{closure}(Object(Illuminate\Http\Request))
#42 E:\Projects\NsBase\vendor\laravel\framework\src\Illuminate\Pipeline\Pipeline.php(219): Illuminate\Http\Middleware\HandleCors->handle(Object(Illuminate\Http\Request), Object(Closure))
#43 E:\Projects\NsBase\vendor\laravel\framework\src\Illuminate\Http\Middleware\TrustProxies.php(58): Illuminate\Pipeline\Pipeline->Illuminate\Pipeline\{closure}(Object(Illuminate\Http\Request))
#44 E:\Projects\NsBase\vendor\laravel\framework\src\Illuminate\Pipeline\Pipeline.php(219): Illuminate\Http\Middleware\TrustProxies->handle(Object(Illuminate\Http\Request), Object(Closure))
#45 E:\Projects\NsBase\vendor\laravel\framework\src\Illuminate\Foundation\Http\Middleware\InvokeDeferredCallbacks.php(22): Illuminate\Pipeline\Pipeline->Illuminate\Pipeline\{closure}(Object(Illuminate\Http\Request))
#46 E:\Projects\NsBase\vendor\laravel\framework\src\Illuminate\Pipeline\Pipeline.php(219): Illuminate\Foundation\Http\Middleware\InvokeDeferredCallbacks->handle(Object(Illuminate\Http\Request), Object(Closure))
#47 E:\Projects\NsBase\vendor\laravel\framework\src\Illuminate\Http\Middleware\ValidatePathEncoding.php(28): Illuminate\Pipeline\Pipeline->Illuminate\Pipeline\{closure}(Object(Illuminate\Http\Request))
#48 E:\Projects\NsBase\vendor\laravel\framework\src\Illuminate\Pipeline\Pipeline.php(219): Illuminate\Http\Middleware\ValidatePathEncoding->handle(Object(Illuminate\Http\Request), Object(Closure))
#49 E:\Projects\NsBase\vendor\laravel\framework\src\Illuminate\Pipeline\Pipeline.php(137): Illuminate\Pipeline\Pipeline->Illuminate\Pipeline\{closure}(Object(Illuminate\Http\Request))
#50 E:\Projects\NsBase\vendor\laravel\framework\src\Illuminate\Foundation\Http\Kernel.php(175): Illuminate\Pipeline\Pipeline->then(Object(Closure))
#51 E:\Projects\NsBase\vendor\laravel\framework\src\Illuminate\Foundation\Http\Kernel.php(144): Illuminate\Foundation\Http\Kernel->sendRequestThroughRouter(Object(Illuminate\Http\Request))
#52 E:\Projects\NsBase\vendor\laravel\framework\src\Illuminate\Foundation\Testing\Concerns\MakesHttpRequests.php(607): Illuminate\Foundation\Http\Kernel->handle(Object(Illuminate\Http\Request))
#53 E:\Projects\NsBase\vendor\laravel\framework\src\Illuminate\Foundation\Testing\Concerns\MakesHttpRequests.php(573): Illuminate\Foundation\Testing\TestCase->call('DELETE', '/api/testimonia...', Array, Array, Array, Array, '[]')
#54 E:\Projects\NsBase\vendor\laravel\framework\src\Illuminate\Foundation\Testing\Concerns\MakesHttpRequests.php(501): Illuminate\Foundation\Testing\TestCase->json('DELETE', '/api/testimonia...', Array, Array, 0)
#55 E:\Projects\NsBase\tests\Feature\ApiTest.php(275): Illuminate\Foundation\Testing\TestCase->deleteJson('/api/testimonia...')
#56 E:\Projects\NsBase\vendor\phpunit\phpunit\src\Framework\TestCase.php(1314): Tests\Feature\ApiTest->test_admin_can_delete_testimonial()
#57 E:\Projects\NsBase\vendor\phpunit\phpunit\src\Framework\TestCase.php(1351): PHPUnit\Framework\TestCase->invokeTestMethod('test_admin_can_...', Array)
#58 E:\Projects\NsBase\vendor\phpunit\phpunit\src\Framework\TestCase.php(521): PHPUnit\Framework\TestCase->runTest()
#59 E:\Projects\NsBase\vendor\phpunit\phpunit\src\Framework\TestRunner\TestRunner.php(99): PHPUnit\Framework\TestCase->runBare()
#60 E:\Projects\NsBase\vendor\phpunit\phpunit\src\Framework\TestCase.php(361): PHPUnit\Framework\TestRunner->run(Object(Tests\Feature\ApiTest))
#61 E:\Projects\NsBase\vendor\phpunit\phpunit\src\Framework\TestSuite.php(374): PHPUnit\Framework\TestCase->run()
#62 E:\Projects\NsBase\vendor\phpunit\phpunit\src\TextUI\TestRunner.php(64): PHPUnit\Framework\TestSuite->run()
#63 E:\Projects\NsBase\vendor\phpunit\phpunit\src\TextUI\Application.php(229): PHPUnit\TextUI\TestRunner->run(Object(PHPUnit\TextUI\Configuration\Configuration), Object(PHPUnit\Runner\ResultCache\DefaultResultCache), Object(PHPUnit\Framework\TestSuite))
#64 E:\Projects\NsBase\vendor\phpunit\phpunit\phpunit(104): PHPUnit\TextUI\Application->run(Array)
#65 {main}

----------------------------------------------------------------------------------

There is no permission named `testimonials.delete` for guard `sanctum`.[39;22m

  at [32mtests\Feature\ApiTest.php[39m:[32m276[39m
    272Ôûò         $t = Testimonial::create(['name' => ['fr' => 'N'], 'content' => ['fr' => 'C'], 'is_active' => true]);
    273Ôûò 
    274Ôûò         $this->actingAs($this->admin, 'sanctum')
    275Ôûò             ->deleteJson("/api/testimonials/{$t->id}")
  Ô×£ 276Ôûò             ->assertOk();
    277Ôûò     }
    278Ôûò 
    279Ôûò     // ÔöÇÔöÇÔöÇ FAQs ÔöÇÔöÇÔöÇÔöÇÔöÇÔöÇÔöÇÔöÇÔöÇÔöÇÔöÇÔöÇÔöÇÔöÇÔöÇÔöÇÔöÇÔöÇÔöÇÔöÇÔöÇÔöÇÔöÇÔöÇÔöÇÔöÇÔöÇÔöÇÔöÇÔöÇÔöÇÔöÇÔöÇÔöÇÔöÇÔöÇÔöÇÔöÇÔöÇÔöÇÔöÇÔöÇÔöÇÔöÇÔöÇÔöÇÔöÇÔöÇÔöÇÔöÇÔöÇ
    280Ôûò

  [31mÔöÇÔöÇÔöÇÔöÇÔöÇÔöÇÔöÇÔöÇÔöÇÔöÇÔöÇÔöÇÔöÇÔöÇÔöÇÔöÇÔöÇÔöÇÔöÇÔöÇÔöÇÔöÇÔöÇÔöÇÔöÇÔöÇÔöÇÔöÇÔöÇÔöÇÔöÇÔöÇÔöÇÔöÇÔöÇÔöÇÔöÇÔöÇÔöÇÔöÇÔöÇÔöÇÔöÇÔöÇÔöÇÔöÇÔöÇÔöÇÔöÇÔöÇÔöÇÔöÇÔöÇÔöÇÔöÇÔöÇÔöÇÔöÇÔöÇÔöÇÔöÇÔöÇÔöÇÔöÇÔöÇÔöÇÔöÇÔöÇÔöÇÔöÇÔöÇÔöÇÔöÇÔöÇÔöÇÔöÇ[39m  
  [41;1m FAILED [49;22m [1mTests\Feature\ApiTest[22m [90m>[39m admin can create faq                         
[39;1m  Expected response status code [201] but received 500.
Failed asserting that 500 is identical to 201.

The following exception occurred during the last request:

Spatie\Permission\Exceptions\PermissionDoesNotExist: There is no permission named `faqs.create` for guard `sanctum`. in E:\Projects\NsBase\vendor\spatie\laravel-permission\src\Exceptions\PermissionDoesNotExist.php:11
Stack trace:
#0 E:\Projects\NsBase\vendor\spatie\laravel-permission\src\Models\Permission.php(103): Spatie\Permission\Exceptions\PermissionDoesNotExist::create('faqs.create', 'sanctum')
#1 E:\Projects\NsBase\vendor\spatie\laravel-permission\src\Traits\HasPermissions.php(185): Spatie\Permission\Models\Permission::findByName('faqs.create', 'sanctum')
#2 E:\Projects\NsBase\vendor\spatie\laravel-permission\src\Traits\HasPermissions.php(211): App\Models\User->filterPermission('faqs.create', NULL)
#3 E:\Projects\NsBase\app\Policies\FaqPolicy.php(22): App\Models\User->hasPermissionTo('faqs.create')
#4 E:\Projects\NsBase\vendor\laravel\framework\src\Illuminate\Auth\Access\Gate.php(844): App\Policies\FaqPolicy->create(Object(App\Models\User))
#5 E:\Projects\NsBase\vendor\laravel\framework\src\Illuminate\Auth\Access\Gate.php(797): Illuminate\Auth\Access\Gate->callPolicyMethod(Object(App\Policies\FaqPolicy), 'create', Object(App\Models\User), Array)
#6 E:\Projects\NsBase\vendor\laravel\framework\src\Illuminate\Auth\Access\Gate.php(553): Illuminate\Auth\Access\Gate->Illuminate\Auth\Access\{closure}(Object(App\Models\User), 'App\\Models\\Faq')
#7 E:\Projects\NsBase\vendor\laravel\framework\src\Illuminate\Auth\Access\Gate.php(448): Illuminate\Auth\Access\Gate->callAuthCallback(Object(App\Models\User), 'create', Array)
#8 E:\Projects\NsBase\vendor\laravel\framework\src\Illuminate\Auth\Access\Gate.php(411): Illuminate\Auth\Access\Gate->raw('create', Array)
#9 E:\Projects\NsBase\vendor\laravel\framework\src\Illuminate\Auth\Access\Gate.php(398): Illuminate\Auth\Access\Gate->inspect('create', 'App\\Models\\Faq')
#10 E:\Projects\NsBase\vendor\laravel\framework\src\Illuminate\Foundation\Auth\Access\AuthorizesRequests.php(25): Illuminate\Auth\Access\Gate->authorize('create', 'App\\Models\\Faq')
#11 E:\Projects\NsBase\app\Http\Controllers\Api\FaqController.php(30): App\Http\Controllers\Controller->authorize('create', 'App\\Models\\Faq')
#12 E:\Projects\NsBase\vendor\laravel\framework\src\Illuminate\Routing\Controller.php(54): App\Http\Controllers\Api\FaqController->store(Object(App\Http\Requests\Api\FaqRequest))
#13 E:\Projects\NsBase\vendor\laravel\framework\src\Illuminate\Routing\ControllerDispatcher.php(43): Illuminate\Routing\Controller->callAction('store', Array)
#14 E:\Projects\NsBase\vendor\laravel\framework\src\Illuminate\Routing\Route.php(269): Illuminate\Routing\ControllerDispatcher->dispatch(Object(Illuminate\Routing\Route), Object(App\Http\Controllers\Api\FaqController), 'store')
#15 E:\Projects\NsBase\vendor\laravel\framework\src\Illuminate\Routing\Route.php(215): Illuminate\Routing\Route->runController()
#16 E:\Projects\NsBase\vendor\laravel\framework\src\Illuminate\Routing\Router.php(822): Illuminate\Routing\Route->run()
#17 E:\Projects\NsBase\vendor\laravel\framework\src\Illuminate\Pipeline\Pipeline.php(180): Illuminate\Routing\Router->Illuminate\Routing\{closure}(Object(Illuminate\Http\Request))
#18 E:\Projects\NsBase\app\Http\Middleware\ForceJsonResponse.php(15): Illuminate\Pipeline\Pipeline->Illuminate\Pipeline\{closure}(Object(Illuminate\Http\Request))
#19 E:\Projects\NsBase\vendor\laravel\framework\src\Illuminate\Pipeline\Pipeline.php(219): App\Http\Middleware\ForceJsonResponse->handle(Object(Illuminate\Http\Request), Object(Closure))
#20 E:\Projects\NsBase\vendor\laravel\framework\src\Illuminate\Routing\Middleware\SubstituteBindings.php(52): Illuminate\Pipeline\Pipeline->Illuminate\Pipeline\{closure}(Object(Illuminate\Http\Request))
#21 E:\Projects\NsBase\vendor\laravel\framework\src\Illuminate\Pipeline\Pipeline.php(219): Illuminate\Routing\Middleware\SubstituteBindings->handle(Object(Illuminate\Http\Request), Object(Closure))
#22 E:\Projects\NsBase\vendor\laravel\framework\src\Illuminate\Auth\Middleware\Authenticate.php(63): Illuminate\Pipeline\Pipeline->Illuminate\Pipeline\{closure}(Object(Illuminate\Http\Request))
#23 E:\Projects\NsBase\vendor\laravel\framework\src\Illuminate\Pipeline\Pipeline.php(219): Illuminate\Auth\Middleware\Authenticate->handle(Object(Illuminate\Http\Request), Object(Closure), 'sanctum')
#24 E:\Projects\NsBase\vendor\laravel\framework\src\Illuminate\Pipeline\Pipeline.php(137): Illuminate\Pipeline\Pipeline->Illuminate\Pipeline\{closure}(Object(Illuminate\Http\Request))
#25 E:\Projects\NsBase\vendor\laravel\framework\src\Illuminate\Routing\Router.php(821): Illuminate\Pipeline\Pipeline->then(Object(Closure))
#26 E:\Projects\NsBase\vendor\laravel\framework\src\Illuminate\Routing\Router.php(800): Illuminate\Routing\Router->runRouteWithinStack(Object(Illuminate\Routing\Route), Object(Illuminate\Http\Request))
#27 E:\Projects\NsBase\vendor\laravel\framework\src\Illuminate\Routing\Router.php(764): Illuminate\Routing\Router->runRoute(Object(Illuminate\Http\Request), Object(Illuminate\Routing\Route))
#28 E:\Projects\NsBase\vendor\laravel\framework\src\Illuminate\Routing\Router.php(753): Illuminate\Routing\Router->dispatchToRoute(Object(Illuminate\Http\Request))
#29 E:\Projects\NsBase\vendor\laravel\framework\src\Illuminate\Foundation\Http\Kernel.php(200): Illuminate\Routing\Router->dispatch(Object(Illuminate\Http\Request))
#30 E:\Projects\NsBase\vendor\laravel\framework\src\Illuminate\Pipeline\Pipeline.php(180): Illuminate\Foundation\Http\Kernel->Illuminate\Foundation\Http\{closure}(Object(Illuminate\Http\Request))
#31 E:\Projects\NsBase\vendor\laravel\framework\src\Illuminate\Foundation\Http\Middleware\TransformsRequest.php(21): Illuminate\Pipeline\Pipeline->Illuminate\Pipeline\{closure}(Object(Illuminate\Http\Request))
#32 E:\Projects\NsBase\vendor\laravel\framework\src\Illuminate\Foundation\Http\Middleware\ConvertEmptyStringsToNull.php(31): Illuminate\Foundation\Http\Middleware\TransformsRequest->handle(Object(Illuminate\Http\Request), Object(Closure))
#33 E:\Projects\NsBase\vendor\laravel\framework\src\Illuminate\Pipeline\Pipeline.php(219): Illuminate\Foundation\Http\Middleware\ConvertEmptyStringsToNull->handle(Object(Illuminate\Http\Request), Object(Closure))
#34 E:\Projects\NsBase\vendor\laravel\framework\src\Illuminate\Foundation\Http\Middleware\TransformsRequest.php(21): Illuminate\Pipeline\Pipeline->Illuminate\Pipeline\{closure}(Object(Illuminate\Http\Request))
#35 E:\Projects\NsBase\vendor\laravel\framework\src\Illuminate\Foundation\Http\Middleware\TrimStrings.php(51): Illuminate\Foundation\Http\Middleware\TransformsRequest->handle(Object(Illuminate\Http\Request), Object(Closure))
#36 E:\Projects\NsBase\vendor\laravel\framework\src\Illuminate\Pipeline\Pipeline.php(219): Illuminate\Foundation\Http\Middleware\TrimStrings->handle(Object(Illuminate\Http\Request), Object(Closure))
#37 E:\Projects\NsBase\vendor\laravel\framework\src\Illuminate\Http\Middleware\ValidatePostSize.php(27): Illuminate\Pipeline\Pipeline->Illuminate\Pipeline\{closure}(Object(Illuminate\Http\Request))
#38 E:\Projects\NsBase\vendor\laravel\framework\src\Illuminate\Pipeline\Pipeline.php(219): Illuminate\Http\Middleware\ValidatePostSize->handle(Object(Illuminate\Http\Request), Object(Closure))
#39 E:\Projects\NsBase\vendor\laravel\framework\src\Illuminate\Foundation\Http\Middleware\PreventRequestsDuringMaintenance.php(109): Illuminate\Pipeline\Pipeline->Illuminate\Pipeline\{closure}(Object(Illuminate\Http\Request))
#40 E:\Projects\NsBase\vendor\laravel\framework\src\Illuminate\Pipeline\Pipeline.php(219): Illuminate\Foundation\Http\Middleware\PreventRequestsDuringMaintenance->handle(Object(Illuminate\Http\Request), Object(Closure))
#41 E:\Projects\NsBase\vendor\laravel\framework\src\Illuminate\Http\Middleware\HandleCors.php(74): Illuminate\Pipeline\Pipeline->Illuminate\Pipeline\{closure}(Object(Illuminate\Http\Request))
#42 E:\Projects\NsBase\vendor\laravel\framework\src\Illuminate\Pipeline\Pipeline.php(219): Illuminate\Http\Middleware\HandleCors->handle(Object(Illuminate\Http\Request), Object(Closure))
#43 E:\Projects\NsBase\vendor\laravel\framework\src\Illuminate\Http\Middleware\TrustProxies.php(58): Illuminate\Pipeline\Pipeline->Illuminate\Pipeline\{closure}(Object(Illuminate\Http\Request))
#44 E:\Projects\NsBase\vendor\laravel\framework\src\Illuminate\Pipeline\Pipeline.php(219): Illuminate\Http\Middleware\TrustProxies->handle(Object(Illuminate\Http\Request), Object(Closure))
#45 E:\Projects\NsBase\vendor\laravel\framework\src\Illuminate\Foundation\Http\Middleware\InvokeDeferredCallbacks.php(22): Illuminate\Pipeline\Pipeline->Illuminate\Pipeline\{closure}(Object(Illuminate\Http\Request))
#46 E:\Projects\NsBase\vendor\laravel\framework\src\Illuminate\Pipeline\Pipeline.php(219): Illuminate\Foundation\Http\Middleware\InvokeDeferredCallbacks->handle(Object(Illuminate\Http\Request), Object(Closure))
#47 E:\Projects\NsBase\vendor\laravel\framework\src\Illuminate\Http\Middleware\ValidatePathEncoding.php(28): Illuminate\Pipeline\Pipeline->Illuminate\Pipeline\{closure}(Object(Illuminate\Http\Request))
#48 E:\Projects\NsBase\vendor\laravel\framework\src\Illuminate\Pipeline\Pipeline.php(219): Illuminate\Http\Middleware\ValidatePathEncoding->handle(Object(Illuminate\Http\Request), Object(Closure))
#49 E:\Projects\NsBase\vendor\laravel\framework\src\Illuminate\Pipeline\Pipeline.php(137): Illuminate\Pipeline\Pipeline->Illuminate\Pipeline\{closure}(Object(Illuminate\Http\Request))
#50 E:\Projects\NsBase\vendor\laravel\framework\src\Illuminate\Foundation\Http\Kernel.php(175): Illuminate\Pipeline\Pipeline->then(Object(Closure))
#51 E:\Projects\NsBase\vendor\laravel\framework\src\Illuminate\Foundation\Http\Kernel.php(144): Illuminate\Foundation\Http\Kernel->sendRequestThroughRouter(Object(Illuminate\Http\Request))
#52 E:\Projects\NsBase\vendor\laravel\framework\src\Illuminate\Foundation\Testing\Concerns\MakesHttpRequests.php(607): Illuminate\Foundation\Http\Kernel->handle(Object(Illuminate\Http\Request))
#53 E:\Projects\NsBase\vendor\laravel\framework\src\Illuminate\Foundation\Testing\Concerns\MakesHttpRequests.php(573): Illuminate\Foundation\Testing\TestCase->call('POST', '/api/faqs', Array, Array, Array, Array, '{"question":{"f...')
#54 E:\Projects\NsBase\vendor\laravel\framework\src\Illuminate\Foundation\Testing\Concerns\MakesHttpRequests.php(411): Illuminate\Foundation\Testing\TestCase->json('POST', '/api/faqs', Array, Array, 0)
#55 E:\Projects\NsBase\tests\Feature\ApiTest.php(284): Illuminate\Foundation\Testing\TestCase->postJson('/api/faqs', Array)
#56 E:\Projects\NsBase\vendor\phpunit\phpunit\src\Framework\TestCase.php(1314): Tests\Feature\ApiTest->test_admin_can_create_faq()
#57 E:\Projects\NsBase\vendor\phpunit\phpunit\src\Framework\TestCase.php(1351): PHPUnit\Framework\TestCase->invokeTestMethod('test_admin_can_...', Array)
#58 E:\Projects\NsBase\vendor\phpunit\phpunit\src\Framework\TestCase.php(521): PHPUnit\Framework\TestCase->runTest()
#59 E:\Projects\NsBase\vendor\phpunit\phpunit\src\Framework\TestRunner\TestRunner.php(99): PHPUnit\Framework\TestCase->runBare()
#60 E:\Projects\NsBase\vendor\phpunit\phpunit\src\Framework\TestCase.php(361): PHPUnit\Framework\TestRunner->run(Object(Tests\Feature\ApiTest))
#61 E:\Projects\NsBase\vendor\phpunit\phpunit\src\Framework\TestSuite.php(374): PHPUnit\Framework\TestCase->run()
#62 E:\Projects\NsBase\vendor\phpunit\phpunit\src\TextUI\TestRunner.php(64): PHPUnit\Framework\TestSuite->run()
#63 E:\Projects\NsBase\vendor\phpunit\phpunit\src\TextUI\Application.php(229): PHPUnit\TextUI\TestRunner->run(Object(PHPUnit\TextUI\Configuration\Configuration), Object(PHPUnit\Runner\ResultCache\DefaultResultCache), Object(PHPUnit\Framework\TestSuite))
#64 E:\Projects\NsBase\vendor\phpunit\phpunit\phpunit(104): PHPUnit\TextUI\Application->run(Array)
#65 {main}

----------------------------------------------------------------------------------

There is no permission named `faqs.create` for guard `sanctum`.[39;22m

  at [32mtests\Feature\ApiTest.php[39m:[32m288[39m
    284Ôûò             ->postJson('/api/faqs', [
    285Ôûò                 'question' => ['fr' => 'Question ?'],
    286Ôûò                 'answer' => ['fr' => 'R├®ponse.'],
    287Ôûò                 'is_active' => true,
  Ô×£ 288Ôûò             ])->assertCreated();
    289Ôûò     }
    290Ôûò 
    291Ôûò     public function test_admin_can_delete_faq()
    292Ôûò     {

  [31mÔöÇÔöÇÔöÇÔöÇÔöÇÔöÇÔöÇÔöÇÔöÇÔöÇÔöÇÔöÇÔöÇÔöÇÔöÇÔöÇÔöÇÔöÇÔöÇÔöÇÔöÇÔöÇÔöÇÔöÇÔöÇÔöÇÔöÇÔöÇÔöÇÔöÇÔöÇÔöÇÔöÇÔöÇÔöÇÔöÇÔöÇÔöÇÔöÇÔöÇÔöÇÔöÇÔöÇÔöÇÔöÇÔöÇÔöÇÔöÇÔöÇÔöÇÔöÇÔöÇÔöÇÔöÇÔöÇÔöÇÔöÇÔöÇÔöÇÔöÇÔöÇÔöÇÔöÇÔöÇÔöÇÔöÇÔöÇÔöÇÔöÇÔöÇÔöÇÔöÇÔöÇÔöÇÔöÇÔöÇ[39m  
  [41;1m FAILED [49;22m [1mTests\Feature\ApiTest[22m [90m>[39m admin can delete faq                         
[39;1m  Expected response status code [200] but received 500.
Failed asserting that 500 is identical to 200.

The following exception occurred during the last request:

Spatie\Permission\Exceptions\PermissionDoesNotExist: There is no permission named `faqs.delete` for guard `sanctum`. in E:\Projects\NsBase\vendor\spatie\laravel-permission\src\Exceptions\PermissionDoesNotExist.php:11
Stack trace:
#0 E:\Projects\NsBase\vendor\spatie\laravel-permission\src\Models\Permission.php(103): Spatie\Permission\Exceptions\PermissionDoesNotExist::create('faqs.delete', 'sanctum')
#1 E:\Projects\NsBase\vendor\spatie\laravel-permission\src\Traits\HasPermissions.php(185): Spatie\Permission\Models\Permission::findByName('faqs.delete', 'sanctum')
#2 E:\Projects\NsBase\vendor\spatie\laravel-permission\src\Traits\HasPermissions.php(211): App\Models\User->filterPermission('faqs.delete', NULL)
#3 E:\Projects\NsBase\app\Policies\FaqPolicy.php(32): App\Models\User->hasPermissionTo('faqs.delete')
#4 E:\Projects\NsBase\vendor\laravel\framework\src\Illuminate\Auth\Access\Gate.php(844): App\Policies\FaqPolicy->delete(Object(App\Models\User), Object(App\Models\Faq))
#5 E:\Projects\NsBase\vendor\laravel\framework\src\Illuminate\Auth\Access\Gate.php(797): Illuminate\Auth\Access\Gate->callPolicyMethod(Object(App\Policies\FaqPolicy), 'delete', Object(App\Models\User), Array)
#6 E:\Projects\NsBase\vendor\laravel\framework\src\Illuminate\Auth\Access\Gate.php(553): Illuminate\Auth\Access\Gate->Illuminate\Auth\Access\{closure}(Object(App\Models\User), Object(App\Models\Faq))
#7 E:\Projects\NsBase\vendor\laravel\framework\src\Illuminate\Auth\Access\Gate.php(448): Illuminate\Auth\Access\Gate->callAuthCallback(Object(App\Models\User), 'delete', Array)
#8 E:\Projects\NsBase\vendor\laravel\framework\src\Illuminate\Auth\Access\Gate.php(411): Illuminate\Auth\Access\Gate->raw('delete', Array)
#9 E:\Projects\NsBase\vendor\laravel\framework\src\Illuminate\Auth\Access\Gate.php(398): Illuminate\Auth\Access\Gate->inspect('delete', Object(App\Models\Faq))
#10 E:\Projects\NsBase\vendor\laravel\framework\src\Illuminate\Foundation\Auth\Access\AuthorizesRequests.php(25): Illuminate\Auth\Access\Gate->authorize('delete', Object(App\Models\Faq))
#11 E:\Projects\NsBase\app\Http\Controllers\Api\FaqController.php(69): App\Http\Controllers\Controller->authorize('delete', Object(App\Models\Faq))
#12 E:\Projects\NsBase\vendor\laravel\framework\src\Illuminate\Routing\Controller.php(54): App\Http\Controllers\Api\FaqController->destroy(Object(App\Models\Faq))
#13 E:\Projects\NsBase\vendor\laravel\framework\src\Illuminate\Routing\ControllerDispatcher.php(43): Illuminate\Routing\Controller->callAction('destroy', Array)
#14 E:\Projects\NsBase\vendor\laravel\framework\src\Illuminate\Routing\Route.php(269): Illuminate\Routing\ControllerDispatcher->dispatch(Object(Illuminate\Routing\Route), Object(App\Http\Controllers\Api\FaqController), 'destroy')
#15 E:\Projects\NsBase\vendor\laravel\framework\src\Illuminate\Routing\Route.php(215): Illuminate\Routing\Route->runController()
#16 E:\Projects\NsBase\vendor\laravel\framework\src\Illuminate\Routing\Router.php(822): Illuminate\Routing\Route->run()
#17 E:\Projects\NsBase\vendor\laravel\framework\src\Illuminate\Pipeline\Pipeline.php(180): Illuminate\Routing\Router->Illuminate\Routing\{closure}(Object(Illuminate\Http\Request))
#18 E:\Projects\NsBase\app\Http\Middleware\ForceJsonResponse.php(15): Illuminate\Pipeline\Pipeline->Illuminate\Pipeline\{closure}(Object(Illuminate\Http\Request))
#19 E:\Projects\NsBase\vendor\laravel\framework\src\Illuminate\Pipeline\Pipeline.php(219): App\Http\Middleware\ForceJsonResponse->handle(Object(Illuminate\Http\Request), Object(Closure))
#20 E:\Projects\NsBase\vendor\laravel\framework\src\Illuminate\Routing\Middleware\SubstituteBindings.php(52): Illuminate\Pipeline\Pipeline->Illuminate\Pipeline\{closure}(Object(Illuminate\Http\Request))
#21 E:\Projects\NsBase\vendor\laravel\framework\src\Illuminate\Pipeline\Pipeline.php(219): Illuminate\Routing\Middleware\SubstituteBindings->handle(Object(Illuminate\Http\Request), Object(Closure))
#22 E:\Projects\NsBase\vendor\laravel\framework\src\Illuminate\Auth\Middleware\Authenticate.php(63): Illuminate\Pipeline\Pipeline->Illuminate\Pipeline\{closure}(Object(Illuminate\Http\Request))
#23 E:\Projects\NsBase\vendor\laravel\framework\src\Illuminate\Pipeline\Pipeline.php(219): Illuminate\Auth\Middleware\Authenticate->handle(Object(Illuminate\Http\Request), Object(Closure), 'sanctum')
#24 E:\Projects\NsBase\vendor\laravel\framework\src\Illuminate\Pipeline\Pipeline.php(137): Illuminate\Pipeline\Pipeline->Illuminate\Pipeline\{closure}(Object(Illuminate\Http\Request))
#25 E:\Projects\NsBase\vendor\laravel\framework\src\Illuminate\Routing\Router.php(821): Illuminate\Pipeline\Pipeline->then(Object(Closure))
#26 E:\Projects\NsBase\vendor\laravel\framework\src\Illuminate\Routing\Router.php(800): Illuminate\Routing\Router->runRouteWithinStack(Object(Illuminate\Routing\Route), Object(Illuminate\Http\Request))
#27 E:\Projects\NsBase\vendor\laravel\framework\src\Illuminate\Routing\Router.php(764): Illuminate\Routing\Router->runRoute(Object(Illuminate\Http\Request), Object(Illuminate\Routing\Route))
#28 E:\Projects\NsBase\vendor\laravel\framework\src\Illuminate\Routing\Router.php(753): Illuminate\Routing\Router->dispatchToRoute(Object(Illuminate\Http\Request))
#29 E:\Projects\NsBase\vendor\laravel\framework\src\Illuminate\Foundation\Http\Kernel.php(200): Illuminate\Routing\Router->dispatch(Object(Illuminate\Http\Request))
#30 E:\Projects\NsBase\vendor\laravel\framework\src\Illuminate\Pipeline\Pipeline.php(180): Illuminate\Foundation\Http\Kernel->Illuminate\Foundation\Http\{closure}(Object(Illuminate\Http\Request))
#31 E:\Projects\NsBase\vendor\laravel\framework\src\Illuminate\Foundation\Http\Middleware\TransformsRequest.php(21): Illuminate\Pipeline\Pipeline->Illuminate\Pipeline\{closure}(Object(Illuminate\Http\Request))
#32 E:\Projects\NsBase\vendor\laravel\framework\src\Illuminate\Foundation\Http\Middleware\ConvertEmptyStringsToNull.php(31): Illuminate\Foundation\Http\Middleware\TransformsRequest->handle(Object(Illuminate\Http\Request), Object(Closure))
#33 E:\Projects\NsBase\vendor\laravel\framework\src\Illuminate\Pipeline\Pipeline.php(219): Illuminate\Foundation\Http\Middleware\ConvertEmptyStringsToNull->handle(Object(Illuminate\Http\Request), Object(Closure))
#34 E:\Projects\NsBase\vendor\laravel\framework\src\Illuminate\Foundation\Http\Middleware\TransformsRequest.php(21): Illuminate\Pipeline\Pipeline->Illuminate\Pipeline\{closure}(Object(Illuminate\Http\Request))
#35 E:\Projects\NsBase\vendor\laravel\framework\src\Illuminate\Foundation\Http\Middleware\TrimStrings.php(51): Illuminate\Foundation\Http\Middleware\TransformsRequest->handle(Object(Illuminate\Http\Request), Object(Closure))
#36 E:\Projects\NsBase\vendor\laravel\framework\src\Illuminate\Pipeline\Pipeline.php(219): Illuminate\Foundation\Http\Middleware\TrimStrings->handle(Object(Illuminate\Http\Request), Object(Closure))
#37 E:\Projects\NsBase\vendor\laravel\framework\src\Illuminate\Http\Middleware\ValidatePostSize.php(27): Illuminate\Pipeline\Pipeline->Illuminate\Pipeline\{closure}(Object(Illuminate\Http\Request))
#38 E:\Projects\NsBase\vendor\laravel\framework\src\Illuminate\Pipeline\Pipeline.php(219): Illuminate\Http\Middleware\ValidatePostSize->handle(Object(Illuminate\Http\Request), Object(Closure))
#39 E:\Projects\NsBase\vendor\laravel\framework\src\Illuminate\Foundation\Http\Middleware\PreventRequestsDuringMaintenance.php(109): Illuminate\Pipeline\Pipeline->Illuminate\Pipeline\{closure}(Object(Illuminate\Http\Request))
#40 E:\Projects\NsBase\vendor\laravel\framework\src\Illuminate\Pipeline\Pipeline.php(219): Illuminate\Foundation\Http\Middleware\PreventRequestsDuringMaintenance->handle(Object(Illuminate\Http\Request), Object(Closure))
#41 E:\Projects\NsBase\vendor\laravel\framework\src\Illuminate\Http\Middleware\HandleCors.php(74): Illuminate\Pipeline\Pipeline->Illuminate\Pipeline\{closure}(Object(Illuminate\Http\Request))
#42 E:\Projects\NsBase\vendor\laravel\framework\src\Illuminate\Pipeline\Pipeline.php(219): Illuminate\Http\Middleware\HandleCors->handle(Object(Illuminate\Http\Request), Object(Closure))
#43 E:\Projects\NsBase\vendor\laravel\framework\src\Illuminate\Http\Middleware\TrustProxies.php(58): Illuminate\Pipeline\Pipeline->Illuminate\Pipeline\{closure}(Object(Illuminate\Http\Request))
#44 E:\Projects\NsBase\vendor\laravel\framework\src\Illuminate\Pipeline\Pipeline.php(219): Illuminate\Http\Middleware\TrustProxies->handle(Object(Illuminate\Http\Request), Object(Closure))
#45 E:\Projects\NsBase\vendor\laravel\framework\src\Illuminate\Foundation\Http\Middleware\InvokeDeferredCallbacks.php(22): Illuminate\Pipeline\Pipeline->Illuminate\Pipeline\{closure}(Object(Illuminate\Http\Request))
#46 E:\Projects\NsBase\vendor\laravel\framework\src\Illuminate\Pipeline\Pipeline.php(219): Illuminate\Foundation\Http\Middleware\InvokeDeferredCallbacks->handle(Object(Illuminate\Http\Request), Object(Closure))
#47 E:\Projects\NsBase\vendor\laravel\framework\src\Illuminate\Http\Middleware\ValidatePathEncoding.php(28): Illuminate\Pipeline\Pipeline->Illuminate\Pipeline\{closure}(Object(Illuminate\Http\Request))
#48 E:\Projects\NsBase\vendor\laravel\framework\src\Illuminate\Pipeline\Pipeline.php(219): Illuminate\Http\Middleware\ValidatePathEncoding->handle(Object(Illuminate\Http\Request), Object(Closure))
#49 E:\Projects\NsBase\vendor\laravel\framework\src\Illuminate\Pipeline\Pipeline.php(137): Illuminate\Pipeline\Pipeline->Illuminate\Pipeline\{closure}(Object(Illuminate\Http\Request))
#50 E:\Projects\NsBase\vendor\laravel\framework\src\Illuminate\Foundation\Http\Kernel.php(175): Illuminate\Pipeline\Pipeline->then(Object(Closure))
#51 E:\Projects\NsBase\vendor\laravel\framework\src\Illuminate\Foundation\Http\Kernel.php(144): Illuminate\Foundation\Http\Kernel->sendRequestThroughRouter(Object(Illuminate\Http\Request))
#52 E:\Projects\NsBase\vendor\laravel\framework\src\Illuminate\Foundation\Testing\Concerns\MakesHttpRequests.php(607): Illuminate\Foundation\Http\Kernel->handle(Object(Illuminate\Http\Request))
#53 E:\Projects\NsBase\vendor\laravel\framework\src\Illuminate\Foundation\Testing\Concerns\MakesHttpRequests.php(573): Illuminate\Foundation\Testing\TestCase->call('DELETE', '/api/faqs/1', Array, Array, Array, Array, '[]')
#54 E:\Projects\NsBase\vendor\laravel\framework\src\Illuminate\Foundation\Testing\Concerns\MakesHttpRequests.php(501): Illuminate\Foundation\Testing\TestCase->json('DELETE', '/api/faqs/1', Array, Array, 0)
#55 E:\Projects\NsBase\tests\Feature\ApiTest.php(296): Illuminate\Foundation\Testing\TestCase->deleteJson('/api/faqs/1')
#56 E:\Projects\NsBase\vendor\phpunit\phpunit\src\Framework\TestCase.php(1314): Tests\Feature\ApiTest->test_admin_can_delete_faq()
#57 E:\Projects\NsBase\vendor\phpunit\phpunit\src\Framework\TestCase.php(1351): PHPUnit\Framework\TestCase->invokeTestMethod('test_admin_can_...', Array)
#58 E:\Projects\NsBase\vendor\phpunit\phpunit\src\Framework\TestCase.php(521): PHPUnit\Framework\TestCase->runTest()
#59 E:\Projects\NsBase\vendor\phpunit\phpunit\src\Framework\TestRunner\TestRunner.php(99): PHPUnit\Framework\TestCase->runBare()
#60 E:\Projects\NsBase\vendor\phpunit\phpunit\src\Framework\TestCase.php(361): PHPUnit\Framework\TestRunner->run(Object(Tests\Feature\ApiTest))
#61 E:\Projects\NsBase\vendor\phpunit\phpunit\src\Framework\TestSuite.php(374): PHPUnit\Framework\TestCase->run()
#62 E:\Projects\NsBase\vendor\phpunit\phpunit\src\TextUI\TestRunner.php(64): PHPUnit\Framework\TestSuite->run()
#63 E:\Projects\NsBase\vendor\phpunit\phpunit\src\TextUI\Application.php(229): PHPUnit\TextUI\TestRunner->run(Object(PHPUnit\TextUI\Configuration\Configuration), Object(PHPUnit\Runner\ResultCache\DefaultResultCache), Object(PHPUnit\Framework\TestSuite))
#64 E:\Projects\NsBase\vendor\phpunit\phpunit\phpunit(104): PHPUnit\TextUI\Application->run(Array)
#65 {main}

----------------------------------------------------------------------------------

There is no permission named `faqs.delete` for guard `sanctum`.[39;22m

  at [32mtests\Feature\ApiTest.php[39m:[32m297[39m
    293Ôûò         $faq = Faq::create(['question' => ['fr' => 'Q'], 'answer' => ['fr' => 'A'], 'is_active' => true]);
    294Ôûò 
    295Ôûò         $this->actingAs($this->admin, 'sanctum')
    296Ôûò             ->deleteJson("/api/faqs/{$faq->id}")
  Ô×£ 297Ôûò             ->assertOk();
    298Ôûò     }
    299Ôûò 
    300Ôûò     // ÔöÇÔöÇÔöÇ Settings ÔöÇÔöÇÔöÇÔöÇÔöÇÔöÇÔöÇÔöÇÔöÇÔöÇÔöÇÔöÇÔöÇÔöÇÔöÇÔöÇÔöÇÔöÇÔöÇÔöÇÔöÇÔöÇÔöÇÔöÇÔöÇÔöÇÔöÇÔöÇÔöÇÔöÇÔöÇÔöÇÔöÇÔöÇÔöÇÔöÇÔöÇÔöÇÔöÇÔöÇÔöÇÔöÇÔöÇÔöÇÔöÇÔöÇÔöÇ
    301Ôûò

  [31mÔöÇÔöÇÔöÇÔöÇÔöÇÔöÇÔöÇÔöÇÔöÇÔöÇÔöÇÔöÇÔöÇÔöÇÔöÇÔöÇÔöÇÔöÇÔöÇÔöÇÔöÇÔöÇÔöÇÔöÇÔöÇÔöÇÔöÇÔöÇÔöÇÔöÇÔöÇÔöÇÔöÇÔöÇÔöÇÔöÇÔöÇÔöÇÔöÇÔöÇÔöÇÔöÇÔöÇÔöÇÔöÇÔöÇÔöÇÔöÇÔöÇÔöÇÔöÇÔöÇÔöÇÔöÇÔöÇÔöÇÔöÇÔöÇÔöÇÔöÇÔöÇÔöÇÔöÇÔöÇÔöÇÔöÇÔöÇÔöÇÔöÇÔöÇÔöÇÔöÇÔöÇÔöÇÔöÇÔöÇ[39m  
  [41;1m FAILED [49;22m [1mTests\Feature\ApiTest[22m [90m>[39m admin can list settings                      
[39;1m  Expected response status code [200] but received 500.
Failed asserting that 500 is identical to 200.

The following exception occurred during the last request:

Spatie\Permission\Exceptions\PermissionDoesNotExist: There is no permission named `settings.view` for guard `sanctum`. in E:\Projects\NsBase\vendor\spatie\laravel-permission\src\Exceptions\PermissionDoesNotExist.php:11
Stack trace:
#0 E:\Projects\NsBase\vendor\spatie\laravel-permission\src\Models\Permission.php(103): Spatie\Permission\Exceptions\PermissionDoesNotExist::create('settings.view', 'sanctum')
#1 E:\Projects\NsBase\vendor\spatie\laravel-permission\src\Traits\HasPermissions.php(185): Spatie\Permission\Models\Permission::findByName('settings.view', 'sanctum')
#2 E:\Projects\NsBase\vendor\spatie\laravel-permission\src\Traits\HasPermissions.php(211): App\Models\User->filterPermission('settings.view', NULL)
#3 E:\Projects\NsBase\app\Policies\SettingPolicy.php(12): App\Models\User->hasPermissionTo('settings.view')
#4 E:\Projects\NsBase\vendor\laravel\framework\src\Illuminate\Auth\Access\Gate.php(844): App\Policies\SettingPolicy->viewAny(Object(App\Models\User))
#5 E:\Projects\NsBase\vendor\laravel\framework\src\Illuminate\Auth\Access\Gate.php(797): Illuminate\Auth\Access\Gate->callPolicyMethod(Object(App\Policies\SettingPolicy), 'viewAny', Object(App\Models\User), Array)
#6 E:\Projects\NsBase\vendor\laravel\framework\src\Illuminate\Auth\Access\Gate.php(553): Illuminate\Auth\Access\Gate->Illuminate\Auth\Access\{closure}(Object(App\Models\User), 'App\\Models\\Sett...')
#7 E:\Projects\NsBase\vendor\laravel\framework\src\Illuminate\Auth\Access\Gate.php(448): Illuminate\Auth\Access\Gate->callAuthCallback(Object(App\Models\User), 'viewAny', Array)
#8 E:\Projects\NsBase\vendor\laravel\framework\src\Illuminate\Auth\Access\Gate.php(411): Illuminate\Auth\Access\Gate->raw('viewAny', Array)
#9 E:\Projects\NsBase\vendor\laravel\framework\src\Illuminate\Auth\Access\Gate.php(398): Illuminate\Auth\Access\Gate->inspect('viewAny', 'App\\Models\\Sett...')
#10 E:\Projects\NsBase\vendor\laravel\framework\src\Illuminate\Foundation\Auth\Access\AuthorizesRequests.php(25): Illuminate\Auth\Access\Gate->authorize('viewAny', 'App\\Models\\Sett...')
#11 E:\Projects\NsBase\app\Http\Controllers\Api\SettingController.php(16): App\Http\Controllers\Controller->authorize('viewAny', 'App\\Models\\Sett...')
#12 E:\Projects\NsBase\vendor\laravel\framework\src\Illuminate\Routing\Controller.php(54): App\Http\Controllers\Api\SettingController->index(Object(Illuminate\Http\Request))
#13 E:\Projects\NsBase\vendor\laravel\framework\src\Illuminate\Routing\ControllerDispatcher.php(43): Illuminate\Routing\Controller->callAction('index', Array)
#14 E:\Projects\NsBase\vendor\laravel\framework\src\Illuminate\Routing\Route.php(269): Illuminate\Routing\ControllerDispatcher->dispatch(Object(Illuminate\Routing\Route), Object(App\Http\Controllers\Api\SettingController), 'index')
#15 E:\Projects\NsBase\vendor\laravel\framework\src\Illuminate\Routing\Route.php(215): Illuminate\Routing\Route->runController()
#16 E:\Projects\NsBase\vendor\laravel\framework\src\Illuminate\Routing\Router.php(822): Illuminate\Routing\Route->run()
#17 E:\Projects\NsBase\vendor\laravel\framework\src\Illuminate\Pipeline\Pipeline.php(180): Illuminate\Routing\Router->Illuminate\Routing\{closure}(Object(Illuminate\Http\Request))
#18 E:\Projects\NsBase\app\Http\Middleware\ForceJsonResponse.php(15): Illuminate\Pipeline\Pipeline->Illuminate\Pipeline\{closure}(Object(Illuminate\Http\Request))
#19 E:\Projects\NsBase\vendor\laravel\framework\src\Illuminate\Pipeline\Pipeline.php(219): App\Http\Middleware\ForceJsonResponse->handle(Object(Illuminate\Http\Request), Object(Closure))
#20 E:\Projects\NsBase\vendor\laravel\framework\src\Illuminate\Routing\Middleware\SubstituteBindings.php(52): Illuminate\Pipeline\Pipeline->Illuminate\Pipeline\{closure}(Object(Illuminate\Http\Request))
#21 E:\Projects\NsBase\vendor\laravel\framework\src\Illuminate\Pipeline\Pipeline.php(219): Illuminate\Routing\Middleware\SubstituteBindings->handle(Object(Illuminate\Http\Request), Object(Closure))
#22 E:\Projects\NsBase\vendor\laravel\framework\src\Illuminate\Auth\Middleware\Authenticate.php(63): Illuminate\Pipeline\Pipeline->Illuminate\Pipeline\{closure}(Object(Illuminate\Http\Request))
#23 E:\Projects\NsBase\vendor\laravel\framework\src\Illuminate\Pipeline\Pipeline.php(219): Illuminate\Auth\Middleware\Authenticate->handle(Object(Illuminate\Http\Request), Object(Closure), 'sanctum')
#24 E:\Projects\NsBase\vendor\laravel\framework\src\Illuminate\Pipeline\Pipeline.php(137): Illuminate\Pipeline\Pipeline->Illuminate\Pipeline\{closure}(Object(Illuminate\Http\Request))
#25 E:\Projects\NsBase\vendor\laravel\framework\src\Illuminate\Routing\Router.php(821): Illuminate\Pipeline\Pipeline->then(Object(Closure))
#26 E:\Projects\NsBase\vendor\laravel\framework\src\Illuminate\Routing\Router.php(800): Illuminate\Routing\Router->runRouteWithinStack(Object(Illuminate\Routing\Route), Object(Illuminate\Http\Request))
#27 E:\Projects\NsBase\vendor\laravel\framework\src\Illuminate\Routing\Router.php(764): Illuminate\Routing\Router->runRoute(Object(Illuminate\Http\Request), Object(Illuminate\Routing\Route))
#28 E:\Projects\NsBase\vendor\laravel\framework\src\Illuminate\Routing\Router.php(753): Illuminate\Routing\Router->dispatchToRoute(Object(Illuminate\Http\Request))
#29 E:\Projects\NsBase\vendor\laravel\framework\src\Illuminate\Foundation\Http\Kernel.php(200): Illuminate\Routing\Router->dispatch(Object(Illuminate\Http\Request))
#30 E:\Projects\NsBase\vendor\laravel\framework\src\Illuminate\Pipeline\Pipeline.php(180): Illuminate\Foundation\Http\Kernel->Illuminate\Foundation\Http\{closure}(Object(Illuminate\Http\Request))
#31 E:\Projects\NsBase\vendor\laravel\framework\src\Illuminate\Foundation\Http\Middleware\TransformsRequest.php(21): Illuminate\Pipeline\Pipeline->Illuminate\Pipeline\{closure}(Object(Illuminate\Http\Request))
#32 E:\Projects\NsBase\vendor\laravel\framework\src\Illuminate\Foundation\Http\Middleware\ConvertEmptyStringsToNull.php(31): Illuminate\Foundation\Http\Middleware\TransformsRequest->handle(Object(Illuminate\Http\Request), Object(Closure))
#33 E:\Projects\NsBase\vendor\laravel\framework\src\Illuminate\Pipeline\Pipeline.php(219): Illuminate\Foundation\Http\Middleware\ConvertEmptyStringsToNull->handle(Object(Illuminate\Http\Request), Object(Closure))
#34 E:\Projects\NsBase\vendor\laravel\framework\src\Illuminate\Foundation\Http\Middleware\TransformsRequest.php(21): Illuminate\Pipeline\Pipeline->Illuminate\Pipeline\{closure}(Object(Illuminate\Http\Request))
#35 E:\Projects\NsBase\vendor\laravel\framework\src\Illuminate\Foundation\Http\Middleware\TrimStrings.php(51): Illuminate\Foundation\Http\Middleware\TransformsRequest->handle(Object(Illuminate\Http\Request), Object(Closure))
#36 E:\Projects\NsBase\vendor\laravel\framework\src\Illuminate\Pipeline\Pipeline.php(219): Illuminate\Foundation\Http\Middleware\TrimStrings->handle(Object(Illuminate\Http\Request), Object(Closure))
#37 E:\Projects\NsBase\vendor\laravel\framework\src\Illuminate\Http\Middleware\ValidatePostSize.php(27): Illuminate\Pipeline\Pipeline->Illuminate\Pipeline\{closure}(Object(Illuminate\Http\Request))
#38 E:\Projects\NsBase\vendor\laravel\framework\src\Illuminate\Pipeline\Pipeline.php(219): Illuminate\Http\Middleware\ValidatePostSize->handle(Object(Illuminate\Http\Request), Object(Closure))
#39 E:\Projects\NsBase\vendor\laravel\framework\src\Illuminate\Foundation\Http\Middleware\PreventRequestsDuringMaintenance.php(109): Illuminate\Pipeline\Pipeline->Illuminate\Pipeline\{closure}(Object(Illuminate\Http\Request))
#40 E:\Projects\NsBase\vendor\laravel\framework\src\Illuminate\Pipeline\Pipeline.php(219): Illuminate\Foundation\Http\Middleware\PreventRequestsDuringMaintenance->handle(Object(Illuminate\Http\Request), Object(Closure))
#41 E:\Projects\NsBase\vendor\laravel\framework\src\Illuminate\Http\Middleware\HandleCors.php(74): Illuminate\Pipeline\Pipeline->Illuminate\Pipeline\{closure}(Object(Illuminate\Http\Request))
#42 E:\Projects\NsBase\vendor\laravel\framework\src\Illuminate\Pipeline\Pipeline.php(219): Illuminate\Http\Middleware\HandleCors->handle(Object(Illuminate\Http\Request), Object(Closure))
#43 E:\Projects\NsBase\vendor\laravel\framework\src\Illuminate\Http\Middleware\TrustProxies.php(58): Illuminate\Pipeline\Pipeline->Illuminate\Pipeline\{closure}(Object(Illuminate\Http\Request))
#44 E:\Projects\NsBase\vendor\laravel\framework\src\Illuminate\Pipeline\Pipeline.php(219): Illuminate\Http\Middleware\TrustProxies->handle(Object(Illuminate\Http\Request), Object(Closure))
#45 E:\Projects\NsBase\vendor\laravel\framework\src\Illuminate\Foundation\Http\Middleware\InvokeDeferredCallbacks.php(22): Illuminate\Pipeline\Pipeline->Illuminate\Pipeline\{closure}(Object(Illuminate\Http\Request))
#46 E:\Projects\NsBase\vendor\laravel\framework\src\Illuminate\Pipeline\Pipeline.php(219): Illuminate\Foundation\Http\Middleware\InvokeDeferredCallbacks->handle(Object(Illuminate\Http\Request), Object(Closure))
#47 E:\Projects\NsBase\vendor\laravel\framework\src\Illuminate\Http\Middleware\ValidatePathEncoding.php(28): Illuminate\Pipeline\Pipeline->Illuminate\Pipeline\{closure}(Object(Illuminate\Http\Request))
#48 E:\Projects\NsBase\vendor\laravel\framework\src\Illuminate\Pipeline\Pipeline.php(219): Illuminate\Http\Middleware\ValidatePathEncoding->handle(Object(Illuminate\Http\Request), Object(Closure))
#49 E:\Projects\NsBase\vendor\laravel\framework\src\Illuminate\Pipeline\Pipeline.php(137): Illuminate\Pipeline\Pipeline->Illuminate\Pipeline\{closure}(Object(Illuminate\Http\Request))
#50 E:\Projects\NsBase\vendor\laravel\framework\src\Illuminate\Foundation\Http\Kernel.php(175): Illuminate\Pipeline\Pipeline->then(Object(Closure))
#51 E:\Projects\NsBase\vendor\laravel\framework\src\Illuminate\Foundation\Http\Kernel.php(144): Illuminate\Foundation\Http\Kernel->sendRequestThroughRouter(Object(Illuminate\Http\Request))
#52 E:\Projects\NsBase\vendor\laravel\framework\src\Illuminate\Foundation\Testing\Concerns\MakesHttpRequests.php(607): Illuminate\Foundation\Http\Kernel->handle(Object(Illuminate\Http\Request))
#53 E:\Projects\NsBase\vendor\laravel\framework\src\Illuminate\Foundation\Testing\Concerns\MakesHttpRequests.php(573): Illuminate\Foundation\Testing\TestCase->call('GET', '/api/settings', Array, Array, Array, Array, '[]')
#54 E:\Projects\NsBase\vendor\laravel\framework\src\Illuminate\Foundation\Testing\Concerns\MakesHttpRequests.php(381): Illuminate\Foundation\Testing\TestCase->json('GET', '/api/settings', Array, Array, 0)
#55 E:\Projects\NsBase\tests\Feature\ApiTest.php(307): Illuminate\Foundation\Testing\TestCase->getJson('/api/settings')
#56 E:\Projects\NsBase\vendor\phpunit\phpunit\src\Framework\TestCase.php(1314): Tests\Feature\ApiTest->test_admin_can_list_settings()
#57 E:\Projects\NsBase\vendor\phpunit\phpunit\src\Framework\TestCase.php(1351): PHPUnit\Framework\TestCase->invokeTestMethod('test_admin_can_...', Array)
#58 E:\Projects\NsBase\vendor\phpunit\phpunit\src\Framework\TestCase.php(521): PHPUnit\Framework\TestCase->runTest()
#59 E:\Projects\NsBase\vendor\phpunit\phpunit\src\Framework\TestRunner\TestRunner.php(99): PHPUnit\Framework\TestCase->runBare()
#60 E:\Projects\NsBase\vendor\phpunit\phpunit\src\Framework\TestCase.php(361): PHPUnit\Framework\TestRunner->run(Object(Tests\Feature\ApiTest))
#61 E:\Projects\NsBase\vendor\phpunit\phpunit\src\Framework\TestSuite.php(374): PHPUnit\Framework\TestCase->run()
#62 E:\Projects\NsBase\vendor\phpunit\phpunit\src\TextUI\TestRunner.php(64): PHPUnit\Framework\TestSuite->run()
#63 E:\Projects\NsBase\vendor\phpunit\phpunit\src\TextUI\Application.php(229): PHPUnit\TextUI\TestRunner->run(Object(PHPUnit\TextUI\Configuration\Configuration), Object(PHPUnit\Runner\ResultCache\DefaultResultCache), Object(PHPUnit\Framework\TestSuite))
#64 E:\Projects\NsBase\vendor\phpunit\phpunit\phpunit(104): PHPUnit\TextUI\Application->run(Array)
#65 {main}

----------------------------------------------------------------------------------

There is no permission named `settings.view` for guard `sanctum`.[39;22m

  at [32mtests\Feature\ApiTest.php[39m:[32m308[39m
    304Ôûò         Setting::create(['key' => 'test_key', 'group' => 'general', 'value' => 'test', 'type' => 'string', 'name' => 'Test']);
    305Ôûò 
    306Ôûò         $this->actingAs($this->admin, 'sanctum')
    307Ôûò             ->getJson('/api/settings')
  Ô×£ 308Ôûò             ->assertOk();
    309Ôûò     }
    310Ôûò 
    311Ôûò     public function test_admin_can_update_setting()
    312Ôûò     {

  [31mÔöÇÔöÇÔöÇÔöÇÔöÇÔöÇÔöÇÔöÇÔöÇÔöÇÔöÇÔöÇÔöÇÔöÇÔöÇÔöÇÔöÇÔöÇÔöÇÔöÇÔöÇÔöÇÔöÇÔöÇÔöÇÔöÇÔöÇÔöÇÔöÇÔöÇÔöÇÔöÇÔöÇÔöÇÔöÇÔöÇÔöÇÔöÇÔöÇÔöÇÔöÇÔöÇÔöÇÔöÇÔöÇÔöÇÔöÇÔöÇÔöÇÔöÇÔöÇÔöÇÔöÇÔöÇÔöÇÔöÇÔöÇÔöÇÔöÇÔöÇÔöÇÔöÇÔöÇÔöÇÔöÇÔöÇÔöÇÔöÇÔöÇÔöÇÔöÇÔöÇÔöÇÔöÇÔöÇÔöÇ[39m  
  [41;1m FAILED [49;22m [1mTests\Feature\ApiTest[22m [90m>[39m admin can update setting                     
[39;1m  Expected response status code [200] but received 500.
Failed asserting that 500 is identical to 200.

The following exception occurred during the last request:

Spatie\Permission\Exceptions\PermissionDoesNotExist: There is no permission named `settings.edit` for guard `sanctum`. in E:\Projects\NsBase\vendor\spatie\laravel-permission\src\Exceptions\PermissionDoesNotExist.php:11
Stack trace:
#0 E:\Projects\NsBase\vendor\spatie\laravel-permission\src\Models\Permission.php(103): Spatie\Permission\Exceptions\PermissionDoesNotExist::create('settings.edit', 'sanctum')
#1 E:\Projects\NsBase\vendor\spatie\laravel-permission\src\Traits\HasPermissions.php(185): Spatie\Permission\Models\Permission::findByName('settings.edit', 'sanctum')
#2 E:\Projects\NsBase\vendor\spatie\laravel-permission\src\Traits\HasPermissions.php(211): App\Models\User->filterPermission('settings.edit', NULL)
#3 E:\Projects\NsBase\app\Policies\SettingPolicy.php(22): App\Models\User->hasPermissionTo('settings.edit')
#4 E:\Projects\NsBase\vendor\laravel\framework\src\Illuminate\Auth\Access\Gate.php(844): App\Policies\SettingPolicy->update(Object(App\Models\User), Object(App\Models\Setting))
#5 E:\Projects\NsBase\vendor\laravel\framework\src\Illuminate\Auth\Access\Gate.php(797): Illuminate\Auth\Access\Gate->callPolicyMethod(Object(App\Policies\SettingPolicy), 'update', Object(App\Models\User), Array)
#6 E:\Projects\NsBase\vendor\laravel\framework\src\Illuminate\Auth\Access\Gate.php(553): Illuminate\Auth\Access\Gate->Illuminate\Auth\Access\{closure}(Object(App\Models\User), Object(App\Models\Setting))
#7 E:\Projects\NsBase\vendor\laravel\framework\src\Illuminate\Auth\Access\Gate.php(448): Illuminate\Auth\Access\Gate->callAuthCallback(Object(App\Models\User), 'update', Array)
#8 E:\Projects\NsBase\vendor\laravel\framework\src\Illuminate\Auth\Access\Gate.php(411): Illuminate\Auth\Access\Gate->raw('update', Array)
#9 E:\Projects\NsBase\vendor\laravel\framework\src\Illuminate\Auth\Access\Gate.php(398): Illuminate\Auth\Access\Gate->inspect('update', Object(App\Models\Setting))
#10 E:\Projects\NsBase\vendor\laravel\framework\src\Illuminate\Foundation\Auth\Access\AuthorizesRequests.php(25): Illuminate\Auth\Access\Gate->authorize('update', Object(App\Models\Setting))
#11 E:\Projects\NsBase\app\Http\Controllers\Api\SettingController.php(54): App\Http\Controllers\Controller->authorize('update', Object(App\Models\Setting))
#12 E:\Projects\NsBase\vendor\laravel\framework\src\Illuminate\Routing\Controller.php(54): App\Http\Controllers\Api\SettingController->update(Object(App\Http\Requests\Api\SettingRequest), Object(App\Models\Setting))
#13 E:\Projects\NsBase\vendor\laravel\framework\src\Illuminate\Routing\ControllerDispatcher.php(43): Illuminate\Routing\Controller->callAction('update', Array)
#14 E:\Projects\NsBase\vendor\laravel\framework\src\Illuminate\Routing\Route.php(269): Illuminate\Routing\ControllerDispatcher->dispatch(Object(Illuminate\Routing\Route), Object(App\Http\Controllers\Api\SettingController), 'update')
#15 E:\Projects\NsBase\vendor\laravel\framework\src\Illuminate\Routing\Route.php(215): Illuminate\Routing\Route->runController()
#16 E:\Projects\NsBase\vendor\laravel\framework\src\Illuminate\Routing\Router.php(822): Illuminate\Routing\Route->run()
#17 E:\Projects\NsBase\vendor\laravel\framework\src\Illuminate\Pipeline\Pipeline.php(180): Illuminate\Routing\Router->Illuminate\Routing\{closure}(Object(Illuminate\Http\Request))
#18 E:\Projects\NsBase\app\Http\Middleware\ForceJsonResponse.php(15): Illuminate\Pipeline\Pipeline->Illuminate\Pipeline\{closure}(Object(Illuminate\Http\Request))
#19 E:\Projects\NsBase\vendor\laravel\framework\src\Illuminate\Pipeline\Pipeline.php(219): App\Http\Middleware\ForceJsonResponse->handle(Object(Illuminate\Http\Request), Object(Closure))
#20 E:\Projects\NsBase\vendor\laravel\framework\src\Illuminate\Routing\Middleware\SubstituteBindings.php(52): Illuminate\Pipeline\Pipeline->Illuminate\Pipeline\{closure}(Object(Illuminate\Http\Request))
#21 E:\Projects\NsBase\vendor\laravel\framework\src\Illuminate\Pipeline\Pipeline.php(219): Illuminate\Routing\Middleware\SubstituteBindings->handle(Object(Illuminate\Http\Request), Object(Closure))
#22 E:\Projects\NsBase\vendor\laravel\framework\src\Illuminate\Auth\Middleware\Authenticate.php(63): Illuminate\Pipeline\Pipeline->Illuminate\Pipeline\{closure}(Object(Illuminate\Http\Request))
#23 E:\Projects\NsBase\vendor\laravel\framework\src\Illuminate\Pipeline\Pipeline.php(219): Illuminate\Auth\Middleware\Authenticate->handle(Object(Illuminate\Http\Request), Object(Closure), 'sanctum')
#24 E:\Projects\NsBase\vendor\laravel\framework\src\Illuminate\Pipeline\Pipeline.php(137): Illuminate\Pipeline\Pipeline->Illuminate\Pipeline\{closure}(Object(Illuminate\Http\Request))
#25 E:\Projects\NsBase\vendor\laravel\framework\src\Illuminate\Routing\Router.php(821): Illuminate\Pipeline\Pipeline->then(Object(Closure))
#26 E:\Projects\NsBase\vendor\laravel\framework\src\Illuminate\Routing\Router.php(800): Illuminate\Routing\Router->runRouteWithinStack(Object(Illuminate\Routing\Route), Object(Illuminate\Http\Request))
#27 E:\Projects\NsBase\vendor\laravel\framework\src\Illuminate\Routing\Router.php(764): Illuminate\Routing\Router->runRoute(Object(Illuminate\Http\Request), Object(Illuminate\Routing\Route))
#28 E:\Projects\NsBase\vendor\laravel\framework\src\Illuminate\Routing\Router.php(753): Illuminate\Routing\Router->dispatchToRoute(Object(Illuminate\Http\Request))
#29 E:\Projects\NsBase\vendor\laravel\framework\src\Illuminate\Foundation\Http\Kernel.php(200): Illuminate\Routing\Router->dispatch(Object(Illuminate\Http\Request))
#30 E:\Projects\NsBase\vendor\laravel\framework\src\Illuminate\Pipeline\Pipeline.php(180): Illuminate\Foundation\Http\Kernel->Illuminate\Foundation\Http\{closure}(Object(Illuminate\Http\Request))
#31 E:\Projects\NsBase\vendor\laravel\framework\src\Illuminate\Foundation\Http\Middleware\TransformsRequest.php(21): Illuminate\Pipeline\Pipeline->Illuminate\Pipeline\{closure}(Object(Illuminate\Http\Request))
#32 E:\Projects\NsBase\vendor\laravel\framework\src\Illuminate\Foundation\Http\Middleware\ConvertEmptyStringsToNull.php(31): Illuminate\Foundation\Http\Middleware\TransformsRequest->handle(Object(Illuminate\Http\Request), Object(Closure))
#33 E:\Projects\NsBase\vendor\laravel\framework\src\Illuminate\Pipeline\Pipeline.php(219): Illuminate\Foundation\Http\Middleware\ConvertEmptyStringsToNull->handle(Object(Illuminate\Http\Request), Object(Closure))
#34 E:\Projects\NsBase\vendor\laravel\framework\src\Illuminate\Foundation\Http\Middleware\TransformsRequest.php(21): Illuminate\Pipeline\Pipeline->Illuminate\Pipeline\{closure}(Object(Illuminate\Http\Request))
#35 E:\Projects\NsBase\vendor\laravel\framework\src\Illuminate\Foundation\Http\Middleware\TrimStrings.php(51): Illuminate\Foundation\Http\Middleware\TransformsRequest->handle(Object(Illuminate\Http\Request), Object(Closure))
#36 E:\Projects\NsBase\vendor\laravel\framework\src\Illuminate\Pipeline\Pipeline.php(219): Illuminate\Foundation\Http\Middleware\TrimStrings->handle(Object(Illuminate\Http\Request), Object(Closure))
#37 E:\Projects\NsBase\vendor\laravel\framework\src\Illuminate\Http\Middleware\ValidatePostSize.php(27): Illuminate\Pipeline\Pipeline->Illuminate\Pipeline\{closure}(Object(Illuminate\Http\Request))
#38 E:\Projects\NsBase\vendor\laravel\framework\src\Illuminate\Pipeline\Pipeline.php(219): Illuminate\Http\Middleware\ValidatePostSize->handle(Object(Illuminate\Http\Request), Object(Closure))
#39 E:\Projects\NsBase\vendor\laravel\framework\src\Illuminate\Foundation\Http\Middleware\PreventRequestsDuringMaintenance.php(109): Illuminate\Pipeline\Pipeline->Illuminate\Pipeline\{closure}(Object(Illuminate\Http\Request))
#40 E:\Projects\NsBase\vendor\laravel\framework\src\Illuminate\Pipeline\Pipeline.php(219): Illuminate\Foundation\Http\Middleware\PreventRequestsDuringMaintenance->handle(Object(Illuminate\Http\Request), Object(Closure))
#41 E:\Projects\NsBase\vendor\laravel\framework\src\Illuminate\Http\Middleware\HandleCors.php(74): Illuminate\Pipeline\Pipeline->Illuminate\Pipeline\{closure}(Object(Illuminate\Http\Request))
#42 E:\Projects\NsBase\vendor\laravel\framework\src\Illuminate\Pipeline\Pipeline.php(219): Illuminate\Http\Middleware\HandleCors->handle(Object(Illuminate\Http\Request), Object(Closure))
#43 E:\Projects\NsBase\vendor\laravel\framework\src\Illuminate\Http\Middleware\TrustProxies.php(58): Illuminate\Pipeline\Pipeline->Illuminate\Pipeline\{closure}(Object(Illuminate\Http\Request))
#44 E:\Projects\NsBase\vendor\laravel\framework\src\Illuminate\Pipeline\Pipeline.php(219): Illuminate\Http\Middleware\TrustProxies->handle(Object(Illuminate\Http\Request), Object(Closure))
#45 E:\Projects\NsBase\vendor\laravel\framework\src\Illuminate\Foundation\Http\Middleware\InvokeDeferredCallbacks.php(22): Illuminate\Pipeline\Pipeline->Illuminate\Pipeline\{closure}(Object(Illuminate\Http\Request))
#46 E:\Projects\NsBase\vendor\laravel\framework\src\Illuminate\Pipeline\Pipeline.php(219): Illuminate\Foundation\Http\Middleware\InvokeDeferredCallbacks->handle(Object(Illuminate\Http\Request), Object(Closure))
#47 E:\Projects\NsBase\vendor\laravel\framework\src\Illuminate\Http\Middleware\ValidatePathEncoding.php(28): Illuminate\Pipeline\Pipeline->Illuminate\Pipeline\{closure}(Object(Illuminate\Http\Request))
#48 E:\Projects\NsBase\vendor\laravel\framework\src\Illuminate\Pipeline\Pipeline.php(219): Illuminate\Http\Middleware\ValidatePathEncoding->handle(Object(Illuminate\Http\Request), Object(Closure))
#49 E:\Projects\NsBase\vendor\laravel\framework\src\Illuminate\Pipeline\Pipeline.php(137): Illuminate\Pipeline\Pipeline->Illuminate\Pipeline\{closure}(Object(Illuminate\Http\Request))
#50 E:\Projects\NsBase\vendor\laravel\framework\src\Illuminate\Foundation\Http\Kernel.php(175): Illuminate\Pipeline\Pipeline->then(Object(Closure))
#51 E:\Projects\NsBase\vendor\laravel\framework\src\Illuminate\Foundation\Http\Kernel.php(144): Illuminate\Foundation\Http\Kernel->sendRequestThroughRouter(Object(Illuminate\Http\Request))
#52 E:\Projects\NsBase\vendor\laravel\framework\src\Illuminate\Foundation\Testing\Concerns\MakesHttpRequests.php(607): Illuminate\Foundation\Http\Kernel->handle(Object(Illuminate\Http\Request))
#53 E:\Projects\NsBase\vendor\laravel\framework\src\Illuminate\Foundation\Testing\Concerns\MakesHttpRequests.php(573): Illuminate\Foundation\Testing\TestCase->call('PUT', '/api/settings/1', Array, Array, Array, Array, '{"value":"new"}')
#54 E:\Projects\NsBase\vendor\laravel\framework\src\Illuminate\Foundation\Testing\Concerns\MakesHttpRequests.php(441): Illuminate\Foundation\Testing\TestCase->json('PUT', '/api/settings/1', Array, Array, 0)
#55 E:\Projects\NsBase\tests\Feature\ApiTest.php(316): Illuminate\Foundation\Testing\TestCase->putJson('/api/settings/1', Array)
#56 E:\Projects\NsBase\vendor\phpunit\phpunit\src\Framework\TestCase.php(1314): Tests\Feature\ApiTest->test_admin_can_update_setting()
#57 E:\Projects\NsBase\vendor\phpunit\phpunit\src\Framework\TestCase.php(1351): PHPUnit\Framework\TestCase->invokeTestMethod('test_admin_can_...', Array)
#58 E:\Projects\NsBase\vendor\phpunit\phpunit\src\Framework\TestCase.php(521): PHPUnit\Framework\TestCase->runTest()
#59 E:\Projects\NsBase\vendor\phpunit\phpunit\src\Framework\TestRunner\TestRunner.php(99): PHPUnit\Framework\TestCase->runBare()
#60 E:\Projects\NsBase\vendor\phpunit\phpunit\src\Framework\TestCase.php(361): PHPUnit\Framework\TestRunner->run(Object(Tests\Feature\ApiTest))
#61 E:\Projects\NsBase\vendor\phpunit\phpunit\src\Framework\TestSuite.php(374): PHPUnit\Framework\TestCase->run()
#62 E:\Projects\NsBase\vendor\phpunit\phpunit\src\TextUI\TestRunner.php(64): PHPUnit\Framework\TestSuite->run()
#63 E:\Projects\NsBase\vendor\phpunit\phpunit\src\TextUI\Application.php(229): PHPUnit\TextUI\TestRunner->run(Object(PHPUnit\TextUI\Configuration\Configuration), Object(PHPUnit\Runner\ResultCache\DefaultResultCache), Object(PHPUnit\Framework\TestSuite))
#64 E:\Projects\NsBase\vendor\phpunit\phpunit\phpunit(104): PHPUnit\TextUI\Application->run(Array)
#65 {main}

----------------------------------------------------------------------------------

There is no permission named `settings.edit` for guard `sanctum`.[39;22m

  at [32mtests\Feature\ApiTest.php[39m:[32m317[39m
    313Ôûò         $setting = Setting::create(['key' => 'update_key', 'group' => 'general', 'value' => 'old', 'type' => 'string', 'name' => 'Update test']);
    314Ôûò 
    315Ôûò         $this->actingAs($this->admin, 'sanctum')
    316Ôûò             ->putJson("/api/settings/{$setting->id}", ['value' => 'new'])
  Ô×£ 317Ôûò             ->assertOk();
    318Ôûò     }
    319Ôûò 
    320Ôûò     // ÔöÇÔöÇÔöÇ Email Templates ÔöÇÔöÇÔöÇÔöÇÔöÇÔöÇÔöÇÔöÇÔöÇÔöÇÔöÇÔöÇÔöÇÔöÇÔöÇÔöÇÔöÇÔöÇÔöÇÔöÇÔöÇÔöÇÔöÇÔöÇÔöÇÔöÇÔöÇÔöÇÔöÇÔöÇÔöÇÔöÇÔöÇÔöÇÔöÇÔöÇÔöÇÔöÇÔöÇÔöÇ
    321Ôûò

  [31mÔöÇÔöÇÔöÇÔöÇÔöÇÔöÇÔöÇÔöÇÔöÇÔöÇÔöÇÔöÇÔöÇÔöÇÔöÇÔöÇÔöÇÔöÇÔöÇÔöÇÔöÇÔöÇÔöÇÔöÇÔöÇÔöÇÔöÇÔöÇÔöÇÔöÇÔöÇÔöÇÔöÇÔöÇÔöÇÔöÇÔöÇÔöÇÔöÇÔöÇÔöÇÔöÇÔöÇÔöÇÔöÇÔöÇÔöÇÔöÇÔöÇÔöÇÔöÇÔöÇÔöÇÔöÇÔöÇÔöÇÔöÇÔöÇÔöÇÔöÇÔöÇÔöÇÔöÇÔöÇÔöÇÔöÇÔöÇÔöÇÔöÇÔöÇÔöÇÔöÇÔöÇÔöÇÔöÇÔöÇ[39m  
  [41;1m FAILED [49;22m [1mTests\Feature\ApiTest[22m [90m>[39m admin can create email template              
[39;1m  Expected response status code [201] but received 500.
Failed asserting that 500 is identical to 201.

The following exception occurred during the last request:

Spatie\Permission\Exceptions\PermissionDoesNotExist: There is no permission named `email-templates.create` for guard `sanctum`. in E:\Projects\NsBase\vendor\spatie\laravel-permission\src\Exceptions\PermissionDoesNotExist.php:11
Stack trace:
#0 E:\Projects\NsBase\vendor\spatie\laravel-permission\src\Models\Permission.php(103): Spatie\Permission\Exceptions\PermissionDoesNotExist::create('email-templates...', 'sanctum')
#1 E:\Projects\NsBase\vendor\spatie\laravel-permission\src\Traits\HasPermissions.php(185): Spatie\Permission\Models\Permission::findByName('email-templates...', 'sanctum')
#2 E:\Projects\NsBase\vendor\spatie\laravel-permission\src\Traits\HasPermissions.php(211): App\Models\User->filterPermission('email-templates...', NULL)
#3 E:\Projects\NsBase\app\Policies\EmailTemplatePolicy.php(22): App\Models\User->hasPermissionTo('email-templates...')
#4 E:\Projects\NsBase\vendor\laravel\framework\src\Illuminate\Auth\Access\Gate.php(844): App\Policies\EmailTemplatePolicy->create(Object(App\Models\User))
#5 E:\Projects\NsBase\vendor\laravel\framework\src\Illuminate\Auth\Access\Gate.php(797): Illuminate\Auth\Access\Gate->callPolicyMethod(Object(App\Policies\EmailTemplatePolicy), 'create', Object(App\Models\User), Array)
#6 E:\Projects\NsBase\vendor\laravel\framework\src\Illuminate\Auth\Access\Gate.php(553): Illuminate\Auth\Access\Gate->Illuminate\Auth\Access\{closure}(Object(App\Models\User), 'App\\Models\\Emai...')
#7 E:\Projects\NsBase\vendor\laravel\framework\src\Illuminate\Auth\Access\Gate.php(448): Illuminate\Auth\Access\Gate->callAuthCallback(Object(App\Models\User), 'create', Array)
#8 E:\Projects\NsBase\vendor\laravel\framework\src\Illuminate\Auth\Access\Gate.php(411): Illuminate\Auth\Access\Gate->raw('create', Array)
#9 E:\Projects\NsBase\vendor\laravel\framework\src\Illuminate\Auth\Access\Gate.php(398): Illuminate\Auth\Access\Gate->inspect('create', 'App\\Models\\Emai...')
#10 E:\Projects\NsBase\vendor\laravel\framework\src\Illuminate\Foundation\Auth\Access\AuthorizesRequests.php(25): Illuminate\Auth\Access\Gate->authorize('create', 'App\\Models\\Emai...')
#11 E:\Projects\NsBase\app\Http\Controllers\Api\EmailTemplateController.php(31): App\Http\Controllers\Controller->authorize('create', 'App\\Models\\Emai...')
#12 E:\Projects\NsBase\vendor\laravel\framework\src\Illuminate\Routing\Controller.php(54): App\Http\Controllers\Api\EmailTemplateController->store(Object(App\Http\Requests\Api\EmailTemplateRequest))
#13 E:\Projects\NsBase\vendor\laravel\framework\src\Illuminate\Routing\ControllerDispatcher.php(43): Illuminate\Routing\Controller->callAction('store', Array)
#14 E:\Projects\NsBase\vendor\laravel\framework\src\Illuminate\Routing\Route.php(269): Illuminate\Routing\ControllerDispatcher->dispatch(Object(Illuminate\Routing\Route), Object(App\Http\Controllers\Api\EmailTemplateController), 'store')
#15 E:\Projects\NsBase\vendor\laravel\framework\src\Illuminate\Routing\Route.php(215): Illuminate\Routing\Route->runController()
#16 E:\Projects\NsBase\vendor\laravel\framework\src\Illuminate\Routing\Router.php(822): Illuminate\Routing\Route->run()
#17 E:\Projects\NsBase\vendor\laravel\framework\src\Illuminate\Pipeline\Pipeline.php(180): Illuminate\Routing\Router->Illuminate\Routing\{closure}(Object(Illuminate\Http\Request))
#18 E:\Projects\NsBase\app\Http\Middleware\ForceJsonResponse.php(15): Illuminate\Pipeline\Pipeline->Illuminate\Pipeline\{closure}(Object(Illuminate\Http\Request))
#19 E:\Projects\NsBase\vendor\laravel\framework\src\Illuminate\Pipeline\Pipeline.php(219): App\Http\Middleware\ForceJsonResponse->handle(Object(Illuminate\Http\Request), Object(Closure))
#20 E:\Projects\NsBase\vendor\laravel\framework\src\Illuminate\Routing\Middleware\SubstituteBindings.php(52): Illuminate\Pipeline\Pipeline->Illuminate\Pipeline\{closure}(Object(Illuminate\Http\Request))
#21 E:\Projects\NsBase\vendor\laravel\framework\src\Illuminate\Pipeline\Pipeline.php(219): Illuminate\Routing\Middleware\SubstituteBindings->handle(Object(Illuminate\Http\Request), Object(Closure))
#22 E:\Projects\NsBase\vendor\laravel\framework\src\Illuminate\Auth\Middleware\Authenticate.php(63): Illuminate\Pipeline\Pipeline->Illuminate\Pipeline\{closure}(Object(Illuminate\Http\Request))
#23 E:\Projects\NsBase\vendor\laravel\framework\src\Illuminate\Pipeline\Pipeline.php(219): Illuminate\Auth\Middleware\Authenticate->handle(Object(Illuminate\Http\Request), Object(Closure), 'sanctum')
#24 E:\Projects\NsBase\vendor\laravel\framework\src\Illuminate\Pipeline\Pipeline.php(137): Illuminate\Pipeline\Pipeline->Illuminate\Pipeline\{closure}(Object(Illuminate\Http\Request))
#25 E:\Projects\NsBase\vendor\laravel\framework\src\Illuminate\Routing\Router.php(821): Illuminate\Pipeline\Pipeline->then(Object(Closure))
#26 E:\Projects\NsBase\vendor\laravel\framework\src\Illuminate\Routing\Router.php(800): Illuminate\Routing\Router->runRouteWithinStack(Object(Illuminate\Routing\Route), Object(Illuminate\Http\Request))
#27 E:\Projects\NsBase\vendor\laravel\framework\src\Illuminate\Routing\Router.php(764): Illuminate\Routing\Router->runRoute(Object(Illuminate\Http\Request), Object(Illuminate\Routing\Route))
#28 E:\Projects\NsBase\vendor\laravel\framework\src\Illuminate\Routing\Router.php(753): Illuminate\Routing\Router->dispatchToRoute(Object(Illuminate\Http\Request))
#29 E:\Projects\NsBase\vendor\laravel\framework\src\Illuminate\Foundation\Http\Kernel.php(200): Illuminate\Routing\Router->dispatch(Object(Illuminate\Http\Request))
#30 E:\Projects\NsBase\vendor\laravel\framework\src\Illuminate\Pipeline\Pipeline.php(180): Illuminate\Foundation\Http\Kernel->Illuminate\Foundation\Http\{closure}(Object(Illuminate\Http\Request))
#31 E:\Projects\NsBase\vendor\laravel\framework\src\Illuminate\Foundation\Http\Middleware\TransformsRequest.php(21): Illuminate\Pipeline\Pipeline->Illuminate\Pipeline\{closure}(Object(Illuminate\Http\Request))
#32 E:\Projects\NsBase\vendor\laravel\framework\src\Illuminate\Foundation\Http\Middleware\ConvertEmptyStringsToNull.php(31): Illuminate\Foundation\Http\Middleware\TransformsRequest->handle(Object(Illuminate\Http\Request), Object(Closure))
#33 E:\Projects\NsBase\vendor\laravel\framework\src\Illuminate\Pipeline\Pipeline.php(219): Illuminate\Foundation\Http\Middleware\ConvertEmptyStringsToNull->handle(Object(Illuminate\Http\Request), Object(Closure))
#34 E:\Projects\NsBase\vendor\laravel\framework\src\Illuminate\Foundation\Http\Middleware\TransformsRequest.php(21): Illuminate\Pipeline\Pipeline->Illuminate\Pipeline\{closure}(Object(Illuminate\Http\Request))
#35 E:\Projects\NsBase\vendor\laravel\framework\src\Illuminate\Foundation\Http\Middleware\TrimStrings.php(51): Illuminate\Foundation\Http\Middleware\TransformsRequest->handle(Object(Illuminate\Http\Request), Object(Closure))
#36 E:\Projects\NsBase\vendor\laravel\framework\src\Illuminate\Pipeline\Pipeline.php(219): Illuminate\Foundation\Http\Middleware\TrimStrings->handle(Object(Illuminate\Http\Request), Object(Closure))
#37 E:\Projects\NsBase\vendor\laravel\framework\src\Illuminate\Http\Middleware\ValidatePostSize.php(27): Illuminate\Pipeline\Pipeline->Illuminate\Pipeline\{closure}(Object(Illuminate\Http\Request))
#38 E:\Projects\NsBase\vendor\laravel\framework\src\Illuminate\Pipeline\Pipeline.php(219): Illuminate\Http\Middleware\ValidatePostSize->handle(Object(Illuminate\Http\Request), Object(Closure))
#39 E:\Projects\NsBase\vendor\laravel\framework\src\Illuminate\Foundation\Http\Middleware\PreventRequestsDuringMaintenance.php(109): Illuminate\Pipeline\Pipeline->Illuminate\Pipeline\{closure}(Object(Illuminate\Http\Request))
#40 E:\Projects\NsBase\vendor\laravel\framework\src\Illuminate\Pipeline\Pipeline.php(219): Illuminate\Foundation\Http\Middleware\PreventRequestsDuringMaintenance->handle(Object(Illuminate\Http\Request), Object(Closure))
#41 E:\Projects\NsBase\vendor\laravel\framework\src\Illuminate\Http\Middleware\HandleCors.php(74): Illuminate\Pipeline\Pipeline->Illuminate\Pipeline\{closure}(Object(Illuminate\Http\Request))
#42 E:\Projects\NsBase\vendor\laravel\framework\src\Illuminate\Pipeline\Pipeline.php(219): Illuminate\Http\Middleware\HandleCors->handle(Object(Illuminate\Http\Request), Object(Closure))
#43 E:\Projects\NsBase\vendor\laravel\framework\src\Illuminate\Http\Middleware\TrustProxies.php(58): Illuminate\Pipeline\Pipeline->Illuminate\Pipeline\{closure}(Object(Illuminate\Http\Request))
#44 E:\Projects\NsBase\vendor\laravel\framework\src\Illuminate\Pipeline\Pipeline.php(219): Illuminate\Http\Middleware\TrustProxies->handle(Object(Illuminate\Http\Request), Object(Closure))
#45 E:\Projects\NsBase\vendor\laravel\framework\src\Illuminate\Foundation\Http\Middleware\InvokeDeferredCallbacks.php(22): Illuminate\Pipeline\Pipeline->Illuminate\Pipeline\{closure}(Object(Illuminate\Http\Request))
#46 E:\Projects\NsBase\vendor\laravel\framework\src\Illuminate\Pipeline\Pipeline.php(219): Illuminate\Foundation\Http\Middleware\InvokeDeferredCallbacks->handle(Object(Illuminate\Http\Request), Object(Closure))
#47 E:\Projects\NsBase\vendor\laravel\framework\src\Illuminate\Http\Middleware\ValidatePathEncoding.php(28): Illuminate\Pipeline\Pipeline->Illuminate\Pipeline\{closure}(Object(Illuminate\Http\Request))
#48 E:\Projects\NsBase\vendor\laravel\framework\src\Illuminate\Pipeline\Pipeline.php(219): Illuminate\Http\Middleware\ValidatePathEncoding->handle(Object(Illuminate\Http\Request), Object(Closure))
#49 E:\Projects\NsBase\vendor\laravel\framework\src\Illuminate\Pipeline\Pipeline.php(137): Illuminate\Pipeline\Pipeline->Illuminate\Pipeline\{closure}(Object(Illuminate\Http\Request))
#50 E:\Projects\NsBase\vendor\laravel\framework\src\Illuminate\Foundation\Http\Kernel.php(175): Illuminate\Pipeline\Pipeline->then(Object(Closure))
#51 E:\Projects\NsBase\vendor\laravel\framework\src\Illuminate\Foundation\Http\Kernel.php(144): Illuminate\Foundation\Http\Kernel->sendRequestThroughRouter(Object(Illuminate\Http\Request))
#52 E:\Projects\NsBase\vendor\laravel\framework\src\Illuminate\Foundation\Testing\Concerns\MakesHttpRequests.php(607): Illuminate\Foundation\Http\Kernel->handle(Object(Illuminate\Http\Request))
#53 E:\Projects\NsBase\vendor\laravel\framework\src\Illuminate\Foundation\Testing\Concerns\MakesHttpRequests.php(573): Illuminate\Foundation\Testing\TestCase->call('POST', '/api/email-temp...', Array, Array, Array, Array, '{"key":"test_te...')
#54 E:\Projects\NsBase\vendor\laravel\framework\src\Illuminate\Foundation\Testing\Concerns\MakesHttpRequests.php(411): Illuminate\Foundation\Testing\TestCase->json('POST', '/api/email-temp...', Array, Array, 0)
#55 E:\Projects\NsBase\tests\Feature\ApiTest.php(325): Illuminate\Foundation\Testing\TestCase->postJson('/api/email-temp...', Array)
#56 E:\Projects\NsBase\vendor\phpunit\phpunit\src\Framework\TestCase.php(1314): Tests\Feature\ApiTest->test_admin_can_create_email_template()
#57 E:\Projects\NsBase\vendor\phpunit\phpunit\src\Framework\TestCase.php(1351): PHPUnit\Framework\TestCase->invokeTestMethod('test_admin_can_...', Array)
#58 E:\Projects\NsBase\vendor\phpunit\phpunit\src\Framework\TestCase.php(521): PHPUnit\Framework\TestCase->runTest()
#59 E:\Projects\NsBase\vendor\phpunit\phpunit\src\Framework\TestRunner\TestRunner.php(99): PHPUnit\Framework\TestCase->runBare()
#60 E:\Projects\NsBase\vendor\phpunit\phpunit\src\Framework\TestCase.php(361): PHPUnit\Framework\TestRunner->run(Object(Tests\Feature\ApiTest))
#61 E:\Projects\NsBase\vendor\phpunit\phpunit\src\Framework\TestSuite.php(374): PHPUnit\Framework\TestCase->run()
#62 E:\Projects\NsBase\vendor\phpunit\phpunit\src\TextUI\TestRunner.php(64): PHPUnit\Framework\TestSuite->run()
#63 E:\Projects\NsBase\vendor\phpunit\phpunit\src\TextUI\Application.php(229): PHPUnit\TextUI\TestRunner->run(Object(PHPUnit\TextUI\Configuration\Configuration), Object(PHPUnit\Runner\ResultCache\DefaultResultCache), Object(PHPUnit\Framework\TestSuite))
#64 E:\Projects\NsBase\vendor\phpunit\phpunit\phpunit(104): PHPUnit\TextUI\Application->run(Array)
#65 {main}

----------------------------------------------------------------------------------

There is no permission named `email-templates.create` for guard `sanctum`.[39;22m

  at [32mtests\Feature\ApiTest.php[39m:[32m332[39m
    328Ôûò                 'subject' => ['fr' => 'Sujet {name}'],
    329Ôûò                 'body' => ['fr' => '<p>Bonjour {name}</p>'],
    330Ôûò                 'variables' => ['name'],
    331Ôûò                 'is_active' => true,
  Ô×£ 332Ôûò             ])->assertCreated();
    333Ôûò     }
    334Ôûò 
    335Ôûò     public function test_email_template_render()
    336Ôûò     {

  [31mÔöÇÔöÇÔöÇÔöÇÔöÇÔöÇÔöÇÔöÇÔöÇÔöÇÔöÇÔöÇÔöÇÔöÇÔöÇÔöÇÔöÇÔöÇÔöÇÔöÇÔöÇÔöÇÔöÇÔöÇÔöÇÔöÇÔöÇÔöÇÔöÇÔöÇÔöÇÔöÇÔöÇÔöÇÔöÇÔöÇÔöÇÔöÇÔöÇÔöÇÔöÇÔöÇÔöÇÔöÇÔöÇÔöÇÔöÇÔöÇÔöÇÔöÇÔöÇÔöÇÔöÇÔöÇÔöÇÔöÇÔöÇÔöÇÔöÇÔöÇÔöÇÔöÇÔöÇÔöÇÔöÇÔöÇÔöÇÔöÇÔöÇÔöÇÔöÇÔöÇÔöÇÔöÇÔöÇÔöÇ[39m  
  [41;1m FAILED [49;22m [1mTests\Feature\ApiTest[22m [90m>[39m admin can delete email template              
[39;1m  Expected response status code [200] but received 500.
Failed asserting that 500 is identical to 200.

The following exception occurred during the last request:

Spatie\Permission\Exceptions\PermissionDoesNotExist: There is no permission named `email-templates.delete` for guard `sanctum`. in E:\Projects\NsBase\vendor\spatie\laravel-permission\src\Exceptions\PermissionDoesNotExist.php:11
Stack trace:
#0 E:\Projects\NsBase\vendor\spatie\laravel-permission\src\Models\Permission.php(103): Spatie\Permission\Exceptions\PermissionDoesNotExist::create('email-templates...', 'sanctum')
#1 E:\Projects\NsBase\vendor\spatie\laravel-permission\src\Traits\HasPermissions.php(185): Spatie\Permission\Models\Permission::findByName('email-templates...', 'sanctum')
#2 E:\Projects\NsBase\vendor\spatie\laravel-permission\src\Traits\HasPermissions.php(211): App\Models\User->filterPermission('email-templates...', NULL)
#3 E:\Projects\NsBase\app\Policies\EmailTemplatePolicy.php(32): App\Models\User->hasPermissionTo('email-templates...')
#4 E:\Projects\NsBase\vendor\laravel\framework\src\Illuminate\Auth\Access\Gate.php(844): App\Policies\EmailTemplatePolicy->delete(Object(App\Models\User), Object(App\Models\EmailTemplate))
#5 E:\Projects\NsBase\vendor\laravel\framework\src\Illuminate\Auth\Access\Gate.php(797): Illuminate\Auth\Access\Gate->callPolicyMethod(Object(App\Policies\EmailTemplatePolicy), 'delete', Object(App\Models\User), Array)
#6 E:\Projects\NsBase\vendor\laravel\framework\src\Illuminate\Auth\Access\Gate.php(553): Illuminate\Auth\Access\Gate->Illuminate\Auth\Access\{closure}(Object(App\Models\User), Object(App\Models\EmailTemplate))
#7 E:\Projects\NsBase\vendor\laravel\framework\src\Illuminate\Auth\Access\Gate.php(448): Illuminate\Auth\Access\Gate->callAuthCallback(Object(App\Models\User), 'delete', Array)
#8 E:\Projects\NsBase\vendor\laravel\framework\src\Illuminate\Auth\Access\Gate.php(411): Illuminate\Auth\Access\Gate->raw('delete', Array)
#9 E:\Projects\NsBase\vendor\laravel\framework\src\Illuminate\Auth\Access\Gate.php(398): Illuminate\Auth\Access\Gate->inspect('delete', Object(App\Models\EmailTemplate))
#10 E:\Projects\NsBase\vendor\laravel\framework\src\Illuminate\Foundation\Auth\Access\AuthorizesRequests.php(25): Illuminate\Auth\Access\Gate->authorize('delete', Object(App\Models\EmailTemplate))
#11 E:\Projects\NsBase\app\Http\Controllers\Api\EmailTemplateController.php(68): App\Http\Controllers\Controller->authorize('delete', Object(App\Models\EmailTemplate))
#12 E:\Projects\NsBase\vendor\laravel\framework\src\Illuminate\Routing\Controller.php(54): App\Http\Controllers\Api\EmailTemplateController->destroy(Object(App\Models\EmailTemplate))
#13 E:\Projects\NsBase\vendor\laravel\framework\src\Illuminate\Routing\ControllerDispatcher.php(43): Illuminate\Routing\Controller->callAction('destroy', Array)
#14 E:\Projects\NsBase\vendor\laravel\framework\src\Illuminate\Routing\Route.php(269): Illuminate\Routing\ControllerDispatcher->dispatch(Object(Illuminate\Routing\Route), Object(App\Http\Controllers\Api\EmailTemplateController), 'destroy')
#15 E:\Projects\NsBase\vendor\laravel\framework\src\Illuminate\Routing\Route.php(215): Illuminate\Routing\Route->runController()
#16 E:\Projects\NsBase\vendor\laravel\framework\src\Illuminate\Routing\Router.php(822): Illuminate\Routing\Route->run()
#17 E:\Projects\NsBase\vendor\laravel\framework\src\Illuminate\Pipeline\Pipeline.php(180): Illuminate\Routing\Router->Illuminate\Routing\{closure}(Object(Illuminate\Http\Request))
#18 E:\Projects\NsBase\app\Http\Middleware\ForceJsonResponse.php(15): Illuminate\Pipeline\Pipeline->Illuminate\Pipeline\{closure}(Object(Illuminate\Http\Request))
#19 E:\Projects\NsBase\vendor\laravel\framework\src\Illuminate\Pipeline\Pipeline.php(219): App\Http\Middleware\ForceJsonResponse->handle(Object(Illuminate\Http\Request), Object(Closure))
#20 E:\Projects\NsBase\vendor\laravel\framework\src\Illuminate\Routing\Middleware\SubstituteBindings.php(52): Illuminate\Pipeline\Pipeline->Illuminate\Pipeline\{closure}(Object(Illuminate\Http\Request))
#21 E:\Projects\NsBase\vendor\laravel\framework\src\Illuminate\Pipeline\Pipeline.php(219): Illuminate\Routing\Middleware\SubstituteBindings->handle(Object(Illuminate\Http\Request), Object(Closure))
#22 E:\Projects\NsBase\vendor\laravel\framework\src\Illuminate\Auth\Middleware\Authenticate.php(63): Illuminate\Pipeline\Pipeline->Illuminate\Pipeline\{closure}(Object(Illuminate\Http\Request))
#23 E:\Projects\NsBase\vendor\laravel\framework\src\Illuminate\Pipeline\Pipeline.php(219): Illuminate\Auth\Middleware\Authenticate->handle(Object(Illuminate\Http\Request), Object(Closure), 'sanctum')
#24 E:\Projects\NsBase\vendor\laravel\framework\src\Illuminate\Pipeline\Pipeline.php(137): Illuminate\Pipeline\Pipeline->Illuminate\Pipeline\{closure}(Object(Illuminate\Http\Request))
#25 E:\Projects\NsBase\vendor\laravel\framework\src\Illuminate\Routing\Router.php(821): Illuminate\Pipeline\Pipeline->then(Object(Closure))
#26 E:\Projects\NsBase\vendor\laravel\framework\src\Illuminate\Routing\Router.php(800): Illuminate\Routing\Router->runRouteWithinStack(Object(Illuminate\Routing\Route), Object(Illuminate\Http\Request))
#27 E:\Projects\NsBase\vendor\laravel\framework\src\Illuminate\Routing\Router.php(764): Illuminate\Routing\Router->runRoute(Object(Illuminate\Http\Request), Object(Illuminate\Routing\Route))
#28 E:\Projects\NsBase\vendor\laravel\framework\src\Illuminate\Routing\Router.php(753): Illuminate\Routing\Router->dispatchToRoute(Object(Illuminate\Http\Request))
#29 E:\Projects\NsBase\vendor\laravel\framework\src\Illuminate\Foundation\Http\Kernel.php(200): Illuminate\Routing\Router->dispatch(Object(Illuminate\Http\Request))
#30 E:\Projects\NsBase\vendor\laravel\framework\src\Illuminate\Pipeline\Pipeline.php(180): Illuminate\Foundation\Http\Kernel->Illuminate\Foundation\Http\{closure}(Object(Illuminate\Http\Request))
#31 E:\Projects\NsBase\vendor\laravel\framework\src\Illuminate\Foundation\Http\Middleware\TransformsRequest.php(21): Illuminate\Pipeline\Pipeline->Illuminate\Pipeline\{closure}(Object(Illuminate\Http\Request))
#32 E:\Projects\NsBase\vendor\laravel\framework\src\Illuminate\Foundation\Http\Middleware\ConvertEmptyStringsToNull.php(31): Illuminate\Foundation\Http\Middleware\TransformsRequest->handle(Object(Illuminate\Http\Request), Object(Closure))
#33 E:\Projects\NsBase\vendor\laravel\framework\src\Illuminate\Pipeline\Pipeline.php(219): Illuminate\Foundation\Http\Middleware\ConvertEmptyStringsToNull->handle(Object(Illuminate\Http\Request), Object(Closure))
#34 E:\Projects\NsBase\vendor\laravel\framework\src\Illuminate\Foundation\Http\Middleware\TransformsRequest.php(21): Illuminate\Pipeline\Pipeline->Illuminate\Pipeline\{closure}(Object(Illuminate\Http\Request))
#35 E:\Projects\NsBase\vendor\laravel\framework\src\Illuminate\Foundation\Http\Middleware\TrimStrings.php(51): Illuminate\Foundation\Http\Middleware\TransformsRequest->handle(Object(Illuminate\Http\Request), Object(Closure))
#36 E:\Projects\NsBase\vendor\laravel\framework\src\Illuminate\Pipeline\Pipeline.php(219): Illuminate\Foundation\Http\Middleware\TrimStrings->handle(Object(Illuminate\Http\Request), Object(Closure))
#37 E:\Projects\NsBase\vendor\laravel\framework\src\Illuminate\Http\Middleware\ValidatePostSize.php(27): Illuminate\Pipeline\Pipeline->Illuminate\Pipeline\{closure}(Object(Illuminate\Http\Request))
#38 E:\Projects\NsBase\vendor\laravel\framework\src\Illuminate\Pipeline\Pipeline.php(219): Illuminate\Http\Middleware\ValidatePostSize->handle(Object(Illuminate\Http\Request), Object(Closure))
#39 E:\Projects\NsBase\vendor\laravel\framework\src\Illuminate\Foundation\Http\Middleware\PreventRequestsDuringMaintenance.php(109): Illuminate\Pipeline\Pipeline->Illuminate\Pipeline\{closure}(Object(Illuminate\Http\Request))
#40 E:\Projects\NsBase\vendor\laravel\framework\src\Illuminate\Pipeline\Pipeline.php(219): Illuminate\Foundation\Http\Middleware\PreventRequestsDuringMaintenance->handle(Object(Illuminate\Http\Request), Object(Closure))
#41 E:\Projects\NsBase\vendor\laravel\framework\src\Illuminate\Http\Middleware\HandleCors.php(74): Illuminate\Pipeline\Pipeline->Illuminate\Pipeline\{closure}(Object(Illuminate\Http\Request))
#42 E:\Projects\NsBase\vendor\laravel\framework\src\Illuminate\Pipeline\Pipeline.php(219): Illuminate\Http\Middleware\HandleCors->handle(Object(Illuminate\Http\Request), Object(Closure))
#43 E:\Projects\NsBase\vendor\laravel\framework\src\Illuminate\Http\Middleware\TrustProxies.php(58): Illuminate\Pipeline\Pipeline->Illuminate\Pipeline\{closure}(Object(Illuminate\Http\Request))
#44 E:\Projects\NsBase\vendor\laravel\framework\src\Illuminate\Pipeline\Pipeline.php(219): Illuminate\Http\Middleware\TrustProxies->handle(Object(Illuminate\Http\Request), Object(Closure))
#45 E:\Projects\NsBase\vendor\laravel\framework\src\Illuminate\Foundation\Http\Middleware\InvokeDeferredCallbacks.php(22): Illuminate\Pipeline\Pipeline->Illuminate\Pipeline\{closure}(Object(Illuminate\Http\Request))
#46 E:\Projects\NsBase\vendor\laravel\framework\src\Illuminate\Pipeline\Pipeline.php(219): Illuminate\Foundation\Http\Middleware\InvokeDeferredCallbacks->handle(Object(Illuminate\Http\Request), Object(Closure))
#47 E:\Projects\NsBase\vendor\laravel\framework\src\Illuminate\Http\Middleware\ValidatePathEncoding.php(28): Illuminate\Pipeline\Pipeline->Illuminate\Pipeline\{closure}(Object(Illuminate\Http\Request))
#48 E:\Projects\NsBase\vendor\laravel\framework\src\Illuminate\Pipeline\Pipeline.php(219): Illuminate\Http\Middleware\ValidatePathEncoding->handle(Object(Illuminate\Http\Request), Object(Closure))
#49 E:\Projects\NsBase\vendor\laravel\framework\src\Illuminate\Pipeline\Pipeline.php(137): Illuminate\Pipeline\Pipeline->Illuminate\Pipeline\{closure}(Object(Illuminate\Http\Request))
#50 E:\Projects\NsBase\vendor\laravel\framework\src\Illuminate\Foundation\Http\Kernel.php(175): Illuminate\Pipeline\Pipeline->then(Object(Closure))
#51 E:\Projects\NsBase\vendor\laravel\framework\src\Illuminate\Foundation\Http\Kernel.php(144): Illuminate\Foundation\Http\Kernel->sendRequestThroughRouter(Object(Illuminate\Http\Request))
#52 E:\Projects\NsBase\vendor\laravel\framework\src\Illuminate\Foundation\Testing\Concerns\MakesHttpRequests.php(607): Illuminate\Foundation\Http\Kernel->handle(Object(Illuminate\Http\Request))
#53 E:\Projects\NsBase\vendor\laravel\framework\src\Illuminate\Foundation\Testing\Concerns\MakesHttpRequests.php(573): Illuminate\Foundation\Testing\TestCase->call('DELETE', '/api/email-temp...', Array, Array, Array, Array, '[]')
#54 E:\Projects\NsBase\vendor\laravel\framework\src\Illuminate\Foundation\Testing\Concerns\MakesHttpRequests.php(501): Illuminate\Foundation\Testing\TestCase->json('DELETE', '/api/email-temp...', Array, Array, 0)
#55 E:\Projects\NsBase\tests\Feature\ApiTest.php(356): Illuminate\Foundation\Testing\TestCase->deleteJson('/api/email-temp...')
#56 E:\Projects\NsBase\vendor\phpunit\phpunit\src\Framework\TestCase.php(1314): Tests\Feature\ApiTest->test_admin_can_delete_email_template()
#57 E:\Projects\NsBase\vendor\phpunit\phpunit\src\Framework\TestCase.php(1351): PHPUnit\Framework\TestCase->invokeTestMethod('test_admin_can_...', Array)
#58 E:\Projects\NsBase\vendor\phpunit\phpunit\src\Framework\TestCase.php(521): PHPUnit\Framework\TestCase->runTest()
#59 E:\Projects\NsBase\vendor\phpunit\phpunit\src\Framework\TestRunner\TestRunner.php(99): PHPUnit\Framework\TestCase->runBare()
#60 E:\Projects\NsBase\vendor\phpunit\phpunit\src\Framework\TestCase.php(361): PHPUnit\Framework\TestRunner->run(Object(Tests\Feature\ApiTest))
#61 E:\Projects\NsBase\vendor\phpunit\phpunit\src\Framework\TestSuite.php(374): PHPUnit\Framework\TestCase->run()
#62 E:\Projects\NsBase\vendor\phpunit\phpunit\src\TextUI\TestRunner.php(64): PHPUnit\Framework\TestSuite->run()
#63 E:\Projects\NsBase\vendor\phpunit\phpunit\src\TextUI\Application.php(229): PHPUnit\TextUI\TestRunner->run(Object(PHPUnit\TextUI\Configuration\Configuration), Object(PHPUnit\Runner\ResultCache\DefaultResultCache), Object(PHPUnit\Framework\TestSuite))
#64 E:\Projects\NsBase\vendor\phpunit\phpunit\phpunit(104): PHPUnit\TextUI\Application->run(Array)
#65 {main}

----------------------------------------------------------------------------------

There is no permission named `email-templates.delete` for guard `sanctum`.[39;22m

  at [32mtests\Feature\ApiTest.php[39m:[32m357[39m
    353Ôûò         $t = EmailTemplate::create(['key' => 'del', 'name' => ['fr' => 'D'], 'subject' => ['fr' => 'S'], 'body' => ['fr' => 'B'], 'is_active' => true]);
    354Ôûò 
    355Ôûò         $this->actingAs($this->admin, 'sanctum')
    356Ôûò             ->deleteJson("/api/email-templates/{$t->id}")
  Ô×£ 357Ôûò             ->assertOk();
    358Ôûò     }
    359Ôûò 
    360Ôûò     // ÔöÇÔöÇÔöÇ Contact Messages ÔöÇÔöÇÔöÇÔöÇÔöÇÔöÇÔöÇÔöÇÔöÇÔöÇÔöÇÔöÇÔöÇÔöÇÔöÇÔöÇÔöÇÔöÇÔöÇÔöÇÔöÇÔöÇÔöÇÔöÇÔöÇÔöÇÔöÇÔöÇÔöÇÔöÇÔöÇÔöÇÔöÇÔöÇÔöÇÔöÇÔöÇÔöÇÔöÇ
    361Ôûò

  [31mÔöÇÔöÇÔöÇÔöÇÔöÇÔöÇÔöÇÔöÇÔöÇÔöÇÔöÇÔöÇÔöÇÔöÇÔöÇÔöÇÔöÇÔöÇÔöÇÔöÇÔöÇÔöÇÔöÇÔöÇÔöÇÔöÇÔöÇÔöÇÔöÇÔöÇÔöÇÔöÇÔöÇÔöÇÔöÇÔöÇÔöÇÔöÇÔöÇÔöÇÔöÇÔöÇÔöÇÔöÇÔöÇÔöÇÔöÇÔöÇÔöÇÔöÇÔöÇÔöÇÔöÇÔöÇÔöÇÔöÇÔöÇÔöÇÔöÇÔöÇÔöÇÔöÇÔöÇÔöÇÔöÇÔöÇÔöÇÔöÇÔöÇÔöÇÔöÇÔöÇÔöÇÔöÇÔöÇÔöÇ[39m  
  [41;1m FAILED [49;22m [1mTests\Feature\ApiTest[22m [90m>[39m authenticated user can list activity logs    
[39;1m  Expected response status code [200] but received 500.
Failed asserting that 500 is identical to 200.

The following exception occurred during the last request:

Spatie\Permission\Exceptions\PermissionDoesNotExist: There is no permission named `logs.view` for guard `sanctum`. in E:\Projects\NsBase\vendor\spatie\laravel-permission\src\Exceptions\PermissionDoesNotExist.php:11
Stack trace:
#0 E:\Projects\NsBase\vendor\spatie\laravel-permission\src\Models\Permission.php(103): Spatie\Permission\Exceptions\PermissionDoesNotExist::create('logs.view', 'sanctum')
#1 E:\Projects\NsBase\vendor\spatie\laravel-permission\src\Traits\HasPermissions.php(185): Spatie\Permission\Models\Permission::findByName('logs.view', 'sanctum')
#2 E:\Projects\NsBase\vendor\spatie\laravel-permission\src\Traits\HasPermissions.php(211): App\Models\User->filterPermission('logs.view', NULL)
#3 E:\Projects\NsBase\app\Policies\ActivityLogPolicy.php(12): App\Models\User->hasPermissionTo('logs.view')
#4 E:\Projects\NsBase\vendor\laravel\framework\src\Illuminate\Auth\Access\Gate.php(844): App\Policies\ActivityLogPolicy->viewAny(Object(App\Models\User))
#5 E:\Projects\NsBase\vendor\laravel\framework\src\Illuminate\Auth\Access\Gate.php(797): Illuminate\Auth\Access\Gate->callPolicyMethod(Object(App\Policies\ActivityLogPolicy), 'viewAny', Object(App\Models\User), Array)
#6 E:\Projects\NsBase\vendor\laravel\framework\src\Illuminate\Auth\Access\Gate.php(553): Illuminate\Auth\Access\Gate->Illuminate\Auth\Access\{closure}(Object(App\Models\User), 'App\\Models\\Acti...')
#7 E:\Projects\NsBase\vendor\laravel\framework\src\Illuminate\Auth\Access\Gate.php(448): Illuminate\Auth\Access\Gate->callAuthCallback(Object(App\Models\User), 'viewAny', Array)
#8 E:\Projects\NsBase\vendor\laravel\framework\src\Illuminate\Auth\Access\Gate.php(411): Illuminate\Auth\Access\Gate->raw('viewAny', Array)
#9 E:\Projects\NsBase\vendor\laravel\framework\src\Illuminate\Auth\Access\Gate.php(398): Illuminate\Auth\Access\Gate->inspect('viewAny', 'App\\Models\\Acti...')
#10 E:\Projects\NsBase\vendor\laravel\framework\src\Illuminate\Foundation\Auth\Access\AuthorizesRequests.php(25): Illuminate\Auth\Access\Gate->authorize('viewAny', 'App\\Models\\Acti...')
#11 E:\Projects\NsBase\app\Http\Controllers\Api\ActivityLogController.php(16): App\Http\Controllers\Controller->authorize('viewAny', 'App\\Models\\Acti...')
#12 E:\Projects\NsBase\vendor\laravel\framework\src\Illuminate\Routing\Controller.php(54): App\Http\Controllers\Api\ActivityLogController->index(Object(Illuminate\Http\Request))
#13 E:\Projects\NsBase\vendor\laravel\framework\src\Illuminate\Routing\ControllerDispatcher.php(43): Illuminate\Routing\Controller->callAction('index', Array)
#14 E:\Projects\NsBase\vendor\laravel\framework\src\Illuminate\Routing\Route.php(269): Illuminate\Routing\ControllerDispatcher->dispatch(Object(Illuminate\Routing\Route), Object(App\Http\Controllers\Api\ActivityLogController), 'index')
#15 E:\Projects\NsBase\vendor\laravel\framework\src\Illuminate\Routing\Route.php(215): Illuminate\Routing\Route->runController()
#16 E:\Projects\NsBase\vendor\laravel\framework\src\Illuminate\Routing\Router.php(822): Illuminate\Routing\Route->run()
#17 E:\Projects\NsBase\vendor\laravel\framework\src\Illuminate\Pipeline\Pipeline.php(180): Illuminate\Routing\Router->Illuminate\Routing\{closure}(Object(Illuminate\Http\Request))
#18 E:\Projects\NsBase\app\Http\Middleware\ForceJsonResponse.php(15): Illuminate\Pipeline\Pipeline->Illuminate\Pipeline\{closure}(Object(Illuminate\Http\Request))
#19 E:\Projects\NsBase\vendor\laravel\framework\src\Illuminate\Pipeline\Pipeline.php(219): App\Http\Middleware\ForceJsonResponse->handle(Object(Illuminate\Http\Request), Object(Closure))
#20 E:\Projects\NsBase\vendor\laravel\framework\src\Illuminate\Routing\Middleware\SubstituteBindings.php(52): Illuminate\Pipeline\Pipeline->Illuminate\Pipeline\{closure}(Object(Illuminate\Http\Request))
#21 E:\Projects\NsBase\vendor\laravel\framework\src\Illuminate\Pipeline\Pipeline.php(219): Illuminate\Routing\Middleware\SubstituteBindings->handle(Object(Illuminate\Http\Request), Object(Closure))
#22 E:\Projects\NsBase\vendor\laravel\framework\src\Illuminate\Auth\Middleware\Authenticate.php(63): Illuminate\Pipeline\Pipeline->Illuminate\Pipeline\{closure}(Object(Illuminate\Http\Request))
#23 E:\Projects\NsBase\vendor\laravel\framework\src\Illuminate\Pipeline\Pipeline.php(219): Illuminate\Auth\Middleware\Authenticate->handle(Object(Illuminate\Http\Request), Object(Closure), 'sanctum')
#24 E:\Projects\NsBase\vendor\laravel\framework\src\Illuminate\Pipeline\Pipeline.php(137): Illuminate\Pipeline\Pipeline->Illuminate\Pipeline\{closure}(Object(Illuminate\Http\Request))
#25 E:\Projects\NsBase\vendor\laravel\framework\src\Illuminate\Routing\Router.php(821): Illuminate\Pipeline\Pipeline->then(Object(Closure))
#26 E:\Projects\NsBase\vendor\laravel\framework\src\Illuminate\Routing\Router.php(800): Illuminate\Routing\Router->runRouteWithinStack(Object(Illuminate\Routing\Route), Object(Illuminate\Http\Request))
#27 E:\Projects\NsBase\vendor\laravel\framework\src\Illuminate\Routing\Router.php(764): Illuminate\Routing\Router->runRoute(Object(Illuminate\Http\Request), Object(Illuminate\Routing\Route))
#28 E:\Projects\NsBase\vendor\laravel\framework\src\Illuminate\Routing\Router.php(753): Illuminate\Routing\Router->dispatchToRoute(Object(Illuminate\Http\Request))
#29 E:\Projects\NsBase\vendor\laravel\framework\src\Illuminate\Foundation\Http\Kernel.php(200): Illuminate\Routing\Router->dispatch(Object(Illuminate\Http\Request))
#30 E:\Projects\NsBase\vendor\laravel\framework\src\Illuminate\Pipeline\Pipeline.php(180): Illuminate\Foundation\Http\Kernel->Illuminate\Foundation\Http\{closure}(Object(Illuminate\Http\Request))
#31 E:\Projects\NsBase\vendor\laravel\framework\src\Illuminate\Foundation\Http\Middleware\TransformsRequest.php(21): Illuminate\Pipeline\Pipeline->Illuminate\Pipeline\{closure}(Object(Illuminate\Http\Request))
#32 E:\Projects\NsBase\vendor\laravel\framework\src\Illuminate\Foundation\Http\Middleware\ConvertEmptyStringsToNull.php(31): Illuminate\Foundation\Http\Middleware\TransformsRequest->handle(Object(Illuminate\Http\Request), Object(Closure))
#33 E:\Projects\NsBase\vendor\laravel\framework\src\Illuminate\Pipeline\Pipeline.php(219): Illuminate\Foundation\Http\Middleware\ConvertEmptyStringsToNull->handle(Object(Illuminate\Http\Request), Object(Closure))
#34 E:\Projects\NsBase\vendor\laravel\framework\src\Illuminate\Foundation\Http\Middleware\TransformsRequest.php(21): Illuminate\Pipeline\Pipeline->Illuminate\Pipeline\{closure}(Object(Illuminate\Http\Request))
#35 E:\Projects\NsBase\vendor\laravel\framework\src\Illuminate\Foundation\Http\Middleware\TrimStrings.php(51): Illuminate\Foundation\Http\Middleware\TransformsRequest->handle(Object(Illuminate\Http\Request), Object(Closure))
#36 E:\Projects\NsBase\vendor\laravel\framework\src\Illuminate\Pipeline\Pipeline.php(219): Illuminate\Foundation\Http\Middleware\TrimStrings->handle(Object(Illuminate\Http\Request), Object(Closure))
#37 E:\Projects\NsBase\vendor\laravel\framework\src\Illuminate\Http\Middleware\ValidatePostSize.php(27): Illuminate\Pipeline\Pipeline->Illuminate\Pipeline\{closure}(Object(Illuminate\Http\Request))
#38 E:\Projects\NsBase\vendor\laravel\framework\src\Illuminate\Pipeline\Pipeline.php(219): Illuminate\Http\Middleware\ValidatePostSize->handle(Object(Illuminate\Http\Request), Object(Closure))
#39 E:\Projects\NsBase\vendor\laravel\framework\src\Illuminate\Foundation\Http\Middleware\PreventRequestsDuringMaintenance.php(109): Illuminate\Pipeline\Pipeline->Illuminate\Pipeline\{closure}(Object(Illuminate\Http\Request))
#40 E:\Projects\NsBase\vendor\laravel\framework\src\Illuminate\Pipeline\Pipeline.php(219): Illuminate\Foundation\Http\Middleware\PreventRequestsDuringMaintenance->handle(Object(Illuminate\Http\Request), Object(Closure))
#41 E:\Projects\NsBase\vendor\laravel\framework\src\Illuminate\Http\Middleware\HandleCors.php(74): Illuminate\Pipeline\Pipeline->Illuminate\Pipeline\{closure}(Object(Illuminate\Http\Request))
#42 E:\Projects\NsBase\vendor\laravel\framework\src\Illuminate\Pipeline\Pipeline.php(219): Illuminate\Http\Middleware\HandleCors->handle(Object(Illuminate\Http\Request), Object(Closure))
#43 E:\Projects\NsBase\vendor\laravel\framework\src\Illuminate\Http\Middleware\TrustProxies.php(58): Illuminate\Pipeline\Pipeline->Illuminate\Pipeline\{closure}(Object(Illuminate\Http\Request))
#44 E:\Projects\NsBase\vendor\laravel\framework\src\Illuminate\Pipeline\Pipeline.php(219): Illuminate\Http\Middleware\TrustProxies->handle(Object(Illuminate\Http\Request), Object(Closure))
#45 E:\Projects\NsBase\vendor\laravel\framework\src\Illuminate\Foundation\Http\Middleware\InvokeDeferredCallbacks.php(22): Illuminate\Pipeline\Pipeline->Illuminate\Pipeline\{closure}(Object(Illuminate\Http\Request))
#46 E:\Projects\NsBase\vendor\laravel\framework\src\Illuminate\Pipeline\Pipeline.php(219): Illuminate\Foundation\Http\Middleware\InvokeDeferredCallbacks->handle(Object(Illuminate\Http\Request), Object(Closure))
#47 E:\Projects\NsBase\vendor\laravel\framework\src\Illuminate\Http\Middleware\ValidatePathEncoding.php(28): Illuminate\Pipeline\Pipeline->Illuminate\Pipeline\{closure}(Object(Illuminate\Http\Request))
#48 E:\Projects\NsBase\vendor\laravel\framework\src\Illuminate\Pipeline\Pipeline.php(219): Illuminate\Http\Middleware\ValidatePathEncoding->handle(Object(Illuminate\Http\Request), Object(Closure))
#49 E:\Projects\NsBase\vendor\laravel\framework\src\Illuminate\Pipeline\Pipeline.php(137): Illuminate\Pipeline\Pipeline->Illuminate\Pipeline\{closure}(Object(Illuminate\Http\Request))
#50 E:\Projects\NsBase\vendor\laravel\framework\src\Illuminate\Foundation\Http\Kernel.php(175): Illuminate\Pipeline\Pipeline->then(Object(Closure))
#51 E:\Projects\NsBase\vendor\laravel\framework\src\Illuminate\Foundation\Http\Kernel.php(144): Illuminate\Foundation\Http\Kernel->sendRequestThroughRouter(Object(Illuminate\Http\Request))
#52 E:\Projects\NsBase\vendor\laravel\framework\src\Illuminate\Foundation\Testing\Concerns\MakesHttpRequests.php(607): Illuminate\Foundation\Http\Kernel->handle(Object(Illuminate\Http\Request))
#53 E:\Projects\NsBase\vendor\laravel\framework\src\Illuminate\Foundation\Testing\Concerns\MakesHttpRequests.php(573): Illuminate\Foundation\Testing\TestCase->call('GET', '/api/activity-l...', Array, Array, Array, Array, '[]')
#54 E:\Projects\NsBase\vendor\laravel\framework\src\Illuminate\Foundation\Testing\Concerns\MakesHttpRequests.php(381): Illuminate\Foundation\Testing\TestCase->json('GET', '/api/activity-l...', Array, Array, 0)
#55 E:\Projects\NsBase\tests\Feature\ApiTest.php(406): Illuminate\Foundation\Testing\TestCase->getJson('/api/activity-l...')
#56 E:\Projects\NsBase\vendor\phpunit\phpunit\src\Framework\TestCase.php(1314): Tests\Feature\ApiTest->test_authenticated_user_can_list_activity_logs()
#57 E:\Projects\NsBase\vendor\phpunit\phpunit\src\Framework\TestCase.php(1351): PHPUnit\Framework\TestCase->invokeTestMethod('test_authentica...', Array)
#58 E:\Projects\NsBase\vendor\phpunit\phpunit\src\Framework\TestCase.php(521): PHPUnit\Framework\TestCase->runTest()
#59 E:\Projects\NsBase\vendor\phpunit\phpunit\src\Framework\TestRunner\TestRunner.php(99): PHPUnit\Framework\TestCase->runBare()
#60 E:\Projects\NsBase\vendor\phpunit\phpunit\src\Framework\TestCase.php(361): PHPUnit\Framework\TestRunner->run(Object(Tests\Feature\ApiTest))
#61 E:\Projects\NsBase\vendor\phpunit\phpunit\src\Framework\TestSuite.php(374): PHPUnit\Framework\TestCase->run()
#62 E:\Projects\NsBase\vendor\phpunit\phpunit\src\TextUI\TestRunner.php(64): PHPUnit\Framework\TestSuite->run()
#63 E:\Projects\NsBase\vendor\phpunit\phpunit\src\TextUI\Application.php(229): PHPUnit\TextUI\TestRunner->run(Object(PHPUnit\TextUI\Configuration\Configuration), Object(PHPUnit\Runner\ResultCache\DefaultResultCache), Object(PHPUnit\Framework\TestSuite))
#64 E:\Projects\NsBase\vendor\phpunit\phpunit\phpunit(104): PHPUnit\TextUI\Application->run(Array)
#65 {main}

----------------------------------------------------------------------------------

There is no permission named `logs.view` for guard `sanctum`.[39;22m

  at [32mtests\Feature\ApiTest.php[39m:[32m407[39m
    403Ôûò     public function test_authenticated_user_can_list_activity_logs()
    404Ôûò     {
    405Ôûò         $this->actingAs($this->admin, 'sanctum')
    406Ôûò             ->getJson('/api/activity-logs')
  Ô×£ 407Ôûò             ->assertOk();
    408Ôûò     }
    409Ôûò 
    410Ôûò     public function test_unauthenticated_cannot_list_activity_logs()
    411Ôûò     {

  [31mÔöÇÔöÇÔöÇÔöÇÔöÇÔöÇÔöÇÔöÇÔöÇÔöÇÔöÇÔöÇÔöÇÔöÇÔöÇÔöÇÔöÇÔöÇÔöÇÔöÇÔöÇÔöÇÔöÇÔöÇÔöÇÔöÇÔöÇÔöÇÔöÇÔöÇÔöÇÔöÇÔöÇÔöÇÔöÇÔöÇÔöÇÔöÇÔöÇÔöÇÔöÇÔöÇÔöÇÔöÇÔöÇÔöÇÔöÇÔöÇÔöÇÔöÇÔöÇÔöÇÔöÇÔöÇÔöÇÔöÇÔöÇÔöÇÔöÇÔöÇÔöÇÔöÇÔöÇÔöÇÔöÇÔöÇÔöÇÔöÇÔöÇÔöÇÔöÇÔöÇÔöÇÔöÇÔöÇÔöÇ[39m  
  [41;1m FAILED [49;22m [1mTests\Feature\ApiTest[22m [90m>[39m admin can upload media                       
[39;1m  Expected response status code [201] but received 500.
Failed asserting that 500 is identical to 201.

The following exception occurred during the last request:

Spatie\Permission\Exceptions\PermissionDoesNotExist: There is no permission named `media.create` for guard `sanctum`. in E:\Projects\NsBase\vendor\spatie\laravel-permission\src\Exceptions\PermissionDoesNotExist.php:11
Stack trace:
#0 E:\Projects\NsBase\vendor\spatie\laravel-permission\src\Models\Permission.php(103): Spatie\Permission\Exceptions\PermissionDoesNotExist::create('media.create', 'sanctum')
#1 E:\Projects\NsBase\vendor\spatie\laravel-permission\src\Traits\HasPermissions.php(185): Spatie\Permission\Models\Permission::findByName('media.create', 'sanctum')
#2 E:\Projects\NsBase\vendor\spatie\laravel-permission\src\Traits\HasPermissions.php(211): App\Models\User->filterPermission('media.create', NULL)
#3 E:\Projects\NsBase\app\Policies\MediaPolicy.php(22): App\Models\User->hasPermissionTo('media.create')
#4 E:\Projects\NsBase\vendor\laravel\framework\src\Illuminate\Auth\Access\Gate.php(844): App\Policies\MediaPolicy->create(Object(App\Models\User))
#5 E:\Projects\NsBase\vendor\laravel\framework\src\Illuminate\Auth\Access\Gate.php(797): Illuminate\Auth\Access\Gate->callPolicyMethod(Object(App\Policies\MediaPolicy), 'create', Object(App\Models\User), Array)
#6 E:\Projects\NsBase\vendor\laravel\framework\src\Illuminate\Auth\Access\Gate.php(553): Illuminate\Auth\Access\Gate->Illuminate\Auth\Access\{closure}(Object(App\Models\User), 'App\\Models\\Medi...')
#7 E:\Projects\NsBase\vendor\laravel\framework\src\Illuminate\Auth\Access\Gate.php(448): Illuminate\Auth\Access\Gate->callAuthCallback(Object(App\Models\User), 'create', Array)
#8 E:\Projects\NsBase\vendor\laravel\framework\src\Illuminate\Auth\Access\Gate.php(411): Illuminate\Auth\Access\Gate->raw('create', Array)
#9 E:\Projects\NsBase\vendor\laravel\framework\src\Illuminate\Auth\Access\Gate.php(398): Illuminate\Auth\Access\Gate->inspect('create', 'App\\Models\\Medi...')
#10 E:\Projects\NsBase\vendor\laravel\framework\src\Illuminate\Foundation\Auth\Access\AuthorizesRequests.php(25): Illuminate\Auth\Access\Gate->authorize('create', 'App\\Models\\Medi...')
#11 E:\Projects\NsBase\app\Http\Controllers\Api\Admin\MediaController.php(37): App\Http\Controllers\Controller->authorize('create', 'App\\Models\\Medi...')
#12 E:\Projects\NsBase\vendor\laravel\framework\src\Illuminate\Routing\Controller.php(54): App\Http\Controllers\Api\Admin\MediaController->store(Object(App\Http\Requests\Admin\StoreMediaRequest))
#13 E:\Projects\NsBase\vendor\laravel\framework\src\Illuminate\Routing\ControllerDispatcher.php(43): Illuminate\Routing\Controller->callAction('store', Array)
#14 E:\Projects\NsBase\vendor\laravel\framework\src\Illuminate\Routing\Route.php(269): Illuminate\Routing\ControllerDispatcher->dispatch(Object(Illuminate\Routing\Route), Object(App\Http\Controllers\Api\Admin\MediaController), 'store')
#15 E:\Projects\NsBase\vendor\laravel\framework\src\Illuminate\Routing\Route.php(215): Illuminate\Routing\Route->runController()
#16 E:\Projects\NsBase\vendor\laravel\framework\src\Illuminate\Routing\Router.php(822): Illuminate\Routing\Route->run()
#17 E:\Projects\NsBase\vendor\laravel\framework\src\Illuminate\Pipeline\Pipeline.php(180): Illuminate\Routing\Router->Illuminate\Routing\{closure}(Object(Illuminate\Http\Request))
#18 E:\Projects\NsBase\app\Http\Middleware\ForceJsonResponse.php(15): Illuminate\Pipeline\Pipeline->Illuminate\Pipeline\{closure}(Object(Illuminate\Http\Request))
#19 E:\Projects\NsBase\vendor\laravel\framework\src\Illuminate\Pipeline\Pipeline.php(219): App\Http\Middleware\ForceJsonResponse->handle(Object(Illuminate\Http\Request), Object(Closure))
#20 E:\Projects\NsBase\vendor\laravel\framework\src\Illuminate\Routing\Middleware\SubstituteBindings.php(52): Illuminate\Pipeline\Pipeline->Illuminate\Pipeline\{closure}(Object(Illuminate\Http\Request))
#21 E:\Projects\NsBase\vendor\laravel\framework\src\Illuminate\Pipeline\Pipeline.php(219): Illuminate\Routing\Middleware\SubstituteBindings->handle(Object(Illuminate\Http\Request), Object(Closure))
#22 E:\Projects\NsBase\vendor\laravel\framework\src\Illuminate\Auth\Middleware\Authenticate.php(63): Illuminate\Pipeline\Pipeline->Illuminate\Pipeline\{closure}(Object(Illuminate\Http\Request))
#23 E:\Projects\NsBase\vendor\laravel\framework\src\Illuminate\Pipeline\Pipeline.php(219): Illuminate\Auth\Middleware\Authenticate->handle(Object(Illuminate\Http\Request), Object(Closure), 'sanctum')
#24 E:\Projects\NsBase\vendor\laravel\framework\src\Illuminate\Pipeline\Pipeline.php(137): Illuminate\Pipeline\Pipeline->Illuminate\Pipeline\{closure}(Object(Illuminate\Http\Request))
#25 E:\Projects\NsBase\vendor\laravel\framework\src\Illuminate\Routing\Router.php(821): Illuminate\Pipeline\Pipeline->then(Object(Closure))
#26 E:\Projects\NsBase\vendor\laravel\framework\src\Illuminate\Routing\Router.php(800): Illuminate\Routing\Router->runRouteWithinStack(Object(Illuminate\Routing\Route), Object(Illuminate\Http\Request))
#27 E:\Projects\NsBase\vendor\laravel\framework\src\Illuminate\Routing\Router.php(764): Illuminate\Routing\Router->runRoute(Object(Illuminate\Http\Request), Object(Illuminate\Routing\Route))
#28 E:\Projects\NsBase\vendor\laravel\framework\src\Illuminate\Routing\Router.php(753): Illuminate\Routing\Router->dispatchToRoute(Object(Illuminate\Http\Request))
#29 E:\Projects\NsBase\vendor\laravel\framework\src\Illuminate\Foundation\Http\Kernel.php(200): Illuminate\Routing\Router->dispatch(Object(Illuminate\Http\Request))
#30 E:\Projects\NsBase\vendor\laravel\framework\src\Illuminate\Pipeline\Pipeline.php(180): Illuminate\Foundation\Http\Kernel->Illuminate\Foundation\Http\{closure}(Object(Illuminate\Http\Request))
#31 E:\Projects\NsBase\vendor\laravel\framework\src\Illuminate\Foundation\Http\Middleware\TransformsRequest.php(21): Illuminate\Pipeline\Pipeline->Illuminate\Pipeline\{closure}(Object(Illuminate\Http\Request))
#32 E:\Projects\NsBase\vendor\laravel\framework\src\Illuminate\Foundation\Http\Middleware\ConvertEmptyStringsToNull.php(31): Illuminate\Foundation\Http\Middleware\TransformsRequest->handle(Object(Illuminate\Http\Request), Object(Closure))
#33 E:\Projects\NsBase\vendor\laravel\framework\src\Illuminate\Pipeline\Pipeline.php(219): Illuminate\Foundation\Http\Middleware\ConvertEmptyStringsToNull->handle(Object(Illuminate\Http\Request), Object(Closure))
#34 E:\Projects\NsBase\vendor\laravel\framework\src\Illuminate\Foundation\Http\Middleware\TransformsRequest.php(21): Illuminate\Pipeline\Pipeline->Illuminate\Pipeline\{closure}(Object(Illuminate\Http\Request))
#35 E:\Projects\NsBase\vendor\laravel\framework\src\Illuminate\Foundation\Http\Middleware\TrimStrings.php(51): Illuminate\Foundation\Http\Middleware\TransformsRequest->handle(Object(Illuminate\Http\Request), Object(Closure))
#36 E:\Projects\NsBase\vendor\laravel\framework\src\Illuminate\Pipeline\Pipeline.php(219): Illuminate\Foundation\Http\Middleware\TrimStrings->handle(Object(Illuminate\Http\Request), Object(Closure))
#37 E:\Projects\NsBase\vendor\laravel\framework\src\Illuminate\Http\Middleware\ValidatePostSize.php(27): Illuminate\Pipeline\Pipeline->Illuminate\Pipeline\{closure}(Object(Illuminate\Http\Request))
#38 E:\Projects\NsBase\vendor\laravel\framework\src\Illuminate\Pipeline\Pipeline.php(219): Illuminate\Http\Middleware\ValidatePostSize->handle(Object(Illuminate\Http\Request), Object(Closure))
#39 E:\Projects\NsBase\vendor\laravel\framework\src\Illuminate\Foundation\Http\Middleware\PreventRequestsDuringMaintenance.php(109): Illuminate\Pipeline\Pipeline->Illuminate\Pipeline\{closure}(Object(Illuminate\Http\Request))
#40 E:\Projects\NsBase\vendor\laravel\framework\src\Illuminate\Pipeline\Pipeline.php(219): Illuminate\Foundation\Http\Middleware\PreventRequestsDuringMaintenance->handle(Object(Illuminate\Http\Request), Object(Closure))
#41 E:\Projects\NsBase\vendor\laravel\framework\src\Illuminate\Http\Middleware\HandleCors.php(74): Illuminate\Pipeline\Pipeline->Illuminate\Pipeline\{closure}(Object(Illuminate\Http\Request))
#42 E:\Projects\NsBase\vendor\laravel\framework\src\Illuminate\Pipeline\Pipeline.php(219): Illuminate\Http\Middleware\HandleCors->handle(Object(Illuminate\Http\Request), Object(Closure))
#43 E:\Projects\NsBase\vendor\laravel\framework\src\Illuminate\Http\Middleware\TrustProxies.php(58): Illuminate\Pipeline\Pipeline->Illuminate\Pipeline\{closure}(Object(Illuminate\Http\Request))
#44 E:\Projects\NsBase\vendor\laravel\framework\src\Illuminate\Pipeline\Pipeline.php(219): Illuminate\Http\Middleware\TrustProxies->handle(Object(Illuminate\Http\Request), Object(Closure))
#45 E:\Projects\NsBase\vendor\laravel\framework\src\Illuminate\Foundation\Http\Middleware\InvokeDeferredCallbacks.php(22): Illuminate\Pipeline\Pipeline->Illuminate\Pipeline\{closure}(Object(Illuminate\Http\Request))
#46 E:\Projects\NsBase\vendor\laravel\framework\src\Illuminate\Pipeline\Pipeline.php(219): Illuminate\Foundation\Http\Middleware\InvokeDeferredCallbacks->handle(Object(Illuminate\Http\Request), Object(Closure))
#47 E:\Projects\NsBase\vendor\laravel\framework\src\Illuminate\Http\Middleware\ValidatePathEncoding.php(28): Illuminate\Pipeline\Pipeline->Illuminate\Pipeline\{closure}(Object(Illuminate\Http\Request))
#48 E:\Projects\NsBase\vendor\laravel\framework\src\Illuminate\Pipeline\Pipeline.php(219): Illuminate\Http\Middleware\ValidatePathEncoding->handle(Object(Illuminate\Http\Request), Object(Closure))
#49 E:\Projects\NsBase\vendor\laravel\framework\src\Illuminate\Pipeline\Pipeline.php(137): Illuminate\Pipeline\Pipeline->Illuminate\Pipeline\{closure}(Object(Illuminate\Http\Request))
#50 E:\Projects\NsBase\vendor\laravel\framework\src\Illuminate\Foundation\Http\Kernel.php(175): Illuminate\Pipeline\Pipeline->then(Object(Closure))
#51 E:\Projects\NsBase\vendor\laravel\framework\src\Illuminate\Foundation\Http\Kernel.php(144): Illuminate\Foundation\Http\Kernel->sendRequestThroughRouter(Object(Illuminate\Http\Request))
#52 E:\Projects\NsBase\vendor\laravel\framework\src\Illuminate\Foundation\Testing\Concerns\MakesHttpRequests.php(607): Illuminate\Foundation\Http\Kernel->handle(Object(Illuminate\Http\Request))
#53 E:\Projects\NsBase\vendor\laravel\framework\src\Illuminate\Foundation\Testing\Concerns\MakesHttpRequests.php(573): Illuminate\Foundation\Testing\TestCase->call('POST', '/api/media', Array, Array, Array, Array, '{"name":"Test I...')
#54 E:\Projects\NsBase\vendor\laravel\framework\src\Illuminate\Foundation\Testing\Concerns\MakesHttpRequests.php(411): Illuminate\Foundation\Testing\TestCase->json('POST', '/api/media', Array, Array, 0)
#55 E:\Projects\NsBase\tests\Feature\ApiTest.php(424): Illuminate\Foundation\Testing\TestCase->postJson('/api/media', Array)
#56 E:\Projects\NsBase\vendor\phpunit\phpunit\src\Framework\TestCase.php(1314): Tests\Feature\ApiTest->test_admin_can_upload_media()
#57 E:\Projects\NsBase\vendor\phpunit\phpunit\src\Framework\TestCase.php(1351): PHPUnit\Framework\TestCase->invokeTestMethod('test_admin_can_...', Array)
#58 E:\Projects\NsBase\vendor\phpunit\phpunit\src\Framework\TestCase.php(521): PHPUnit\Framework\TestCase->runTest()
#59 E:\Projects\NsBase\vendor\phpunit\phpunit\src\Framework\TestRunner\TestRunner.php(99): PHPUnit\Framework\TestCase->runBare()
#60 E:\Projects\NsBase\vendor\phpunit\phpunit\src\Framework\TestCase.php(361): PHPUnit\Framework\TestRunner->run(Object(Tests\Feature\ApiTest))
#61 E:\Projects\NsBase\vendor\phpunit\phpunit\src\Framework\TestSuite.php(374): PHPUnit\Framework\TestCase->run()
#62 E:\Projects\NsBase\vendor\phpunit\phpunit\src\TextUI\TestRunner.php(64): PHPUnit\Framework\TestSuite->run()
#63 E:\Projects\NsBase\vendor\phpunit\phpunit\src\TextUI\Application.php(229): PHPUnit\TextUI\TestRunner->run(Object(PHPUnit\TextUI\Configuration\Configuration), Object(PHPUnit\Runner\ResultCache\DefaultResultCache), Object(PHPUnit\Framework\TestSuite))
#64 E:\Projects\NsBase\vendor\phpunit\phpunit\phpunit(104): PHPUnit\TextUI\Application->run(Array)
#65 {main}

----------------------------------------------------------------------------------

There is no permission named `media.create` for guard `sanctum`.[39;22m

  at [32mtests\Feature\ApiTest.php[39m:[32m425[39m
    421Ôûò         $file = UploadedFile::fake()->image('test.jpg');
    422Ôûò 
    423Ôûò         $this->actingAs($this->admin, 'sanctum')
    424Ôûò             ->postJson('/api/media', ['file' => $file, 'name' => 'Test Image'])
  Ô×£ 425Ôûò             ->assertCreated()
    426Ôûò             ->assertJsonPath('data.name', 'Test Image');
    427Ôûò     }
    428Ôûò 
    429Ôûò     public function test_admin_can_list_media()

  [31mÔöÇÔöÇÔöÇÔöÇÔöÇÔöÇÔöÇÔöÇÔöÇÔöÇÔöÇÔöÇÔöÇÔöÇÔöÇÔöÇÔöÇÔöÇÔöÇÔöÇÔöÇÔöÇÔöÇÔöÇÔöÇÔöÇÔöÇÔöÇÔöÇÔöÇÔöÇÔöÇÔöÇÔöÇÔöÇÔöÇÔöÇÔöÇÔöÇÔöÇÔöÇÔöÇÔöÇÔöÇÔöÇÔöÇÔöÇÔöÇÔöÇÔöÇÔöÇÔöÇÔöÇÔöÇÔöÇÔöÇÔöÇÔöÇÔöÇÔöÇÔöÇÔöÇÔöÇÔöÇÔöÇÔöÇÔöÇÔöÇÔöÇÔöÇÔöÇÔöÇÔöÇÔöÇÔöÇÔöÇ[39m  
  [41;1m FAILED [49;22m [1mTests\Feature\ApiTest[22m [90m>[39m admin can list media                         
[39;1m  Expected response status code [200] but received 500.
Failed asserting that 500 is identical to 200.

The following exception occurred during the last request:

Spatie\Permission\Exceptions\PermissionDoesNotExist: There is no permission named `media.view` for guard `sanctum`. in E:\Projects\NsBase\vendor\spatie\laravel-permission\src\Exceptions\PermissionDoesNotExist.php:11
Stack trace:
#0 E:\Projects\NsBase\vendor\spatie\laravel-permission\src\Models\Permission.php(103): Spatie\Permission\Exceptions\PermissionDoesNotExist::create('media.view', 'sanctum')
#1 E:\Projects\NsBase\vendor\spatie\laravel-permission\src\Traits\HasPermissions.php(185): Spatie\Permission\Models\Permission::findByName('media.view', 'sanctum')
#2 E:\Projects\NsBase\vendor\spatie\laravel-permission\src\Traits\HasPermissions.php(211): App\Models\User->filterPermission('media.view', NULL)
#3 E:\Projects\NsBase\app\Policies\MediaPolicy.php(12): App\Models\User->hasPermissionTo('media.view')
#4 E:\Projects\NsBase\vendor\laravel\framework\src\Illuminate\Auth\Access\Gate.php(844): App\Policies\MediaPolicy->viewAny(Object(App\Models\User))
#5 E:\Projects\NsBase\vendor\laravel\framework\src\Illuminate\Auth\Access\Gate.php(797): Illuminate\Auth\Access\Gate->callPolicyMethod(Object(App\Policies\MediaPolicy), 'viewAny', Object(App\Models\User), Array)
#6 E:\Projects\NsBase\vendor\laravel\framework\src\Illuminate\Auth\Access\Gate.php(553): Illuminate\Auth\Access\Gate->Illuminate\Auth\Access\{closure}(Object(App\Models\User), 'App\\Models\\Medi...')
#7 E:\Projects\NsBase\vendor\laravel\framework\src\Illuminate\Auth\Access\Gate.php(448): Illuminate\Auth\Access\Gate->callAuthCallback(Object(App\Models\User), 'viewAny', Array)
#8 E:\Projects\NsBase\vendor\laravel\framework\src\Illuminate\Auth\Access\Gate.php(411): Illuminate\Auth\Access\Gate->raw('viewAny', Array)
#9 E:\Projects\NsBase\vendor\laravel\framework\src\Illuminate\Auth\Access\Gate.php(398): Illuminate\Auth\Access\Gate->inspect('viewAny', 'App\\Models\\Medi...')
#10 E:\Projects\NsBase\vendor\laravel\framework\src\Illuminate\Foundation\Auth\Access\AuthorizesRequests.php(25): Illuminate\Auth\Access\Gate->authorize('viewAny', 'App\\Models\\Medi...')
#11 E:\Projects\NsBase\app\Http\Controllers\Api\Admin\MediaController.php(19): App\Http\Controllers\Controller->authorize('viewAny', 'App\\Models\\Medi...')
#12 E:\Projects\NsBase\vendor\laravel\framework\src\Illuminate\Routing\Controller.php(54): App\Http\Controllers\Api\Admin\MediaController->index(Object(Illuminate\Http\Request))
#13 E:\Projects\NsBase\vendor\laravel\framework\src\Illuminate\Routing\ControllerDispatcher.php(43): Illuminate\Routing\Controller->callAction('index', Array)
#14 E:\Projects\NsBase\vendor\laravel\framework\src\Illuminate\Routing\Route.php(269): Illuminate\Routing\ControllerDispatcher->dispatch(Object(Illuminate\Routing\Route), Object(App\Http\Controllers\Api\Admin\MediaController), 'index')
#15 E:\Projects\NsBase\vendor\laravel\framework\src\Illuminate\Routing\Route.php(215): Illuminate\Routing\Route->runController()
#16 E:\Projects\NsBase\vendor\laravel\framework\src\Illuminate\Routing\Router.php(822): Illuminate\Routing\Route->run()
#17 E:\Projects\NsBase\vendor\laravel\framework\src\Illuminate\Pipeline\Pipeline.php(180): Illuminate\Routing\Router->Illuminate\Routing\{closure}(Object(Illuminate\Http\Request))
#18 E:\Projects\NsBase\app\Http\Middleware\ForceJsonResponse.php(15): Illuminate\Pipeline\Pipeline->Illuminate\Pipeline\{closure}(Object(Illuminate\Http\Request))
#19 E:\Projects\NsBase\vendor\laravel\framework\src\Illuminate\Pipeline\Pipeline.php(219): App\Http\Middleware\ForceJsonResponse->handle(Object(Illuminate\Http\Request), Object(Closure))
#20 E:\Projects\NsBase\vendor\laravel\framework\src\Illuminate\Routing\Middleware\SubstituteBindings.php(52): Illuminate\Pipeline\Pipeline->Illuminate\Pipeline\{closure}(Object(Illuminate\Http\Request))
#21 E:\Projects\NsBase\vendor\laravel\framework\src\Illuminate\Pipeline\Pipeline.php(219): Illuminate\Routing\Middleware\SubstituteBindings->handle(Object(Illuminate\Http\Request), Object(Closure))
#22 E:\Projects\NsBase\vendor\laravel\framework\src\Illuminate\Auth\Middleware\Authenticate.php(63): Illuminate\Pipeline\Pipeline->Illuminate\Pipeline\{closure}(Object(Illuminate\Http\Request))
#23 E:\Projects\NsBase\vendor\laravel\framework\src\Illuminate\Pipeline\Pipeline.php(219): Illuminate\Auth\Middleware\Authenticate->handle(Object(Illuminate\Http\Request), Object(Closure), 'sanctum')
#24 E:\Projects\NsBase\vendor\laravel\framework\src\Illuminate\Pipeline\Pipeline.php(137): Illuminate\Pipeline\Pipeline->Illuminate\Pipeline\{closure}(Object(Illuminate\Http\Request))
#25 E:\Projects\NsBase\vendor\laravel\framework\src\Illuminate\Routing\Router.php(821): Illuminate\Pipeline\Pipeline->then(Object(Closure))
#26 E:\Projects\NsBase\vendor\laravel\framework\src\Illuminate\Routing\Router.php(800): Illuminate\Routing\Router->runRouteWithinStack(Object(Illuminate\Routing\Route), Object(Illuminate\Http\Request))
#27 E:\Projects\NsBase\vendor\laravel\framework\src\Illuminate\Routing\Router.php(764): Illuminate\Routing\Router->runRoute(Object(Illuminate\Http\Request), Object(Illuminate\Routing\Route))
#28 E:\Projects\NsBase\vendor\laravel\framework\src\Illuminate\Routing\Router.php(753): Illuminate\Routing\Router->dispatchToRoute(Object(Illuminate\Http\Request))
#29 E:\Projects\NsBase\vendor\laravel\framework\src\Illuminate\Foundation\Http\Kernel.php(200): Illuminate\Routing\Router->dispatch(Object(Illuminate\Http\Request))
#30 E:\Projects\NsBase\vendor\laravel\framework\src\Illuminate\Pipeline\Pipeline.php(180): Illuminate\Foundation\Http\Kernel->Illuminate\Foundation\Http\{closure}(Object(Illuminate\Http\Request))
#31 E:\Projects\NsBase\vendor\laravel\framework\src\Illuminate\Foundation\Http\Middleware\TransformsRequest.php(21): Illuminate\Pipeline\Pipeline->Illuminate\Pipeline\{closure}(Object(Illuminate\Http\Request))
#32 E:\Projects\NsBase\vendor\laravel\framework\src\Illuminate\Foundation\Http\Middleware\ConvertEmptyStringsToNull.php(31): Illuminate\Foundation\Http\Middleware\TransformsRequest->handle(Object(Illuminate\Http\Request), Object(Closure))
#33 E:\Projects\NsBase\vendor\laravel\framework\src\Illuminate\Pipeline\Pipeline.php(219): Illuminate\Foundation\Http\Middleware\ConvertEmptyStringsToNull->handle(Object(Illuminate\Http\Request), Object(Closure))
#34 E:\Projects\NsBase\vendor\laravel\framework\src\Illuminate\Foundation\Http\Middleware\TransformsRequest.php(21): Illuminate\Pipeline\Pipeline->Illuminate\Pipeline\{closure}(Object(Illuminate\Http\Request))
#35 E:\Projects\NsBase\vendor\laravel\framework\src\Illuminate\Foundation\Http\Middleware\TrimStrings.php(51): Illuminate\Foundation\Http\Middleware\TransformsRequest->handle(Object(Illuminate\Http\Request), Object(Closure))
#36 E:\Projects\NsBase\vendor\laravel\framework\src\Illuminate\Pipeline\Pipeline.php(219): Illuminate\Foundation\Http\Middleware\TrimStrings->handle(Object(Illuminate\Http\Request), Object(Closure))
#37 E:\Projects\NsBase\vendor\laravel\framework\src\Illuminate\Http\Middleware\ValidatePostSize.php(27): Illuminate\Pipeline\Pipeline->Illuminate\Pipeline\{closure}(Object(Illuminate\Http\Request))
#38 E:\Projects\NsBase\vendor\laravel\framework\src\Illuminate\Pipeline\Pipeline.php(219): Illuminate\Http\Middleware\ValidatePostSize->handle(Object(Illuminate\Http\Request), Object(Closure))
#39 E:\Projects\NsBase\vendor\laravel\framework\src\Illuminate\Foundation\Http\Middleware\PreventRequestsDuringMaintenance.php(109): Illuminate\Pipeline\Pipeline->Illuminate\Pipeline\{closure}(Object(Illuminate\Http\Request))
#40 E:\Projects\NsBase\vendor\laravel\framework\src\Illuminate\Pipeline\Pipeline.php(219): Illuminate\Foundation\Http\Middleware\PreventRequestsDuringMaintenance->handle(Object(Illuminate\Http\Request), Object(Closure))
#41 E:\Projects\NsBase\vendor\laravel\framework\src\Illuminate\Http\Middleware\HandleCors.php(74): Illuminate\Pipeline\Pipeline->Illuminate\Pipeline\{closure}(Object(Illuminate\Http\Request))
#42 E:\Projects\NsBase\vendor\laravel\framework\src\Illuminate\Pipeline\Pipeline.php(219): Illuminate\Http\Middleware\HandleCors->handle(Object(Illuminate\Http\Request), Object(Closure))
#43 E:\Projects\NsBase\vendor\laravel\framework\src\Illuminate\Http\Middleware\TrustProxies.php(58): Illuminate\Pipeline\Pipeline->Illuminate\Pipeline\{closure}(Object(Illuminate\Http\Request))
#44 E:\Projects\NsBase\vendor\laravel\framework\src\Illuminate\Pipeline\Pipeline.php(219): Illuminate\Http\Middleware\TrustProxies->handle(Object(Illuminate\Http\Request), Object(Closure))
#45 E:\Projects\NsBase\vendor\laravel\framework\src\Illuminate\Foundation\Http\Middleware\InvokeDeferredCallbacks.php(22): Illuminate\Pipeline\Pipeline->Illuminate\Pipeline\{closure}(Object(Illuminate\Http\Request))
#46 E:\Projects\NsBase\vendor\laravel\framework\src\Illuminate\Pipeline\Pipeline.php(219): Illuminate\Foundation\Http\Middleware\InvokeDeferredCallbacks->handle(Object(Illuminate\Http\Request), Object(Closure))
#47 E:\Projects\NsBase\vendor\laravel\framework\src\Illuminate\Http\Middleware\ValidatePathEncoding.php(28): Illuminate\Pipeline\Pipeline->Illuminate\Pipeline\{closure}(Object(Illuminate\Http\Request))
#48 E:\Projects\NsBase\vendor\laravel\framework\src\Illuminate\Pipeline\Pipeline.php(219): Illuminate\Http\Middleware\ValidatePathEncoding->handle(Object(Illuminate\Http\Request), Object(Closure))
#49 E:\Projects\NsBase\vendor\laravel\framework\src\Illuminate\Pipeline\Pipeline.php(137): Illuminate\Pipeline\Pipeline->Illuminate\Pipeline\{closure}(Object(Illuminate\Http\Request))
#50 E:\Projects\NsBase\vendor\laravel\framework\src\Illuminate\Foundation\Http\Kernel.php(175): Illuminate\Pipeline\Pipeline->then(Object(Closure))
#51 E:\Projects\NsBase\vendor\laravel\framework\src\Illuminate\Foundation\Http\Kernel.php(144): Illuminate\Foundation\Http\Kernel->sendRequestThroughRouter(Object(Illuminate\Http\Request))
#52 E:\Projects\NsBase\vendor\laravel\framework\src\Illuminate\Foundation\Testing\Concerns\MakesHttpRequests.php(607): Illuminate\Foundation\Http\Kernel->handle(Object(Illuminate\Http\Request))
#53 E:\Projects\NsBase\vendor\laravel\framework\src\Illuminate\Foundation\Testing\Concerns\MakesHttpRequests.php(573): Illuminate\Foundation\Testing\TestCase->call('GET', '/api/media', Array, Array, Array, Array, '[]')
#54 E:\Projects\NsBase\vendor\laravel\framework\src\Illuminate\Foundation\Testing\Concerns\MakesHttpRequests.php(381): Illuminate\Foundation\Testing\TestCase->json('GET', '/api/media', Array, Array, 0)
#55 E:\Projects\NsBase\tests\Feature\ApiTest.php(432): Illuminate\Foundation\Testing\TestCase->getJson('/api/media')
#56 E:\Projects\NsBase\vendor\phpunit\phpunit\src\Framework\TestCase.php(1314): Tests\Feature\ApiTest->test_admin_can_list_media()
#57 E:\Projects\NsBase\vendor\phpunit\phpunit\src\Framework\TestCase.php(1351): PHPUnit\Framework\TestCase->invokeTestMethod('test_admin_can_...', Array)
#58 E:\Projects\NsBase\vendor\phpunit\phpunit\src\Framework\TestCase.php(521): PHPUnit\Framework\TestCase->runTest()
#59 E:\Projects\NsBase\vendor\phpunit\phpunit\src\Framework\TestRunner\TestRunner.php(99): PHPUnit\Framework\TestCase->runBare()
#60 E:\Projects\NsBase\vendor\phpunit\phpunit\src\Framework\TestCase.php(361): PHPUnit\Framework\TestRunner->run(Object(Tests\Feature\ApiTest))
#61 E:\Projects\NsBase\vendor\phpunit\phpunit\src\Framework\TestSuite.php(374): PHPUnit\Framework\TestCase->run()
#62 E:\Projects\NsBase\vendor\phpunit\phpunit\src\TextUI\TestRunner.php(64): PHPUnit\Framework\TestSuite->run()
#63 E:\Projects\NsBase\vendor\phpunit\phpunit\src\TextUI\Application.php(229): PHPUnit\TextUI\TestRunner->run(Object(PHPUnit\TextUI\Configuration\Configuration), Object(PHPUnit\Runner\ResultCache\DefaultResultCache), Object(PHPUnit\Framework\TestSuite))
#64 E:\Projects\NsBase\vendor\phpunit\phpunit\phpunit(104): PHPUnit\TextUI\Application->run(Array)
#65 {main}

----------------------------------------------------------------------------------

There is no permission named `media.view` for guard `sanctum`.[39;22m

  at [32mtests\Feature\ApiTest.php[39m:[32m433[39m
    429Ôûò     public function test_admin_can_list_media()
    430Ôûò     {
    431Ôûò         $this->actingAs($this->admin, 'sanctum')
    432Ôûò             ->getJson('/api/media')
  Ô×£ 433Ôûò             ->assertOk();
    434Ôûò     }
    435Ôûò 
    436Ôûò     public function test_admin_can_update_media_metadata()
    437Ôûò     {

  [31mÔöÇÔöÇÔöÇÔöÇÔöÇÔöÇÔöÇÔöÇÔöÇÔöÇÔöÇÔöÇÔöÇÔöÇÔöÇÔöÇÔöÇÔöÇÔöÇÔöÇÔöÇÔöÇÔöÇÔöÇÔöÇÔöÇÔöÇÔöÇÔöÇÔöÇÔöÇÔöÇÔöÇÔöÇÔöÇÔöÇÔöÇÔöÇÔöÇÔöÇÔöÇÔöÇÔöÇÔöÇÔöÇÔöÇÔöÇÔöÇÔöÇÔöÇÔöÇÔöÇÔöÇÔöÇÔöÇÔöÇÔöÇÔöÇÔöÇÔöÇÔöÇÔöÇÔöÇÔöÇÔöÇÔöÇÔöÇÔöÇÔöÇÔöÇÔöÇÔöÇÔöÇÔöÇÔöÇÔöÇ[39m  
  [41;1m FAILED [49;22m [1mTests\Feature\ApiTest[22m [90m>[39m admin can update media metadata              
[39;1m  Expected response status code [200] but received 405.
Failed asserting that 405 is identical to 200.

The following exception occurred during the last request:

Spatie\Permission\Exceptions\PermissionDoesNotExist: There is no permission named `media.create` for guard `sanctum`. in E:\Projects\NsBase\vendor\spatie\laravel-permission\src\Exceptions\PermissionDoesNotExist.php:11
Stack trace:
#0 E:\Projects\NsBase\vendor\spatie\laravel-permission\src\Models\Permission.php(103): Spatie\Permission\Exceptions\PermissionDoesNotExist::create('media.create', 'sanctum')
#1 E:\Projects\NsBase\vendor\spatie\laravel-permission\src\Traits\HasPermissions.php(185): Spatie\Permission\Models\Permission::findByName('media.create', 'sanctum')
#2 E:\Projects\NsBase\vendor\spatie\laravel-permission\src\Traits\HasPermissions.php(211): App\Models\User->filterPermission('media.create', NULL)
#3 E:\Projects\NsBase\app\Policies\MediaPolicy.php(22): App\Models\User->hasPermissionTo('media.create')
#4 E:\Projects\NsBase\vendor\laravel\framework\src\Illuminate\Auth\Access\Gate.php(844): App\Policies\MediaPolicy->create(Object(App\Models\User))
#5 E:\Projects\NsBase\vendor\laravel\framework\src\Illuminate\Auth\Access\Gate.php(797): Illuminate\Auth\Access\Gate->callPolicyMethod(Object(App\Policies\MediaPolicy), 'create', Object(App\Models\User), Array)
#6 E:\Projects\NsBase\vendor\laravel\framework\src\Illuminate\Auth\Access\Gate.php(553): Illuminate\Auth\Access\Gate->Illuminate\Auth\Access\{closure}(Object(App\Models\User), 'App\\Models\\Medi...')
#7 E:\Projects\NsBase\vendor\laravel\framework\src\Illuminate\Auth\Access\Gate.php(448): Illuminate\Auth\Access\Gate->callAuthCallback(Object(App\Models\User), 'create', Array)
#8 E:\Projects\NsBase\vendor\laravel\framework\src\Illuminate\Auth\Access\Gate.php(411): Illuminate\Auth\Access\Gate->raw('create', Array)
#9 E:\Projects\NsBase\vendor\laravel\framework\src\Illuminate\Auth\Access\Gate.php(398): Illuminate\Auth\Access\Gate->inspect('create', 'App\\Models\\Medi...')
#10 E:\Projects\NsBase\vendor\laravel\framework\src\Illuminate\Foundation\Auth\Access\AuthorizesRequests.php(25): Illuminate\Auth\Access\Gate->authorize('create', 'App\\Models\\Medi...')
#11 E:\Projects\NsBase\app\Http\Controllers\Api\Admin\MediaController.php(37): App\Http\Controllers\Controller->authorize('create', 'App\\Models\\Medi...')
#12 E:\Projects\NsBase\vendor\laravel\framework\src\Illuminate\Routing\Controller.php(54): App\Http\Controllers\Api\Admin\MediaController->store(Object(App\Http\Requests\Admin\StoreMediaRequest))
#13 E:\Projects\NsBase\vendor\laravel\framework\src\Illuminate\Routing\ControllerDispatcher.php(43): Illuminate\Routing\Controller->callAction('store', Array)
#14 E:\Projects\NsBase\vendor\laravel\framework\src\Illuminate\Routing\Route.php(269): Illuminate\Routing\ControllerDispatcher->dispatch(Object(Illuminate\Routing\Route), Object(App\Http\Controllers\Api\Admin\MediaController), 'store')
#15 E:\Projects\NsBase\vendor\laravel\framework\src\Illuminate\Routing\Route.php(215): Illuminate\Routing\Route->runController()
#16 E:\Projects\NsBase\vendor\laravel\framework\src\Illuminate\Routing\Router.php(822): Illuminate\Routing\Route->run()
#17 E:\Projects\NsBase\vendor\laravel\framework\src\Illuminate\Pipeline\Pipeline.php(180): Illuminate\Routing\Router->Illuminate\Routing\{closure}(Object(Illuminate\Http\Request))
#18 E:\Projects\NsBase\app\Http\Middleware\ForceJsonResponse.php(15): Illuminate\Pipeline\Pipeline->Illuminate\Pipeline\{closure}(Object(Illuminate\Http\Request))
#19 E:\Projects\NsBase\vendor\laravel\framework\src\Illuminate\Pipeline\Pipeline.php(219): App\Http\Middleware\ForceJsonResponse->handle(Object(Illuminate\Http\Request), Object(Closure))
#20 E:\Projects\NsBase\vendor\laravel\framework\src\Illuminate\Routing\Middleware\SubstituteBindings.php(52): Illuminate\Pipeline\Pipeline->Illuminate\Pipeline\{closure}(Object(Illuminate\Http\Request))
#21 E:\Projects\NsBase\vendor\laravel\framework\src\Illuminate\Pipeline\Pipeline.php(219): Illuminate\Routing\Middleware\SubstituteBindings->handle(Object(Illuminate\Http\Request), Object(Closure))
#22 E:\Projects\NsBase\vendor\laravel\framework\src\Illuminate\Auth\Middleware\Authenticate.php(63): Illuminate\Pipeline\Pipeline->Illuminate\Pipeline\{closure}(Object(Illuminate\Http\Request))
#23 E:\Projects\NsBase\vendor\laravel\framework\src\Illuminate\Pipeline\Pipeline.php(219): Illuminate\Auth\Middleware\Authenticate->handle(Object(Illuminate\Http\Request), Object(Closure), 'sanctum')
#24 E:\Projects\NsBase\vendor\laravel\framework\src\Illuminate\Pipeline\Pipeline.php(137): Illuminate\Pipeline\Pipeline->Illuminate\Pipeline\{closure}(Object(Illuminate\Http\Request))
#25 E:\Projects\NsBase\vendor\laravel\framework\src\Illuminate\Routing\Router.php(821): Illuminate\Pipeline\Pipeline->then(Object(Closure))
#26 E:\Projects\NsBase\vendor\laravel\framework\src\Illuminate\Routing\Router.php(800): Illuminate\Routing\Router->runRouteWithinStack(Object(Illuminate\Routing\Route), Object(Illuminate\Http\Request))
#27 E:\Projects\NsBase\vendor\laravel\framework\src\Illuminate\Routing\Router.php(764): Illuminate\Routing\Router->runRoute(Object(Illuminate\Http\Request), Object(Illuminate\Routing\Route))
#28 E:\Projects\NsBase\vendor\laravel\framework\src\Illuminate\Routing\Router.php(753): Illuminate\Routing\Router->dispatchToRoute(Object(Illuminate\Http\Request))
#29 E:\Projects\NsBase\vendor\laravel\framework\src\Illuminate\Foundation\Http\Kernel.php(200): Illuminate\Routing\Router->dispatch(Object(Illuminate\Http\Request))
#30 E:\Projects\NsBase\vendor\laravel\framework\src\Illuminate\Pipeline\Pipeline.php(180): Illuminate\Foundation\Http\Kernel->Illuminate\Foundation\Http\{closure}(Object(Illuminate\Http\Request))
#31 E:\Projects\NsBase\vendor\laravel\framework\src\Illuminate\Foundation\Http\Middleware\TransformsRequest.php(21): Illuminate\Pipeline\Pipeline->Illuminate\Pipeline\{closure}(Object(Illuminate\Http\Request))
#32 E:\Projects\NsBase\vendor\laravel\framework\src\Illuminate\Foundation\Http\Middleware\ConvertEmptyStringsToNull.php(31): Illuminate\Foundation\Http\Middleware\TransformsRequest->handle(Object(Illuminate\Http\Request), Object(Closure))
#33 E:\Projects\NsBase\vendor\laravel\framework\src\Illuminate\Pipeline\Pipeline.php(219): Illuminate\Foundation\Http\Middleware\ConvertEmptyStringsToNull->handle(Object(Illuminate\Http\Request), Object(Closure))
#34 E:\Projects\NsBase\vendor\laravel\framework\src\Illuminate\Foundation\Http\Middleware\TransformsRequest.php(21): Illuminate\Pipeline\Pipeline->Illuminate\Pipeline\{closure}(Object(Illuminate\Http\Request))
#35 E:\Projects\NsBase\vendor\laravel\framework\src\Illuminate\Foundation\Http\Middleware\TrimStrings.php(51): Illuminate\Foundation\Http\Middleware\TransformsRequest->handle(Object(Illuminate\Http\Request), Object(Closure))
#36 E:\Projects\NsBase\vendor\laravel\framework\src\Illuminate\Pipeline\Pipeline.php(219): Illuminate\Foundation\Http\Middleware\TrimStrings->handle(Object(Illuminate\Http\Request), Object(Closure))
#37 E:\Projects\NsBase\vendor\laravel\framework\src\Illuminate\Http\Middleware\ValidatePostSize.php(27): Illuminate\Pipeline\Pipeline->Illuminate\Pipeline\{closure}(Object(Illuminate\Http\Request))
#38 E:\Projects\NsBase\vendor\laravel\framework\src\Illuminate\Pipeline\Pipeline.php(219): Illuminate\Http\Middleware\ValidatePostSize->handle(Object(Illuminate\Http\Request), Object(Closure))
#39 E:\Projects\NsBase\vendor\laravel\framework\src\Illuminate\Foundation\Http\Middleware\PreventRequestsDuringMaintenance.php(109): Illuminate\Pipeline\Pipeline->Illuminate\Pipeline\{closure}(Object(Illuminate\Http\Request))
#40 E:\Projects\NsBase\vendor\laravel\framework\src\Illuminate\Pipeline\Pipeline.php(219): Illuminate\Foundation\Http\Middleware\PreventRequestsDuringMaintenance->handle(Object(Illuminate\Http\Request), Object(Closure))
#41 E:\Projects\NsBase\vendor\laravel\framework\src\Illuminate\Http\Middleware\HandleCors.php(74): Illuminate\Pipeline\Pipeline->Illuminate\Pipeline\{closure}(Object(Illuminate\Http\Request))
#42 E:\Projects\NsBase\vendor\laravel\framework\src\Illuminate\Pipeline\Pipeline.php(219): Illuminate\Http\Middleware\HandleCors->handle(Object(Illuminate\Http\Request), Object(Closure))
#43 E:\Projects\NsBase\vendor\laravel\framework\src\Illuminate\Http\Middleware\TrustProxies.php(58): Illuminate\Pipeline\Pipeline->Illuminate\Pipeline\{closure}(Object(Illuminate\Http\Request))
#44 E:\Projects\NsBase\vendor\laravel\framework\src\Illuminate\Pipeline\Pipeline.php(219): Illuminate\Http\Middleware\TrustProxies->handle(Object(Illuminate\Http\Request), Object(Closure))
#45 E:\Projects\NsBase\vendor\laravel\framework\src\Illuminate\Foundation\Http\Middleware\InvokeDeferredCallbacks.php(22): Illuminate\Pipeline\Pipeline->Illuminate\Pipeline\{closure}(Object(Illuminate\Http\Request))
#46 E:\Projects\NsBase\vendor\laravel\framework\src\Illuminate\Pipeline\Pipeline.php(219): Illuminate\Foundation\Http\Middleware\InvokeDeferredCallbacks->handle(Object(Illuminate\Http\Request), Object(Closure))
#47 E:\Projects\NsBase\vendor\laravel\framework\src\Illuminate\Http\Middleware\ValidatePathEncoding.php(28): Illuminate\Pipeline\Pipeline->Illuminate\Pipeline\{closure}(Object(Illuminate\Http\Request))
#48 E:\Projects\NsBase\vendor\laravel\framework\src\Illuminate\Pipeline\Pipeline.php(219): Illuminate\Http\Middleware\ValidatePathEncoding->handle(Object(Illuminate\Http\Request), Object(Closure))
#49 E:\Projects\NsBase\vendor\laravel\framework\src\Illuminate\Pipeline\Pipeline.php(137): Illuminate\Pipeline\Pipeline->Illuminate\Pipeline\{closure}(Object(Illuminate\Http\Request))
#50 E:\Projects\NsBase\vendor\laravel\framework\src\Illuminate\Foundation\Http\Kernel.php(175): Illuminate\Pipeline\Pipeline->then(Object(Closure))
#51 E:\Projects\NsBase\vendor\laravel\framework\src\Illuminate\Foundation\Http\Kernel.php(144): Illuminate\Foundation\Http\Kernel->sendRequestThroughRouter(Object(Illuminate\Http\Request))
#52 E:\Projects\NsBase\vendor\laravel\framework\src\Illuminate\Foundation\Testing\Concerns\MakesHttpRequests.php(607): Illuminate\Foundation\Http\Kernel->handle(Object(Illuminate\Http\Request))
#53 E:\Projects\NsBase\vendor\laravel\framework\src\Illuminate\Foundation\Testing\Concerns\MakesHttpRequests.php(573): Illuminate\Foundation\Testing\TestCase->call('POST', '/api/media', Array, Array, Array, Array, '{"name":"Origin...')
#54 E:\Projects\NsBase\vendor\laravel\framework\src\Illuminate\Foundation\Testing\Concerns\MakesHttpRequests.php(411): Illuminate\Foundation\Testing\TestCase->json('POST', '/api/media', Array, Array, 0)
#55 E:\Projects\NsBase\tests\Feature\ApiTest.php(442): Illuminate\Foundation\Testing\TestCase->postJson('/api/media', Array)
#56 E:\Projects\NsBase\vendor\phpunit\phpunit\src\Framework\TestCase.php(1314): Tests\Feature\ApiTest->test_admin_can_update_media_metadata()
#57 E:\Projects\NsBase\vendor\phpunit\phpunit\src\Framework\TestCase.php(1351): PHPUnit\Framework\TestCase->invokeTestMethod('test_admin_can_...', Array)
#58 E:\Projects\NsBase\vendor\phpunit\phpunit\src\Framework\TestCase.php(521): PHPUnit\Framework\TestCase->runTest()
#59 E:\Projects\NsBase\vendor\phpunit\phpunit\src\Framework\TestRunner\TestRunner.php(99): PHPUnit\Framework\TestCase->runBare()
#60 E:\Projects\NsBase\vendor\phpunit\phpunit\src\Framework\TestCase.php(361): PHPUnit\Framework\TestRunner->run(Object(Tests\Feature\ApiTest))
#61 E:\Projects\NsBase\vendor\phpunit\phpunit\src\Framework\TestSuite.php(374): PHPUnit\Framework\TestCase->run()
#62 E:\Projects\NsBase\vendor\phpunit\phpunit\src\TextUI\TestRunner.php(64): PHPUnit\Framework\TestSuite->run()
#63 E:\Projects\NsBase\vendor\phpunit\phpunit\src\TextUI\Application.php(229): PHPUnit\TextUI\TestRunner->run(Object(PHPUnit\TextUI\Configuration\Configuration), Object(PHPUnit\Runner\ResultCache\DefaultResultCache), Object(PHPUnit\Framework\TestSuite))
#64 E:\Projects\NsBase\vendor\phpunit\phpunit\phpunit(104): PHPUnit\TextUI\Application->run(Array)
#65 {main}

----------------------------------------------------------------------------------

There is no permission named `media.create` for guard `sanctum`.[39;22m

  at [32mtests\Feature\ApiTest.php[39m:[32m447[39m
    443Ôûò         $mediaId = $response->json('data.id');
    444Ôûò 
    445Ôûò         $this->actingAs($this->admin, 'sanctum')
    446Ôûò             ->putJson("/api/media/{$mediaId}", ['alt_text' => 'New alt'])
  Ô×£ 447Ôûò             ->assertOk()
    448Ôûò             ->assertJsonPath('data.alt_text', 'New alt');
    449Ôûò     }
    450Ôûò 
    451Ôûò     public function test_admin_can_delete_media()

  [31mÔöÇÔöÇÔöÇÔöÇÔöÇÔöÇÔöÇÔöÇÔöÇÔöÇÔöÇÔöÇÔöÇÔöÇÔöÇÔöÇÔöÇÔöÇÔöÇÔöÇÔöÇÔöÇÔöÇÔöÇÔöÇÔöÇÔöÇÔöÇÔöÇÔöÇÔöÇÔöÇÔöÇÔöÇÔöÇÔöÇÔöÇÔöÇÔöÇÔöÇÔöÇÔöÇÔöÇÔöÇÔöÇÔöÇÔöÇÔöÇÔöÇÔöÇÔöÇÔöÇÔöÇÔöÇÔöÇÔöÇÔöÇÔöÇÔöÇÔöÇÔöÇÔöÇÔöÇÔöÇÔöÇÔöÇÔöÇÔöÇÔöÇÔöÇÔöÇÔöÇÔöÇÔöÇÔöÇÔöÇ[39m  
  [41;1m FAILED [49;22m [1mTests\Feature\ApiTest[22m [90m>[39m admin can delete media                       
[39;1m  Expected response status code [200] but received 405.
Failed asserting that 405 is identical to 200.

The following exception occurred during the last request:

Spatie\Permission\Exceptions\PermissionDoesNotExist: There is no permission named `media.create` for guard `sanctum`. in E:\Projects\NsBase\vendor\spatie\laravel-permission\src\Exceptions\PermissionDoesNotExist.php:11
Stack trace:
#0 E:\Projects\NsBase\vendor\spatie\laravel-permission\src\Models\Permission.php(103): Spatie\Permission\Exceptions\PermissionDoesNotExist::create('media.create', 'sanctum')
#1 E:\Projects\NsBase\vendor\spatie\laravel-permission\src\Traits\HasPermissions.php(185): Spatie\Permission\Models\Permission::findByName('media.create', 'sanctum')
#2 E:\Projects\NsBase\vendor\spatie\laravel-permission\src\Traits\HasPermissions.php(211): App\Models\User->filterPermission('media.create', NULL)
#3 E:\Projects\NsBase\app\Policies\MediaPolicy.php(22): App\Models\User->hasPermissionTo('media.create')
#4 E:\Projects\NsBase\vendor\laravel\framework\src\Illuminate\Auth\Access\Gate.php(844): App\Policies\MediaPolicy->create(Object(App\Models\User))
#5 E:\Projects\NsBase\vendor\laravel\framework\src\Illuminate\Auth\Access\Gate.php(797): Illuminate\Auth\Access\Gate->callPolicyMethod(Object(App\Policies\MediaPolicy), 'create', Object(App\Models\User), Array)
#6 E:\Projects\NsBase\vendor\laravel\framework\src\Illuminate\Auth\Access\Gate.php(553): Illuminate\Auth\Access\Gate->Illuminate\Auth\Access\{closure}(Object(App\Models\User), 'App\\Models\\Medi...')
#7 E:\Projects\NsBase\vendor\laravel\framework\src\Illuminate\Auth\Access\Gate.php(448): Illuminate\Auth\Access\Gate->callAuthCallback(Object(App\Models\User), 'create', Array)
#8 E:\Projects\NsBase\vendor\laravel\framework\src\Illuminate\Auth\Access\Gate.php(411): Illuminate\Auth\Access\Gate->raw('create', Array)
#9 E:\Projects\NsBase\vendor\laravel\framework\src\Illuminate\Auth\Access\Gate.php(398): Illuminate\Auth\Access\Gate->inspect('create', 'App\\Models\\Medi...')
#10 E:\Projects\NsBase\vendor\laravel\framework\src\Illuminate\Foundation\Auth\Access\AuthorizesRequests.php(25): Illuminate\Auth\Access\Gate->authorize('create', 'App\\Models\\Medi...')
#11 E:\Projects\NsBase\app\Http\Controllers\Api\Admin\MediaController.php(37): App\Http\Controllers\Controller->authorize('create', 'App\\Models\\Medi...')
#12 E:\Projects\NsBase\vendor\laravel\framework\src\Illuminate\Routing\Controller.php(54): App\Http\Controllers\Api\Admin\MediaController->store(Object(App\Http\Requests\Admin\StoreMediaRequest))
#13 E:\Projects\NsBase\vendor\laravel\framework\src\Illuminate\Routing\ControllerDispatcher.php(43): Illuminate\Routing\Controller->callAction('store', Array)
#14 E:\Projects\NsBase\vendor\laravel\framework\src\Illuminate\Routing\Route.php(269): Illuminate\Routing\ControllerDispatcher->dispatch(Object(Illuminate\Routing\Route), Object(App\Http\Controllers\Api\Admin\MediaController), 'store')
#15 E:\Projects\NsBase\vendor\laravel\framework\src\Illuminate\Routing\Route.php(215): Illuminate\Routing\Route->runController()
#16 E:\Projects\NsBase\vendor\laravel\framework\src\Illuminate\Routing\Router.php(822): Illuminate\Routing\Route->run()
#17 E:\Projects\NsBase\vendor\laravel\framework\src\Illuminate\Pipeline\Pipeline.php(180): Illuminate\Routing\Router->Illuminate\Routing\{closure}(Object(Illuminate\Http\Request))
#18 E:\Projects\NsBase\app\Http\Middleware\ForceJsonResponse.php(15): Illuminate\Pipeline\Pipeline->Illuminate\Pipeline\{closure}(Object(Illuminate\Http\Request))
#19 E:\Projects\NsBase\vendor\laravel\framework\src\Illuminate\Pipeline\Pipeline.php(219): App\Http\Middleware\ForceJsonResponse->handle(Object(Illuminate\Http\Request), Object(Closure))
#20 E:\Projects\NsBase\vendor\laravel\framework\src\Illuminate\Routing\Middleware\SubstituteBindings.php(52): Illuminate\Pipeline\Pipeline->Illuminate\Pipeline\{closure}(Object(Illuminate\Http\Request))
#21 E:\Projects\NsBase\vendor\laravel\framework\src\Illuminate\Pipeline\Pipeline.php(219): Illuminate\Routing\Middleware\SubstituteBindings->handle(Object(Illuminate\Http\Request), Object(Closure))
#22 E:\Projects\NsBase\vendor\laravel\framework\src\Illuminate\Auth\Middleware\Authenticate.php(63): Illuminate\Pipeline\Pipeline->Illuminate\Pipeline\{closure}(Object(Illuminate\Http\Request))
#23 E:\Projects\NsBase\vendor\laravel\framework\src\Illuminate\Pipeline\Pipeline.php(219): Illuminate\Auth\Middleware\Authenticate->handle(Object(Illuminate\Http\Request), Object(Closure), 'sanctum')
#24 E:\Projects\NsBase\vendor\laravel\framework\src\Illuminate\Pipeline\Pipeline.php(137): Illuminate\Pipeline\Pipeline->Illuminate\Pipeline\{closure}(Object(Illuminate\Http\Request))
#25 E:\Projects\NsBase\vendor\laravel\framework\src\Illuminate\Routing\Router.php(821): Illuminate\Pipeline\Pipeline->then(Object(Closure))
#26 E:\Projects\NsBase\vendor\laravel\framework\src\Illuminate\Routing\Router.php(800): Illuminate\Routing\Router->runRouteWithinStack(Object(Illuminate\Routing\Route), Object(Illuminate\Http\Request))
#27 E:\Projects\NsBase\vendor\laravel\framework\src\Illuminate\Routing\Router.php(764): Illuminate\Routing\Router->runRoute(Object(Illuminate\Http\Request), Object(Illuminate\Routing\Route))
#28 E:\Projects\NsBase\vendor\laravel\framework\src\Illuminate\Routing\Router.php(753): Illuminate\Routing\Router->dispatchToRoute(Object(Illuminate\Http\Request))
#29 E:\Projects\NsBase\vendor\laravel\framework\src\Illuminate\Foundation\Http\Kernel.php(200): Illuminate\Routing\Router->dispatch(Object(Illuminate\Http\Request))
#30 E:\Projects\NsBase\vendor\laravel\framework\src\Illuminate\Pipeline\Pipeline.php(180): Illuminate\Foundation\Http\Kernel->Illuminate\Foundation\Http\{closure}(Object(Illuminate\Http\Request))
#31 E:\Projects\NsBase\vendor\laravel\framework\src\Illuminate\Foundation\Http\Middleware\TransformsRequest.php(21): Illuminate\Pipeline\Pipeline->Illuminate\Pipeline\{closure}(Object(Illuminate\Http\Request))
#32 E:\Projects\NsBase\vendor\laravel\framework\src\Illuminate\Foundation\Http\Middleware\ConvertEmptyStringsToNull.php(31): Illuminate\Foundation\Http\Middleware\TransformsRequest->handle(Object(Illuminate\Http\Request), Object(Closure))
#33 E:\Projects\NsBase\vendor\laravel\framework\src\Illuminate\Pipeline\Pipeline.php(219): Illuminate\Foundation\Http\Middleware\ConvertEmptyStringsToNull->handle(Object(Illuminate\Http\Request), Object(Closure))
#34 E:\Projects\NsBase\vendor\laravel\framework\src\Illuminate\Foundation\Http\Middleware\TransformsRequest.php(21): Illuminate\Pipeline\Pipeline->Illuminate\Pipeline\{closure}(Object(Illuminate\Http\Request))
#35 E:\Projects\NsBase\vendor\laravel\framework\src\Illuminate\Foundation\Http\Middleware\TrimStrings.php(51): Illuminate\Foundation\Http\Middleware\TransformsRequest->handle(Object(Illuminate\Http\Request), Object(Closure))
#36 E:\Projects\NsBase\vendor\laravel\framework\src\Illuminate\Pipeline\Pipeline.php(219): Illuminate\Foundation\Http\Middleware\TrimStrings->handle(Object(Illuminate\Http\Request), Object(Closure))
#37 E:\Projects\NsBase\vendor\laravel\framework\src\Illuminate\Http\Middleware\ValidatePostSize.php(27): Illuminate\Pipeline\Pipeline->Illuminate\Pipeline\{closure}(Object(Illuminate\Http\Request))
#38 E:\Projects\NsBase\vendor\laravel\framework\src\Illuminate\Pipeline\Pipeline.php(219): Illuminate\Http\Middleware\ValidatePostSize->handle(Object(Illuminate\Http\Request), Object(Closure))
#39 E:\Projects\NsBase\vendor\laravel\framework\src\Illuminate\Foundation\Http\Middleware\PreventRequestsDuringMaintenance.php(109): Illuminate\Pipeline\Pipeline->Illuminate\Pipeline\{closure}(Object(Illuminate\Http\Request))
#40 E:\Projects\NsBase\vendor\laravel\framework\src\Illuminate\Pipeline\Pipeline.php(219): Illuminate\Foundation\Http\Middleware\PreventRequestsDuringMaintenance->handle(Object(Illuminate\Http\Request), Object(Closure))
#41 E:\Projects\NsBase\vendor\laravel\framework\src\Illuminate\Http\Middleware\HandleCors.php(74): Illuminate\Pipeline\Pipeline->Illuminate\Pipeline\{closure}(Object(Illuminate\Http\Request))
#42 E:\Projects\NsBase\vendor\laravel\framework\src\Illuminate\Pipeline\Pipeline.php(219): Illuminate\Http\Middleware\HandleCors->handle(Object(Illuminate\Http\Request), Object(Closure))
#43 E:\Projects\NsBase\vendor\laravel\framework\src\Illuminate\Http\Middleware\TrustProxies.php(58): Illuminate\Pipeline\Pipeline->Illuminate\Pipeline\{closure}(Object(Illuminate\Http\Request))
#44 E:\Projects\NsBase\vendor\laravel\framework\src\Illuminate\Pipeline\Pipeline.php(219): Illuminate\Http\Middleware\TrustProxies->handle(Object(Illuminate\Http\Request), Object(Closure))
#45 E:\Projects\NsBase\vendor\laravel\framework\src\Illuminate\Foundation\Http\Middleware\InvokeDeferredCallbacks.php(22): Illuminate\Pipeline\Pipeline->Illuminate\Pipeline\{closure}(Object(Illuminate\Http\Request))
#46 E:\Projects\NsBase\vendor\laravel\framework\src\Illuminate\Pipeline\Pipeline.php(219): Illuminate\Foundation\Http\Middleware\InvokeDeferredCallbacks->handle(Object(Illuminate\Http\Request), Object(Closure))
#47 E:\Projects\NsBase\vendor\laravel\framework\src\Illuminate\Http\Middleware\ValidatePathEncoding.php(28): Illuminate\Pipeline\Pipeline->Illuminate\Pipeline\{closure}(Object(Illuminate\Http\Request))
#48 E:\Projects\NsBase\vendor\laravel\framework\src\Illuminate\Pipeline\Pipeline.php(219): Illuminate\Http\Middleware\ValidatePathEncoding->handle(Object(Illuminate\Http\Request), Object(Closure))
#49 E:\Projects\NsBase\vendor\laravel\framework\src\Illuminate\Pipeline\Pipeline.php(137): Illuminate\Pipeline\Pipeline->Illuminate\Pipeline\{closure}(Object(Illuminate\Http\Request))
#50 E:\Projects\NsBase\vendor\laravel\framework\src\Illuminate\Foundation\Http\Kernel.php(175): Illuminate\Pipeline\Pipeline->then(Object(Closure))
#51 E:\Projects\NsBase\vendor\laravel\framework\src\Illuminate\Foundation\Http\Kernel.php(144): Illuminate\Foundation\Http\Kernel->sendRequestThroughRouter(Object(Illuminate\Http\Request))
#52 E:\Projects\NsBase\vendor\laravel\framework\src\Illuminate\Foundation\Testing\Concerns\MakesHttpRequests.php(607): Illuminate\Foundation\Http\Kernel->handle(Object(Illuminate\Http\Request))
#53 E:\Projects\NsBase\vendor\laravel\framework\src\Illuminate\Foundation\Testing\Concerns\MakesHttpRequests.php(573): Illuminate\Foundation\Testing\TestCase->call('POST', '/api/media', Array, Array, Array, Array, '[]')
#54 E:\Projects\NsBase\vendor\laravel\framework\src\Illuminate\Foundation\Testing\Concerns\MakesHttpRequests.php(411): Illuminate\Foundation\Testing\TestCase->json('POST', '/api/media', Array, Array, 0)
#55 E:\Projects\NsBase\tests\Feature\ApiTest.php(457): Illuminate\Foundation\Testing\TestCase->postJson('/api/media', Array)
#56 E:\Projects\NsBase\vendor\phpunit\phpunit\src\Framework\TestCase.php(1314): Tests\Feature\ApiTest->test_admin_can_delete_media()
#57 E:\Projects\NsBase\vendor\phpunit\phpunit\src\Framework\TestCase.php(1351): PHPUnit\Framework\TestCase->invokeTestMethod('test_admin_can_...', Array)
#58 E:\Projects\NsBase\vendor\phpunit\phpunit\src\Framework\TestCase.php(521): PHPUnit\Framework\TestCase->runTest()
#59 E:\Projects\NsBase\vendor\phpunit\phpunit\src\Framework\TestRunner\TestRunner.php(99): PHPUnit\Framework\TestCase->runBare()
#60 E:\Projects\NsBase\vendor\phpunit\phpunit\src\Framework\TestCase.php(361): PHPUnit\Framework\TestRunner->run(Object(Tests\Feature\ApiTest))
#61 E:\Projects\NsBase\vendor\phpunit\phpunit\src\Framework\TestSuite.php(374): PHPUnit\Framework\TestCase->run()
#62 E:\Projects\NsBase\vendor\phpunit\phpunit\src\TextUI\TestRunner.php(64): PHPUnit\Framework\TestSuite->run()
#63 E:\Projects\NsBase\vendor\phpunit\phpunit\src\TextUI\Application.php(229): PHPUnit\TextUI\TestRunner->run(Object(PHPUnit\TextUI\Configuration\Configuration), Object(PHPUnit\Runner\ResultCache\DefaultResultCache), Object(PHPUnit\Framework\TestSuite))
#64 E:\Projects\NsBase\vendor\phpunit\phpunit\phpunit(104): PHPUnit\TextUI\Application->run(Array)
#65 {main}

----------------------------------------------------------------------------------

There is no permission named `media.create` for guard `sanctum`.[39;22m

  at [32mtests\Feature\ApiTest.php[39m:[32m462[39m
    458Ôûò         $mediaId = $response->json('data.id');
    459Ôûò 
    460Ôûò         $this->actingAs($this->admin, 'sanctum')
    461Ôûò             ->deleteJson("/api/media/{$mediaId}")
  Ô×£ 462Ôûò             ->assertOk();
    463Ôûò     }
    464Ôûò 
    465Ôûò     public function test_media_requires_file()
    466Ôûò     {


  [90mTests:[39m    [31;1m24 failed[39;22m[90m,[39m[39m [39m[32;1m25 passed[39;22m[90m (62 assertions)[39m
  [90mDuration:[39m [39m4.28s[39m

